17:02:37 **** Incremental Build of configuration Debug for project Lab1_444 ****
make -j16 all 
arm-none-eabi-gcc "../Core/Src/cSquareRoot.c" -mcpu=cortex-m4 -std=gnu11 -g3 -DDEBUG -DUSE_HAL_DRIVER -DSTM32L4S5xx -c -I../Core/Inc -I../Drivers/STM32L4xx_HAL_Driver/Inc -I../Drivers/STM32L4xx_HAL_Driver/Inc/Legacy -I../Drivers/CMSIS/Device/ST/STM32L4xx/Include -I../Drivers/CMSIS/Include -O0 -ffunction-sections -fdata-sections -Wall -fstack-usage -fcyclomatic-complexity -MMD -MP -MF"Core/Src/cSquareRoot.d" -MT"Core/Src/cSquareRoot.o" --specs=nano.specs -mfpu=fpv4-sp-d16 -mfloat-abi=hard -mthumb -o "Core/Src/cSquareRoot.o"
arm-none-eabi-gcc "../Core/Src/main.c" -mcpu=cortex-m4 -std=gnu11 -g3 -DDEBUG -DUSE_HAL_DRIVER -DSTM32L4S5xx -c -I../Core/Inc -I../Drivers/STM32L4xx_HAL_Driver/Inc -I../Drivers/STM32L4xx_HAL_Driver/Inc/Legacy -I../Drivers/CMSIS/Device/ST/STM32L4xx/Include -I../Drivers/CMSIS/Include -O0 -ffunction-sections -fdata-sections -Wall -fstack-usage -fcyclomatic-complexity -MMD -MP -MF"Core/Src/main.d" -MT"Core/Src/main.o" --specs=nano.specs -mfpu=fpv4-sp-d16 -mfloat-abi=hard -mthumb -o "Core/Src/main.o"
../Core/Src/main.c: In function 'main':
../Core/Src/main.c:97:9: warning: unused variable 'array' [-Wunused-variable]
   97 |   float array[10] = {48.21, 79.48, 24.27, 28.82, 78.24, 88.49, 31.19, 5.52, 82.70, 77.73};
      |         ^~~~~
../Core/Src/main.c:95:12: warning: unused variable 'maxIndex' [-Wunused-variable]
   95 |   uint32_t maxIndex;
      |            ^~~~~~~~
../Core/Src/main.c:94:9: warning: unused variable 'max' [-Wunused-variable]
   94 |   float max = 0;
      |         ^~~
arm-none-eabi-gcc -o "Lab1_444.elf" @"objects.list"  -larm_cortexM4lf_math -mcpu=cortex-m4 -T"C:\Applications\STM32CubeIDE\ECSE444_Workspace\Lab1_444\STM32L4S5VITX_FLASH.ld" --specs=nosys.specs -Wl,-Map="Lab1_444.map" -Wl,--gc-sections -static -L"C:\Applications\STM32CubeIDE\ECSE444_Workspace\Lab1_444\Core\Lib" --specs=nano.specs -mfpu=fpv4-sp-d16 -mfloat-abi=hard -mthumb -Wl,--start-group -lc -lm -Wl,--end-group
Finished building target: Lab1_444.elf
 
arm-none-eabi-size  Lab1_444.elf 
arm-none-eabi-objdump -h -S Lab1_444.elf  > "Lab1_444.list"
   text	   data	    bss	    dec	    hex	filename
   8500	     12	   1572	  10084	   2764	Lab1_444.elf
Finished building: default.size.stdout
 
Finished building: Lab1_444.list
 
17:02:45 **** Incremental Build of configuration Debug for project Lab1_444 ****
make -j16 all 
arm-none-eabi-size  Lab1_444.elf 
   text	   data	    bss	    dec	    hex	filename
   8500	     12	   1572	  10084	   2764	Lab1_444.elf
Finished building: default.size.stdout
 
17:03:12 **** Incremental Build of configuration Debug for project Lab1_444 ****
make -j16 all 
arm-none-eabi-size  Lab1_444.elf 
   text	   data	    bss	    dec	    hex	filename
   8500	     12	   1572	  10084	   2764	Lab1_444.elf
Finished building: default.size.stdout
 
17:06:44 **** Incremental Build of configuration Debug for project Lab1_444 ****
make -j16 all 
arm-none-eabi-gcc "../Core/Src/main.c" -mcpu=cortex-m4 -std=gnu11 -g3 -DDEBUG -DUSE_HAL_DRIVER -DSTM32L4S5xx -c -I../Core/Inc -I../Drivers/STM32L4xx_HAL_Driver/Inc -I../Drivers/STM32L4xx_HAL_Driver/Inc/Legacy -I../Drivers/CMSIS/Device/ST/STM32L4xx/Include -I../Drivers/CMSIS/Include -O0 -ffunction-sections -fdata-sections -Wall -fstack-usage -fcyclomatic-complexity -MMD -MP -MF"Core/Src/main.d" -MT"Core/Src/main.o" --specs=nano.specs -mfpu=fpv4-sp-d16 -mfloat-abi=hard -mthumb -o "Core/Src/main.o"
../Core/Src/main.c: In function 'main':
../Core/Src/main.c:97:9: warning: unused variable 'array' [-Wunused-variable]
   97 |   float array[10] = {48.21, 79.48, 24.27, 28.82, 78.24, 88.49, 31.19, 5.52, 82.70, 77.73};
      |         ^~~~~
../Core/Src/main.c:95:12: warning: unused variable 'maxIndex' [-Wunused-variable]
   95 |   uint32_t maxIndex;
      |            ^~~~~~~~
../Core/Src/main.c:94:9: warning: unused variable 'max' [-Wunused-variable]
   94 |   float max = 0;
      |         ^~~
arm-none-eabi-gcc -o "Lab1_444.elf" @"objects.list"  -larm_cortexM4lf_math -mcpu=cortex-m4 -T"C:\Applications\STM32CubeIDE\ECSE444_Workspace\Lab1_444\STM32L4S5VITX_FLASH.ld" --specs=nosys.specs -Wl,-Map="Lab1_444.map" -Wl,--gc-sections -static -L"C:\Applications\STM32CubeIDE\ECSE444_Workspace\Lab1_444\Core\Lib" --specs=nano.specs -mfpu=fpv4-sp-d16 -mfloat-abi=hard -mthumb -Wl,--start-group -lc -lm -Wl,--end-group
Finished building target: Lab1_444.elf
 
arm-none-eabi-size  Lab1_444.elf 
arm-none-eabi-objdump -h -S Lab1_444.elf  > "Lab1_444.list"
   text	   data	    bss	    dec	    hex	filename
   8664	     92	   1884	  10640	   2990	Lab1_444.elf
Finished building: default.size.stdout
 
Finished building: Lab1_444.list
 
17:06:58 **** Incremental Build of configuration Debug for project Lab1_444 ****
make -j16 all 
arm-none-eabi-size  Lab1_444.elf 
   text	   data	    bss	    dec	    hex	filename
   8664	     92	   1884	  10640	   2990	Lab1_444.elf
Finished building: default.size.stdout
 
17:10:22 **** Incremental Build of configuration Debug for project Lab1_444 ****
make -j16 all 
arm-none-eabi-size  Lab1_444.elf 
   text	   data	    bss	    dec	    hex	filename
   8664	     92	   1884	  10640	   2990	Lab1_444.elf
Finished building: default.size.stdout
 
17:13:24 **** Incremental Build of configuration Debug for project Lab1_444 ****
make -j16 all 
arm-none-eabi-gcc "../Core/Src/main.c" -mcpu=cortex-m4 -std=gnu11 -g3 -DDEBUG -DUSE_HAL_DRIVER -DSTM32L4S5xx -c -I../Core/Inc -I../Drivers/STM32L4xx_HAL_Driver/Inc -I../Drivers/STM32L4xx_HAL_Driver/Inc/Legacy -I../Drivers/CMSIS/Device/ST/STM32L4xx/Include -I../Drivers/CMSIS/Include -O0 -ffunction-sections -fdata-sections -Wall -fstack-usage -fcyclomatic-complexity -MMD -MP -MF"Core/Src/main.d" -MT"Core/Src/main.o" --specs=nano.specs -mfpu=fpv4-sp-d16 -mfloat-abi=hard -mthumb -o "Core/Src/main.o"
../Core/Src/main.c: In function 'main':
../Core/Src/main.c:97:9: warning: unused variable 'array' [-Wunused-variable]
   97 |   float array[10] = {48.21, 79.48, 24.27, 28.82, 78.24, 88.49, 31.19, 5.52, 82.70, 77.73};
      |         ^~~~~
../Core/Src/main.c:95:12: warning: unused variable 'maxIndex' [-Wunused-variable]
   95 |   uint32_t maxIndex;
      |            ^~~~~~~~
../Core/Src/main.c:94:9: warning: unused variable 'max' [-Wunused-variable]
   94 |   float max = 0;
      |         ^~~
arm-none-eabi-gcc -o "Lab1_444.elf" @"objects.list"  -larm_cortexM4lf_math -mcpu=cortex-m4 -T"C:\Applications\STM32CubeIDE\ECSE444_Workspace\Lab1_444\STM32L4S5VITX_FLASH.ld" --specs=nosys.specs -Wl,-Map="Lab1_444.map" -Wl,--gc-sections -static -L"C:\Applications\STM32CubeIDE\ECSE444_Workspace\Lab1_444\Core\Lib" --specs=nano.specs -mfpu=fpv4-sp-d16 -mfloat-abi=hard -mthumb -Wl,--start-group -lc -lm -Wl,--end-group
Finished building target: Lab1_444.elf
 
arm-none-eabi-size  Lab1_444.elf 
arm-none-eabi-objdump -h -S Lab1_444.elf  > "Lab1_444.list"
   text	   data	    bss	    dec	    hex	filename
   8652	     92	   1884	  10628	   2984	Lab1_444.elf
Finished building: default.size.stdout
 
Finished building: Lab1_444.list
 
17:16:57 **** Incremental Build of configuration Debug for project Lab1_444 ****
make -j16 all 
arm-none-eabi-gcc "../Core/Src/cSquareRoot.c" -mcpu=cortex-m4 -std=gnu11 -g3 -DDEBUG -DUSE_HAL_DRIVER -DSTM32L4S5xx -c -I../Core/Inc -I../Drivers/STM32L4xx_HAL_Driver/Inc -I../Drivers/STM32L4xx_HAL_Driver/Inc/Legacy -I../Drivers/CMSIS/Device/ST/STM32L4xx/Include -I../Drivers/CMSIS/Include -O0 -ffunction-sections -fdata-sections -Wall -fstack-usage -fcyclomatic-complexity -MMD -MP -MF"Core/Src/cSquareRoot.d" -MT"Core/Src/cSquareRoot.o" --specs=nano.specs -mfpu=fpv4-sp-d16 -mfloat-abi=hard -mthumb -o "Core/Src/cSquareRoot.o"
arm-none-eabi-gcc -o "Lab1_444.elf" @"objects.list"  -larm_cortexM4lf_math -mcpu=cortex-m4 -T"C:\Applications\STM32CubeIDE\ECSE444_Workspace\Lab1_444\STM32L4S5VITX_FLASH.ld" --specs=nosys.specs -Wl,-Map="Lab1_444.map" -Wl,--gc-sections -static -L"C:\Applications\STM32CubeIDE\ECSE444_Workspace\Lab1_444\Core\Lib" --specs=nano.specs -mfpu=fpv4-sp-d16 -mfloat-abi=hard -mthumb -Wl,--start-group -lc -lm -Wl,--end-group
Finished building target: Lab1_444.elf
 
arm-none-eabi-size  Lab1_444.elf 
arm-none-eabi-objdump -h -S Lab1_444.elf  > "Lab1_444.list"
   text	   data	    bss	    dec	    hex	filename
   8644	     92	   1884	  10620	   297c	Lab1_444.elf
Finished building: default.size.stdout
 
Finished building: Lab1_444.list
 
17:22:02 **** Incremental Build of configuration Debug for project Lab1_444 ****
make -j16 all 
arm-none-eabi-gcc "../Core/Src/main.c" -mcpu=cortex-m4 -std=gnu11 -g3 -DDEBUG -DUSE_HAL_DRIVER -DSTM32L4S5xx -c -I../Core/Inc -I../Drivers/STM32L4xx_HAL_Driver/Inc -I../Drivers/STM32L4xx_HAL_Driver/Inc/Legacy -I../Drivers/CMSIS/Device/ST/STM32L4xx/Include -I../Drivers/CMSIS/Include -O0 -ffunction-sections -fdata-sections -Wall -fstack-usage -fcyclomatic-complexity -MMD -MP -MF"Core/Src/main.d" -MT"Core/Src/main.o" --specs=nano.specs -mfpu=fpv4-sp-d16 -mfloat-abi=hard -mthumb -o "Core/Src/main.o"
../Core/Src/main.c: In function 'main':
../Core/Src/main.c:97:9: warning: unused variable 'array' [-Wunused-variable]
   97 |   float array[10] = {48.21, 79.48, 24.27, 28.82, 78.24, 88.49, 31.19, 5.52, 82.70, 77.73};
      |         ^~~~~
../Core/Src/main.c:95:12: warning: unused variable 'maxIndex' [-Wunused-variable]
   95 |   uint32_t maxIndex;
      |            ^~~~~~~~
../Core/Src/main.c:94:9: warning: unused variable 'max' [-Wunused-variable]
   94 |   float max = 0;
      |         ^~~
arm-none-eabi-gcc -o "Lab1_444.elf" @"objects.list"  -larm_cortexM4lf_math -mcpu=cortex-m4 -T"C:\Applications\STM32CubeIDE\ECSE444_Workspace\Lab1_444\STM32L4S5VITX_FLASH.ld" --specs=nosys.specs -Wl,-Map="Lab1_444.map" -Wl,--gc-sections -static -L"C:\Applications\STM32CubeIDE\ECSE444_Workspace\Lab1_444\Core\Lib" --specs=nano.specs -mfpu=fpv4-sp-d16 -mfloat-abi=hard -mthumb -Wl,--start-group -lc -lm -Wl,--end-group
Finished building target: Lab1_444.elf
 
arm-none-eabi-size  Lab1_444.elf 
arm-none-eabi-objdump -h -S Lab1_444.elf  > "Lab1_444.list"
   text	   data	    bss	    dec	    hex	filename
   8636	     92	   1884	  10612	   2974	Lab1_444.elf
Finished building: default.size.stdout
 
Finished building: Lab1_444.list
 
17:25:49 **** Incremental Build of configuration Debug for project Lab1_444 ****
make -j16 all 
arm-none-eabi-gcc "../Core/Src/main.c" -mcpu=cortex-m4 -std=gnu11 -g3 -DDEBUG -DUSE_HAL_DRIVER -DSTM32L4S5xx -c -I../Core/Inc -I../Drivers/STM32L4xx_HAL_Driver/Inc -I../Drivers/STM32L4xx_HAL_Driver/Inc/Legacy -I../Drivers/CMSIS/Device/ST/STM32L4xx/Include -I../Drivers/CMSIS/Include -O0 -ffunction-sections -fdata-sections -Wall -fstack-usage -fcyclomatic-complexity -MMD -MP -MF"Core/Src/main.d" -MT"Core/Src/main.o" --specs=nano.specs -mfpu=fpv4-sp-d16 -mfloat-abi=hard -mthumb -o "Core/Src/main.o"
../Core/Src/main.c: In function 'main':
../Core/Src/main.c:97:9: warning: unused variable 'array' [-Wunused-variable]
   97 |   float array[10] = {48.21, 79.48, 24.27, 28.82, 78.24, 88.49, 31.19, 5.52, 82.70, 77.73};
      |         ^~~~~
../Core/Src/main.c:95:12: warning: unused variable 'maxIndex' [-Wunused-variable]
   95 |   uint32_t maxIndex;
      |            ^~~~~~~~
../Core/Src/main.c:94:9: warning: unused variable 'max' [-Wunused-variable]
   94 |   float max = 0;
      |         ^~~
arm-none-eabi-gcc -o "Lab1_444.elf" @"objects.list"  -larm_cortexM4lf_math -mcpu=cortex-m4 -T"C:\Applications\STM32CubeIDE\ECSE444_Workspace\Lab1_444\STM32L4S5VITX_FLASH.ld" --specs=nosys.specs -Wl,-Map="Lab1_444.map" -Wl,--gc-sections -static -L"C:\Applications\STM32CubeIDE\ECSE444_Workspace\Lab1_444\Core\Lib" --specs=nano.specs -mfpu=fpv4-sp-d16 -mfloat-abi=hard -mthumb -Wl,--start-group -lc -lm -Wl,--end-group
Finished building target: Lab1_444.elf
 
arm-none-eabi-size  Lab1_444.elf 
arm-none-eabi-objdump -h -S Lab1_444.elf  > "Lab1_444.list"
   text	   data	    bss	    dec	    hex	filename
   8644	     92	   1884	  10620	   297c	Lab1_444.elf
Finished building: default.size.stdout
 
Finished building: Lab1_444.list
 
17:32:40 **** Incremental Build of configuration Debug for project Lab1_444 ****
make -j16 all 
arm-none-eabi-gcc "../Core/Src/cSquareRoot.c" -mcpu=cortex-m4 -std=gnu11 -g3 -DDEBUG -DUSE_HAL_DRIVER -DSTM32L4S5xx -c -I../Core/Inc -I../Drivers/STM32L4xx_HAL_Driver/Inc -I../Drivers/STM32L4xx_HAL_Driver/Inc/Legacy -I../Drivers/CMSIS/Device/ST/STM32L4xx/Include -I../Drivers/CMSIS/Include -O0 -ffunction-sections -fdata-sections -Wall -fstack-usage -fcyclomatic-complexity -MMD -MP -MF"Core/Src/cSquareRoot.d" -MT"Core/Src/cSquareRoot.o" --specs=nano.specs -mfpu=fpv4-sp-d16 -mfloat-abi=hard -mthumb -o "Core/Src/cSquareRoot.o"
arm-none-eabi-gcc -o "Lab1_444.elf" @"objects.list"  -larm_cortexM4lf_math -mcpu=cortex-m4 -T"C:\Applications\STM32CubeIDE\ECSE444_Workspace\Lab1_444\STM32L4S5VITX_FLASH.ld" --specs=nosys.specs -Wl,-Map="Lab1_444.map" -Wl,--gc-sections -static -L"C:\Applications\STM32CubeIDE\ECSE444_Workspace\Lab1_444\Core\Lib" --specs=nano.specs -mfpu=fpv4-sp-d16 -mfloat-abi=hard -mthumb -Wl,--start-group -lc -lm -Wl,--end-group
Finished building target: Lab1_444.elf
 
arm-none-eabi-size  Lab1_444.elf 
arm-none-eabi-objdump -h -S Lab1_444.elf  > "Lab1_444.list"
   text	   data	    bss	    dec	    hex	filename
   6200	     92	   1884	   8176	   1ff0	Lab1_444.elf
Finished building: default.size.stdout
 
Finished building: Lab1_444.list
 
12:09:42 **** Incremental Build of configuration Debug for project Lab1_444 ****
make -j16 all 
arm-none-eabi-gcc -mcpu=cortex-m4 -g3 -DDEBUG -c -x assembler-with-cpp -MMD -MP -MF"Core/Src/armSquareRoot.d" -MT"Core/Src/armSquareRoot.o" --specs=nano.specs -mfpu=fpv4-sp-d16 -mfloat-abi=hard -mthumb -o "Core/Src/armSquareRoot.o" "../Core/Src/armSquareRoot.s"
arm-none-eabi-gcc "../Core/Src/main.c" -mcpu=cortex-m4 -std=gnu11 -g3 -DDEBUG -DUSE_HAL_DRIVER -DSTM32L4S5xx -c -I../Core/Inc -I../Drivers/STM32L4xx_HAL_Driver/Inc -I../Drivers/STM32L4xx_HAL_Driver/Inc/Legacy -I../Drivers/CMSIS/Device/ST/STM32L4xx/Include -I../Drivers/CMSIS/Include -O0 -ffunction-sections -fdata-sections -Wall -fstack-usage -fcyclomatic-complexity -MMD -MP -MF"Core/Src/main.d" -MT"Core/Src/main.o" --specs=nano.specs -mfpu=fpv4-sp-d16 -mfloat-abi=hard -mthumb -o "Core/Src/main.o"
../Core/Src/main.c: In function 'main':
../Core/Src/main.c:124:17: warning: implicit declaration of function 'cSquareRoot'; did you mean 'squareRoot'? [-Wimplicit-function-declaration]
  124 |                 cSquareRoot(x2, &result2);
      |                 ^~~~~~~~~~~
      |                 squareRoot
../Core/Src/main.c:97:9: warning: unused variable 'array' [-Wunused-variable]
   97 |   float array[10] = {48.21, 79.48, 24.27, 28.82, 78.24, 88.49, 31.19, 5.52, 82.70, 77.73};
      |         ^~~~~
../Core/Src/main.c:95:12: warning: unused variable 'maxIndex' [-Wunused-variable]
   95 |   uint32_t maxIndex;
      |            ^~~~~~~~
../Core/Src/main.c:94:9: warning: unused variable 'max' [-Wunused-variable]
   94 |   float max = 0;
      |         ^~~
arm-none-eabi-gcc -o "Lab1_444.elf" @"objects.list"  -larm_cortexM4lf_math -mcpu=cortex-m4 -T"C:\Applications\STM32CubeIDE\ECSE444_Workspace\Lab1_444\STM32L4S5VITX_FLASH.ld" --specs=nosys.specs -Wl,-Map="Lab1_444.map" -Wl,--gc-sections -static -L"C:\Applications\STM32CubeIDE\ECSE444_Workspace\Lab1_444\Core\Lib" --specs=nano.specs -mfpu=fpv4-sp-d16 -mfloat-abi=hard -mthumb -Wl,--start-group -lc -lm -Wl,--end-group
C:/Applications/STM32CubeIDE/STM32CubeIDE_1.18.1/STM32CubeIDE/plugins/com.st.stm32cube.ide.mcu.externaltools.gnu-tools-for-stm32.13.3.rel1.win32_1.0.0.202411081344/tools/bin/../lib/gcc/arm-none-eabi/13.3.1/../../../../arm-none-eabi/bin/ld.exe: ./Core/Src/main.o: in function `main':
C:/Applications/STM32CubeIDE/ECSE444_Workspace/Lab1_444/Debug/../Core/Src/main.c:124:(.text.main+0xd6): undefined reference to `cSquareRoot'
collect2.exe: error: ld returned 1 exit status
make: *** [makefile:64: Lab1_444.elf] Error 1
"make -j16 all" terminated with exit code 2. Build might be incomplete.
12:10:10 **** Incremental Build of configuration Debug for project Lab1_444 ****
make -j16 all 
arm-none-eabi-gcc "../Core/Src/main.c" -mcpu=cortex-m4 -std=gnu11 -g3 -DDEBUG -DUSE_HAL_DRIVER -DSTM32L4S5xx -c -I../Core/Inc -I../Drivers/STM32L4xx_HAL_Driver/Inc -I../Drivers/STM32L4xx_HAL_Driver/Inc/Legacy -I../Drivers/CMSIS/Device/ST/STM32L4xx/Include -I../Drivers/CMSIS/Include -O0 -ffunction-sections -fdata-sections -Wall -fstack-usage -fcyclomatic-complexity -MMD -MP -MF"Core/Src/main.d" -MT"Core/Src/main.o" --specs=nano.specs -mfpu=fpv4-sp-d16 -mfloat-abi=hard -mthumb -o "Core/Src/main.o"
../Core/Src/main.c: In function 'main':
../Core/Src/main.c:97:9: warning: unused variable 'array' [-Wunused-variable]
   97 |   float array[10] = {48.21, 79.48, 24.27, 28.82, 78.24, 88.49, 31.19, 5.52, 82.70, 77.73};
      |         ^~~~~
../Core/Src/main.c:95:12: warning: unused variable 'maxIndex' [-Wunused-variable]
   95 |   uint32_t maxIndex;
      |            ^~~~~~~~
../Core/Src/main.c:94:9: warning: unused variable 'max' [-Wunused-variable]
   94 |   float max = 0;
      |         ^~~
arm-none-eabi-gcc -o "Lab1_444.elf" @"objects.list"  -larm_cortexM4lf_math -mcpu=cortex-m4 -T"C:\Applications\STM32CubeIDE\ECSE444_Workspace\Lab1_444\STM32L4S5VITX_FLASH.ld" --specs=nosys.specs -Wl,-Map="Lab1_444.map" -Wl,--gc-sections -static -L"C:\Applications\STM32CubeIDE\ECSE444_Workspace\Lab1_444\Core\Lib" --specs=nano.specs -mfpu=fpv4-sp-d16 -mfloat-abi=hard -mthumb -Wl,--start-group -lc -lm -Wl,--end-group
Finished building target: Lab1_444.elf
 
arm-none-eabi-size  Lab1_444.elf 
arm-none-eabi-objdump -h -S Lab1_444.elf  > "Lab1_444.list"
   text	   data	    bss	    dec	    hex	filename
   6200	     92	   1884	   8176	   1ff0	Lab1_444.elf
Finished building: default.size.stdout
 
Finished building: Lab1_444.list
 
18:16:36 **** Incremental Build of configuration Debug for project Lab1_444 ****
make -j16 all 
arm-none-eabi-gcc -mcpu=cortex-m4 -g3 -DDEBUG -c -x assembler-with-cpp -MMD -MP -MF"Core/Src/armCosine.d" -MT"Core/Src/armCosine.o" --specs=nano.specs -mfpu=fpv4-sp-d16 -mfloat-abi=hard -mthumb -o "Core/Src/armCosine.o" "../Core/Src/armCosine.s"
arm-none-eabi-gcc -mcpu=cortex-m4 -g3 -DDEBUG -c -x assembler-with-cpp -MMD -MP -MF"Core/Src/armSquareRoot.d" -MT"Core/Src/armSquareRoot.o" --specs=nano.specs -mfpu=fpv4-sp-d16 -mfloat-abi=hard -mthumb -o "Core/Src/armSquareRoot.o" "../Core/Src/armSquareRoot.s"
arm-none-eabi-gcc -mcpu=cortex-m4 -g3 -DDEBUG -c -x assembler-with-cpp -MMD -MP -MF"Core/Src/armSquareRoot2.d" -MT"Core/Src/armSquareRoot2.o" --specs=nano.specs -mfpu=fpv4-sp-d16 -mfloat-abi=hard -mthumb -o "Core/Src/armSquareRoot2.o" "../Core/Src/armSquareRoot2.s"
arm-none-eabi-gcc -mcpu=cortex-m4 -g3 -DDEBUG -c -x assembler-with-cpp -MMD -MP -MF"Core/Src/asmMax.d" -MT"Core/Src/asmMax.o" --specs=nano.specs -mfpu=fpv4-sp-d16 -mfloat-abi=hard -mthumb -o "Core/Src/asmMax.o" "../Core/Src/asmMax.s"
arm-none-eabi-gcc "../Core/Src/cSquareRoot.c" -mcpu=cortex-m4 -std=gnu11 -g3 -DDEBUG -DUSE_HAL_DRIVER -DSTM32L4S5xx -c -I../Core/Inc -I../Drivers/STM32L4xx_HAL_Driver/Inc -I../Drivers/STM32L4xx_HAL_Driver/Inc/Legacy -I../Drivers/CMSIS/Device/ST/STM32L4xx/Include -I../Drivers/CMSIS/Include -O0 -ffunction-sections -fdata-sections -Wall -fstack-usage -fcyclomatic-complexity -MMD -MP -MF"Core/Src/cSquareRoot.d" -MT"Core/Src/cSquareRoot.o" --specs=nano.specs -mfpu=fpv4-sp-d16 -mfloat-abi=hard -mthumb -o "Core/Src/cSquareRoot.o"
arm-none-eabi-gcc "../Core/Src/cmax.c" -mcpu=cortex-m4 -std=gnu11 -g3 -DDEBUG -DUSE_HAL_DRIVER -DSTM32L4S5xx -c -I../Core/Inc -I../Drivers/STM32L4xx_HAL_Driver/Inc -I../Drivers/STM32L4xx_HAL_Driver/Inc/Legacy -I../Drivers/CMSIS/Device/ST/STM32L4xx/Include -I../Drivers/CMSIS/Include -O0 -ffunction-sections -fdata-sections -Wall -fstack-usage -fcyclomatic-complexity -MMD -MP -MF"Core/Src/cmax.d" -MT"Core/Src/cmax.o" --specs=nano.specs -mfpu=fpv4-sp-d16 -mfloat-abi=hard -mthumb -o "Core/Src/cmax.o"
arm-none-eabi-gcc "../Core/Src/main.c" -mcpu=cortex-m4 -std=gnu11 -g3 -DDEBUG -DUSE_HAL_DRIVER -DSTM32L4S5xx -c -I../Core/Inc -I../Drivers/STM32L4xx_HAL_Driver/Inc -I../Drivers/STM32L4xx_HAL_Driver/Inc/Legacy -I../Drivers/CMSIS/Device/ST/STM32L4xx/Include -I../Drivers/CMSIS/Include -O0 -ffunction-sections -fdata-sections -Wall -fstack-usage -fcyclomatic-complexity -MMD -MP -MF"Core/Src/main.d" -MT"Core/Src/main.o" --specs=nano.specs -mfpu=fpv4-sp-d16 -mfloat-abi=hard -mthumb -o "Core/Src/main.o"
arm-none-eabi-gcc "../Core/Src/stm32l4xx_hal_msp.c" -mcpu=cortex-m4 -std=gnu11 -g3 -DDEBUG -DUSE_HAL_DRIVER -DSTM32L4S5xx -c -I../Core/Inc -I../Drivers/STM32L4xx_HAL_Driver/Inc -I../Drivers/STM32L4xx_HAL_Driver/Inc/Legacy -I../Drivers/CMSIS/Device/ST/STM32L4xx/Include -I../Drivers/CMSIS/Include -O0 -ffunction-sections -fdata-sections -Wall -fstack-usage -fcyclomatic-complexity -MMD -MP -MF"Core/Src/stm32l4xx_hal_msp.d" -MT"Core/Src/stm32l4xx_hal_msp.o" --specs=nano.specs -mfpu=fpv4-sp-d16 -mfloat-abi=hard -mthumb -o "Core/Src/stm32l4xx_hal_msp.o"
arm-none-eabi-gcc "../Core/Src/stm32l4xx_it.c" -mcpu=cortex-m4 -std=gnu11 -g3 -DDEBUG -DUSE_HAL_DRIVER -DSTM32L4S5xx -c -I../Core/Inc -I../Drivers/STM32L4xx_HAL_Driver/Inc -I../Drivers/STM32L4xx_HAL_Driver/Inc/Legacy -I../Drivers/CMSIS/Device/ST/STM32L4xx/Include -I../Drivers/CMSIS/Include -O0 -ffunction-sections -fdata-sections -Wall -fstack-usage -fcyclomatic-complexity -MMD -MP -MF"Core/Src/stm32l4xx_it.d" -MT"Core/Src/stm32l4xx_it.o" --specs=nano.specs -mfpu=fpv4-sp-d16 -mfloat-abi=hard -mthumb -o "Core/Src/stm32l4xx_it.o"
arm-none-eabi-gcc "../Core/Src/syscalls.c" -mcpu=cortex-m4 -std=gnu11 -g3 -DDEBUG -DUSE_HAL_DRIVER -DSTM32L4S5xx -c -I../Core/Inc -I../Drivers/STM32L4xx_HAL_Driver/Inc -I../Drivers/STM32L4xx_HAL_Driver/Inc/Legacy -I../Drivers/CMSIS/Device/ST/STM32L4xx/Include -I../Drivers/CMSIS/Include -O0 -ffunction-sections -fdata-sections -Wall -fstack-usage -fcyclomatic-complexity -MMD -MP -MF"Core/Src/syscalls.d" -MT"Core/Src/syscalls.o" --specs=nano.specs -mfpu=fpv4-sp-d16 -mfloat-abi=hard -mthumb -o "Core/Src/syscalls.o"
arm-none-eabi-gcc "../Core/Src/sysmem.c" -mcpu=cortex-m4 -std=gnu11 -g3 -DDEBUG -DUSE_HAL_DRIVER -DSTM32L4S5xx -c -I../Core/Inc -I../Drivers/STM32L4xx_HAL_Driver/Inc -I../Drivers/STM32L4xx_HAL_Driver/Inc/Legacy -I../Drivers/CMSIS/Device/ST/STM32L4xx/Include -I../Drivers/CMSIS/Include -O0 -ffunction-sections -fdata-sections -Wall -fstack-usage -fcyclomatic-complexity -MMD -MP -MF"Core/Src/sysmem.d" -MT"Core/Src/sysmem.o" --specs=nano.specs -mfpu=fpv4-sp-d16 -mfloat-abi=hard -mthumb -o "Core/Src/sysmem.o"
arm-none-eabi-gcc "../Core/Src/system_stm32l4xx.c" -mcpu=cortex-m4 -std=gnu11 -g3 -DDEBUG -DUSE_HAL_DRIVER -DSTM32L4S5xx -c -I../Core/Inc -I../Drivers/STM32L4xx_HAL_Driver/Inc -I../Drivers/STM32L4xx_HAL_Driver/Inc/Legacy -I../Drivers/CMSIS/Device/ST/STM32L4xx/Include -I../Drivers/CMSIS/Include -O0 -ffunction-sections -fdata-sections -Wall -fstack-usage -fcyclomatic-complexity -MMD -MP -MF"Core/Src/system_stm32l4xx.d" -MT"Core/Src/system_stm32l4xx.o" --specs=nano.specs -mfpu=fpv4-sp-d16 -mfloat-abi=hard -mthumb -o "Core/Src/system_stm32l4xx.o"
../Core/Src/main.c: In function 'main':
../Core/Src/main.c:97:9: warning: unused variable 'array' [-Wunused-variable]
   97 |   float array[10] = {48.21, 79.48, 24.27, 28.82, 78.24, 88.49, 31.19, 5.52, 82.70, 77.73};
      |         ^~~~~
../Core/Src/main.c:95:12: warning: unused variable 'maxIndex' [-Wunused-variable]
   95 |   uint32_t maxIndex;
      |            ^~~~~~~~
../Core/Src/main.c:94:9: warning: unused variable 'max' [-Wunused-variable]
   94 |   float max = 0;
      |         ^~~
arm-none-eabi-gcc -o "Lab1_444.elf" @"objects.list"  -larm_cortexM4lf_math -mcpu=cortex-m4 -T"C:\Applications\STM32CubeIDE\ECSE444_Workspace\Lab1_444\STM32L4S5VITX_FLASH.ld" --specs=nosys.specs -Wl,-Map="Lab1_444.map" -Wl,--gc-sections -static -L"C:\Applications\STM32CubeIDE\ECSE444_Workspace\Lab1_444\Core\Lib" --specs=nano.specs -mfpu=fpv4-sp-d16 -mfloat-abi=hard -mthumb -Wl,--start-group -lc -lm -Wl,--end-group
C:/Applications/STM32CubeIDE/STM32CubeIDE_1.18.1/STM32CubeIDE/plugins/com.st.stm32cube.ide.mcu.externaltools.gnu-tools-for-stm32.13.3.rel1.win32_1.0.0.202411081344/tools/bin/../lib/gcc/arm-none-eabi/13.3.1/../../../../arm-none-eabi/bin/ld.exe: ./Core/Src/main.o: in function `main':
C:/Applications/STM32CubeIDE/ECSE444_Workspace/Lab1_444/Debug/../Core/Src/main.c:116:(.text.main+0x6c): undefined reference to `armCosine'
collect2.exe: error: ld returned 1 exit status
make: *** [makefile:64: Lab1_444.elf] Error 1
"make -j16 all" terminated with exit code 2. Build might be incomplete.
18:17:47 **** Incremental Build of configuration Debug for project Lab1_444 ****
make -j16 all 
arm-none-eabi-gcc -mcpu=cortex-m4 -g3 -DDEBUG -c -x assembler-with-cpp -MMD -MP -MF"Core/Src/armCosine.d" -MT"Core/Src/armCosine.o" --specs=nano.specs -mfpu=fpv4-sp-d16 -mfloat-abi=hard -mthumb -o "Core/Src/armCosine.o" "../Core/Src/armCosine.s"
arm-none-eabi-gcc -o "Lab1_444.elf" @"objects.list"  -larm_cortexM4lf_math -mcpu=cortex-m4 -T"C:\Applications\STM32CubeIDE\ECSE444_Workspace\Lab1_444\STM32L4S5VITX_FLASH.ld" --specs=nosys.specs -Wl,-Map="Lab1_444.map" -Wl,--gc-sections -static -L"C:\Applications\STM32CubeIDE\ECSE444_Workspace\Lab1_444\Core\Lib" --specs=nano.specs -mfpu=fpv4-sp-d16 -mfloat-abi=hard -mthumb -Wl,--start-group -lc -lm -Wl,--end-group
C:/Applications/STM32CubeIDE/STM32CubeIDE_1.18.1/STM32CubeIDE/plugins/com.st.stm32cube.ide.mcu.externaltools.gnu-tools-for-stm32.13.3.rel1.win32_1.0.0.202411081344/tools/bin/../lib/gcc/arm-none-eabi/13.3.1/../../../../arm-none-eabi/bin/ld.exe: ./Core/Src/main.o: in function `main':
C:/Applications/STM32CubeIDE/ECSE444_Workspace/Lab1_444/Debug/../Core/Src/main.c:116:(.text.main+0x6c): undefined reference to `armCosine'
collect2.exe: error: ld returned 1 exit status
make: *** [makefile:64: Lab1_444.elf] Error 1
"make -j16 all" terminated with exit code 2. Build might be incomplete.
18:18:46 **** Incremental Build of configuration Debug for project Lab1_444 ****
make -j16 all 
arm-none-eabi-gcc "../Core/Src/main.c" -mcpu=cortex-m4 -std=gnu11 -g3 -DDEBUG -DUSE_HAL_DRIVER -DSTM32L4S5xx -c -I../Core/Inc -I../Drivers/STM32L4xx_HAL_Driver/Inc -I../Drivers/STM32L4xx_HAL_Driver/Inc/Legacy -I../Drivers/CMSIS/Device/ST/STM32L4xx/Include -I../Drivers/CMSIS/Include -O0 -ffunction-sections -fdata-sections -Wall -fstack-usage -fcyclomatic-complexity -MMD -MP -MF"Core/Src/main.d" -MT"Core/Src/main.o" --specs=nano.specs -mfpu=fpv4-sp-d16 -mfloat-abi=hard -mthumb -o "Core/Src/main.o"
../Core/Src/main.c: In function 'main':
../Core/Src/main.c:97:9: warning: unused variable 'array' [-Wunused-variable]
   97 |   float array[10] = {48.21, 79.48, 24.27, 28.82, 78.24, 88.49, 31.19, 5.52, 82.70, 77.73};
      |         ^~~~~
../Core/Src/main.c:95:12: warning: unused variable 'maxIndex' [-Wunused-variable]
   95 |   uint32_t maxIndex;
      |            ^~~~~~~~
../Core/Src/main.c:94:9: warning: unused variable 'max' [-Wunused-variable]
   94 |   float max = 0;
      |         ^~~
arm-none-eabi-gcc -o "Lab1_444.elf" @"objects.list"  -larm_cortexM4lf_math -mcpu=cortex-m4 -T"C:\Applications\STM32CubeIDE\ECSE444_Workspace\Lab1_444\STM32L4S5VITX_FLASH.ld" --specs=nosys.specs -Wl,-Map="Lab1_444.map" -Wl,--gc-sections -static -L"C:\Applications\STM32CubeIDE\ECSE444_Workspace\Lab1_444\Core\Lib" --specs=nano.specs -mfpu=fpv4-sp-d16 -mfloat-abi=hard -mthumb -Wl,--start-group -lc -lm -Wl,--end-group
C:/Applications/STM32CubeIDE/STM32CubeIDE_1.18.1/STM32CubeIDE/plugins/com.st.stm32cube.ide.mcu.externaltools.gnu-tools-for-stm32.13.3.rel1.win32_1.0.0.202411081344/tools/bin/../lib/gcc/arm-none-eabi/13.3.1/../../../../arm-none-eabi/bin/ld.exe: ./Core/Src/main.o: in function `main':
C:/Applications/STM32CubeIDE/ECSE444_Workspace/Lab1_444/Debug/../Core/Src/main.c:116:(.text.main+0x6c): undefined reference to `armCosine'
collect2.exe: error: ld returned 1 exit status
make: *** [makefile:64: Lab1_444.elf] Error 1
"make -j16 all" terminated with exit code 2. Build might be incomplete.
18:19:35 **** Incremental Build of configuration Debug for project Lab1_444 ****
make -j16 all 
arm-none-eabi-gcc -mcpu=cortex-m4 -g3 -DDEBUG -c -x assembler-with-cpp -MMD -MP -MF"Core/Src/armCosine.d" -MT"Core/Src/armCosine.o" --specs=nano.specs -mfpu=fpv4-sp-d16 -mfloat-abi=hard -mthumb -o "Core/Src/armCosine.o" "../Core/Src/armCosine.s"
arm-none-eabi-gcc -o "Lab1_444.elf" @"objects.list"  -larm_cortexM4lf_math -mcpu=cortex-m4 -T"C:\Applications\STM32CubeIDE\ECSE444_Workspace\Lab1_444\STM32L4S5VITX_FLASH.ld" --specs=nosys.specs -Wl,-Map="Lab1_444.map" -Wl,--gc-sections -static -L"C:\Applications\STM32CubeIDE\ECSE444_Workspace\Lab1_444\Core\Lib" --specs=nano.specs -mfpu=fpv4-sp-d16 -mfloat-abi=hard -mthumb -Wl,--start-group -lc -lm -Wl,--end-group
Finished building target: Lab1_444.elf
 
arm-none-eabi-size  Lab1_444.elf 
arm-none-eabi-objdump -h -S Lab1_444.elf  > "Lab1_444.list"
   text	   data	    bss	    dec	    hex	filename
   8652	     92	   1884	  10628	   2984	Lab1_444.elf
Finished building: default.size.stdout
 
Finished building: Lab1_444.list
 
18:20:30 **** Incremental Build of configuration Debug for project Lab1_444 ****
make -j16 all 
arm-none-eabi-gcc "../Core/Src/main.c" -mcpu=cortex-m4 -std=gnu11 -g3 -DDEBUG -DUSE_HAL_DRIVER -DSTM32L4S5xx -c -I../Core/Inc -I../Drivers/STM32L4xx_HAL_Driver/Inc -I../Drivers/STM32L4xx_HAL_Driver/Inc/Legacy -I../Drivers/CMSIS/Device/ST/STM32L4xx/Include -I../Drivers/CMSIS/Include -O0 -ffunction-sections -fdata-sections -Wall -fstack-usage -fcyclomatic-complexity -MMD -MP -MF"Core/Src/main.d" -MT"Core/Src/main.o" --specs=nano.specs -mfpu=fpv4-sp-d16 -mfloat-abi=hard -mthumb -o "Core/Src/main.o"
../Core/Src/main.c: In function 'main':
../Core/Src/main.c:102:9: warning: unused variable 'result1' [-Wunused-variable]
  102 |   float result1 = 0;
      |         ^~~~~~~
../Core/Src/main.c:100:9: warning: unused variable 'phi' [-Wunused-variable]
  100 |   float phi = 2;
      |         ^~~
../Core/Src/main.c:99:9: warning: unused variable 'omega' [-Wunused-variable]
   99 |   float omega = 1;
      |         ^~~~~
../Core/Src/main.c:98:9: warning: unused variable 'x' [-Wunused-variable]
   98 |   float x = 81;
      |         ^
../Core/Src/main.c:97:9: warning: unused variable 'array' [-Wunused-variable]
   97 |   float array[10] = {48.21, 79.48, 24.27, 28.82, 78.24, 88.49, 31.19, 5.52, 82.70, 77.73};
      |         ^~~~~
../Core/Src/main.c:95:12: warning: unused variable 'maxIndex' [-Wunused-variable]
   95 |   uint32_t maxIndex;
      |            ^~~~~~~~
../Core/Src/main.c:94:9: warning: unused variable 'max' [-Wunused-variable]
   94 |   float max = 0;
      |         ^~~
arm-none-eabi-gcc -o "Lab1_444.elf" @"objects.list"  -larm_cortexM4lf_math -mcpu=cortex-m4 -T"C:\Applications\STM32CubeIDE\ECSE444_Workspace\Lab1_444\STM32L4S5VITX_FLASH.ld" --specs=nosys.specs -Wl,-Map="Lab1_444.map" -Wl,--gc-sections -static -L"C:\Applications\STM32CubeIDE\ECSE444_Workspace\Lab1_444\Core\Lib" --specs=nano.specs -mfpu=fpv4-sp-d16 -mfloat-abi=hard -mthumb -Wl,--start-group -lc -lm -Wl,--end-group
Finished building target: Lab1_444.elf
 
arm-none-eabi-size  Lab1_444.elf 
arm-none-eabi-objdump -h -S Lab1_444.elf  > "Lab1_444.list"
   text	   data	    bss	    dec	    hex	filename
   6184	     92	   1884	   8160	   1fe0	Lab1_444.elf
Finished building: default.size.stdout
 
Finished building: Lab1_444.list
 
18:21:57 **** Incremental Build of configuration Debug for project Lab1_444 ****
make -j16 all 
arm-none-eabi-gcc -mcpu=cortex-m4 -g3 -DDEBUG -c -x assembler-with-cpp -MMD -MP -MF"Core/Src/armCosine.d" -MT"Core/Src/armCosine.o" --specs=nano.specs -mfpu=fpv4-sp-d16 -mfloat-abi=hard -mthumb -o "Core/Src/armCosine.o" "../Core/Src/armCosine.s"
arm-none-eabi-gcc -o "Lab1_444.elf" @"objects.list"  -larm_cortexM4lf_math -mcpu=cortex-m4 -T"C:\Applications\STM32CubeIDE\ECSE444_Workspace\Lab1_444\STM32L4S5VITX_FLASH.ld" --specs=nosys.specs -Wl,-Map="Lab1_444.map" -Wl,--gc-sections -static -L"C:\Applications\STM32CubeIDE\ECSE444_Workspace\Lab1_444\Core\Lib" --specs=nano.specs -mfpu=fpv4-sp-d16 -mfloat-abi=hard -mthumb -Wl,--start-group -lc -lm -Wl,--end-group
Finished building target: Lab1_444.elf
 
arm-none-eabi-size  Lab1_444.elf 
arm-none-eabi-objdump -h -S Lab1_444.elf  > "Lab1_444.list"
   text	   data	    bss	    dec	    hex	filename
   6184	     92	   1884	   8160	   1fe0	Lab1_444.elf
Finished building: default.size.stdout
 
Finished building: Lab1_444.list
 
18:22:30 **** Incremental Build of configuration Debug for project Lab1_444 ****
make -j16 all 
arm-none-eabi-gcc "../Core/Src/main.c" -mcpu=cortex-m4 -std=gnu11 -g3 -DDEBUG -DUSE_HAL_DRIVER -DSTM32L4S5xx -c -I../Core/Inc -I../Drivers/STM32L4xx_HAL_Driver/Inc -I../Drivers/STM32L4xx_HAL_Driver/Inc/Legacy -I../Drivers/CMSIS/Device/ST/STM32L4xx/Include -I../Drivers/CMSIS/Include -O0 -ffunction-sections -fdata-sections -Wall -fstack-usage -fcyclomatic-complexity -MMD -MP -MF"Core/Src/main.d" -MT"Core/Src/main.o" --specs=nano.specs -mfpu=fpv4-sp-d16 -mfloat-abi=hard -mthumb -o "Core/Src/main.o"
../Core/Src/main.c: In function 'main':
../Core/Src/main.c:97:9: warning: unused variable 'array' [-Wunused-variable]
   97 |   float array[10] = {48.21, 79.48, 24.27, 28.82, 78.24, 88.49, 31.19, 5.52, 82.70, 77.73};
      |         ^~~~~
../Core/Src/main.c:95:12: warning: unused variable 'maxIndex' [-Wunused-variable]
   95 |   uint32_t maxIndex;
      |            ^~~~~~~~
../Core/Src/main.c:94:9: warning: unused variable 'max' [-Wunused-variable]
   94 |   float max = 0;
      |         ^~~
arm-none-eabi-gcc -o "Lab1_444.elf" @"objects.list"  -larm_cortexM4lf_math -mcpu=cortex-m4 -T"C:\Applications\STM32CubeIDE\ECSE444_Workspace\Lab1_444\STM32L4S5VITX_FLASH.ld" --specs=nosys.specs -Wl,-Map="Lab1_444.map" -Wl,--gc-sections -static -L"C:\Applications\STM32CubeIDE\ECSE444_Workspace\Lab1_444\Core\Lib" --specs=nano.specs -mfpu=fpv4-sp-d16 -mfloat-abi=hard -mthumb -Wl,--start-group -lc -lm -Wl,--end-group
Finished building target: Lab1_444.elf
 
arm-none-eabi-size  Lab1_444.elf 
arm-none-eabi-objdump -h -S Lab1_444.elf  > "Lab1_444.list"
   text	   data	    bss	    dec	    hex	filename
   8652	     92	   1884	  10628	   2984	Lab1_444.elf
Finished building: default.size.stdout
 
Finished building: Lab1_444.list
 
18:31:32 **** Incremental Build of configuration Debug for project Lab1_444 ****
make -j16 all 
arm-none-eabi-gcc -mcpu=cortex-m4 -g3 -DDEBUG -c -x assembler-with-cpp -MMD -MP -MF"Core/Src/armCosine.d" -MT"Core/Src/armCosine.o" --specs=nano.specs -mfpu=fpv4-sp-d16 -mfloat-abi=hard -mthumb -o "Core/Src/armCosine.o" "../Core/Src/armCosine.s"
arm-none-eabi-gcc -o "Lab1_444.elf" @"objects.list"  -larm_cortexM4lf_math -mcpu=cortex-m4 -T"C:\Applications\STM32CubeIDE\ECSE444_Workspace\Lab1_444\STM32L4S5VITX_FLASH.ld" --specs=nosys.specs -Wl,-Map="Lab1_444.map" -Wl,--gc-sections -static -L"C:\Applications\STM32CubeIDE\ECSE444_Workspace\Lab1_444\Core\Lib" --specs=nano.specs -mfpu=fpv4-sp-d16 -mfloat-abi=hard -mthumb -Wl,--start-group -lc -lm -Wl,--end-group
Finished building target: Lab1_444.elf
 
arm-none-eabi-size  Lab1_444.elf 
arm-none-eabi-objdump -h -S Lab1_444.elf  > "Lab1_444.list"
   text	   data	    bss	    dec	    hex	filename
   8652	     92	   1884	  10628	   2984	Lab1_444.elf
Finished building: default.size.stdout
 
Finished building: Lab1_444.list
 
18:42:07 **** Incremental Build of configuration Debug for project Lab1_444 ****
make -j16 all 
arm-none-eabi-size  Lab1_444.elf 
   text	   data	    bss	    dec	    hex	filename
   8652	     92	   1884	  10628	   2984	Lab1_444.elf
Finished building: default.size.stdout
 
18:57:24 **** Incremental Build of configuration Debug for project Lab1_444 ****
make -j16 all 
arm-none-eabi-size  Lab1_444.elf 
   text	   data	    bss	    dec	    hex	filename
   8652	     92	   1884	  10628	   2984	Lab1_444.elf
Finished building: default.size.stdout
 
18:58:56 **** Incremental Build of configuration Debug for project Lab1_444 ****
make -j16 all 
arm-none-eabi-size  Lab1_444.elf 
   text	   data	    bss	    dec	    hex	filename
   8652	     92	   1884	  10628	   2984	Lab1_444.elf
Finished building: default.size.stdout
 
18:59:51 **** Incremental Build of configuration Debug for project Lab1_444 ****
make -j16 all 
arm-none-eabi-size  Lab1_444.elf 
   text	   data	    bss	    dec	    hex	filename
   8652	     92	   1884	  10628	   2984	Lab1_444.elf
Finished building: default.size.stdout
 
19:00:48 **** Incremental Build of configuration Debug for project Lab1_444 ****
make -j16 all 
arm-none-eabi-size  Lab1_444.elf 
   text	   data	    bss	    dec	    hex	filename
   8652	     92	   1884	  10628	   2984	Lab1_444.elf
Finished building: default.size.stdout
 
19:02:03 **** Incremental Build of configuration Debug for project Lab1_444 ****
make -j16 all 
arm-none-eabi-size  Lab1_444.elf 
   text	   data	    bss	    dec	    hex	filename
   8652	     92	   1884	  10628	   2984	Lab1_444.elf
Finished building: default.size.stdout
 
19:05:40 **** Incremental Build of configuration Debug for project Lab1_444 ****
make -j16 all 
arm-none-eabi-gcc "../Core/Src/main.c" -mcpu=cortex-m4 -std=gnu11 -g3 -DDEBUG -DUSE_HAL_DRIVER -DSTM32L4S5xx -c -I../Core/Inc -I../Drivers/STM32L4xx_HAL_Driver/Inc -I../Drivers/STM32L4xx_HAL_Driver/Inc/Legacy -I../Drivers/CMSIS/Device/ST/STM32L4xx/Include -I../Drivers/CMSIS/Include -O0 -ffunction-sections -fdata-sections -Wall -fstack-usage -fcyclomatic-complexity -MMD -MP -MF"Core/Src/main.d" -MT"Core/Src/main.o" --specs=nano.specs -mfpu=fpv4-sp-d16 -mfloat-abi=hard -mthumb -o "Core/Src/main.o"
../Core/Src/main.c: In function 'main':
../Core/Src/main.c:97:9: warning: unused variable 'array' [-Wunused-variable]
   97 |   float array[10] = {48.21, 79.48, 24.27, 28.82, 78.24, 88.49, 31.19, 5.52, 82.70, 77.73};
      |         ^~~~~
../Core/Src/main.c:95:12: warning: unused variable 'maxIndex' [-Wunused-variable]
   95 |   uint32_t maxIndex;
      |            ^~~~~~~~
../Core/Src/main.c:94:9: warning: unused variable 'max' [-Wunused-variable]
   94 |   float max = 0;
      |         ^~~
arm-none-eabi-gcc -o "Lab1_444.elf" @"objects.list"  -larm_cortexM4lf_math -mcpu=cortex-m4 -T"C:\Applications\STM32CubeIDE\ECSE444_Workspace\Lab1_444\STM32L4S5VITX_FLASH.ld" --specs=nosys.specs -Wl,-Map="Lab1_444.map" -Wl,--gc-sections -static -L"C:\Applications\STM32CubeIDE\ECSE444_Workspace\Lab1_444\Core\Lib" --specs=nano.specs -mfpu=fpv4-sp-d16 -mfloat-abi=hard -mthumb -Wl,--start-group -lc -lm -Wl,--end-group
Finished building target: Lab1_444.elf
 
arm-none-eabi-size  Lab1_444.elf 
arm-none-eabi-objdump -h -S Lab1_444.elf  > "Lab1_444.list"
   text	   data	    bss	    dec	    hex	filename
   8648	     92	   1884	  10624	   2980	Lab1_444.elf
Finished building: default.size.stdout
 
Finished building: Lab1_444.list
 
19:13:47 **** Incremental Build of configuration Debug for project Lab1_444 ****
make -j16 all 
arm-none-eabi-gcc -mcpu=cortex-m4 -g3 -DDEBUG -c -x assembler-with-cpp -MMD -MP -MF"Core/Src/armCosine.d" -MT"Core/Src/armCosine.o" --specs=nano.specs -mfpu=fpv4-sp-d16 -mfloat-abi=hard -mthumb -o "Core/Src/armCosine.o" "../Core/Src/armCosine.s"
arm-none-eabi-gcc -o "Lab1_444.elf" @"objects.list"  -larm_cortexM4lf_math -mcpu=cortex-m4 -T"C:\Applications\STM32CubeIDE\ECSE444_Workspace\Lab1_444\STM32L4S5VITX_FLASH.ld" --specs=nosys.specs -Wl,-Map="Lab1_444.map" -Wl,--gc-sections -static -L"C:\Applications\STM32CubeIDE\ECSE444_Workspace\Lab1_444\Core\Lib" --specs=nano.specs -mfpu=fpv4-sp-d16 -mfloat-abi=hard -mthumb -Wl,--start-group -lc -lm -Wl,--end-group
Finished building target: Lab1_444.elf
 
arm-none-eabi-size  Lab1_444.elf 
arm-none-eabi-objdump -h -S Lab1_444.elf  > "Lab1_444.list"
   text	   data	    bss	    dec	    hex	filename
   8660	     92	   1884	  10636	   298c	Lab1_444.elf
Finished building: default.size.stdout
 
Finished building: Lab1_444.list
 
19:19:47 **** Incremental Build of configuration Debug for project Lab1_444 ****
make -j16 all 
arm-none-eabi-gcc "../Core/Src/main.c" -mcpu=cortex-m4 -std=gnu11 -g3 -DDEBUG -DUSE_HAL_DRIVER -DSTM32L4S5xx -c -I../Core/Inc -I../Drivers/STM32L4xx_HAL_Driver/Inc -I../Drivers/STM32L4xx_HAL_Driver/Inc/Legacy -I../Drivers/CMSIS/Device/ST/STM32L4xx/Include -I../Drivers/CMSIS/Include -O0 -ffunction-sections -fdata-sections -Wall -fstack-usage -fcyclomatic-complexity -MMD -MP -MF"Core/Src/main.d" -MT"Core/Src/main.o" --specs=nano.specs -mfpu=fpv4-sp-d16 -mfloat-abi=hard -mthumb -o "Core/Src/main.o"
../Core/Src/main.c: In function 'main':
../Core/Src/main.c:97:9: warning: unused variable 'array' [-Wunused-variable]
   97 |   float array[10] = {48.21, 79.48, 24.27, 28.82, 78.24, 88.49, 31.19, 5.52, 82.70, 77.73};
      |         ^~~~~
../Core/Src/main.c:95:12: warning: unused variable 'maxIndex' [-Wunused-variable]
   95 |   uint32_t maxIndex;
      |            ^~~~~~~~
../Core/Src/main.c:94:9: warning: unused variable 'max' [-Wunused-variable]
   94 |   float max = 0;
      |         ^~~
arm-none-eabi-gcc -o "Lab1_444.elf" @"objects.list"  -larm_cortexM4lf_math -mcpu=cortex-m4 -T"C:\Applications\STM32CubeIDE\ECSE444_Workspace\Lab1_444\STM32L4S5VITX_FLASH.ld" --specs=nosys.specs -Wl,-Map="Lab1_444.map" -Wl,--gc-sections -static -L"C:\Applications\STM32CubeIDE\ECSE444_Workspace\Lab1_444\Core\Lib" --specs=nano.specs -mfpu=fpv4-sp-d16 -mfloat-abi=hard -mthumb -Wl,--start-group -lc -lm -Wl,--end-group
Finished building target: Lab1_444.elf
 
arm-none-eabi-size  Lab1_444.elf 
arm-none-eabi-objdump -h -S Lab1_444.elf  > "Lab1_444.list"
   text	   data	    bss	    dec	    hex	filename
   8664	     92	   1884	  10640	   2990	Lab1_444.elf
Finished building: default.size.stdout
 
Finished building: Lab1_444.list
 
19:24:54 **** Incremental Build of configuration Debug for project Lab1_444 ****
make -j16 all 
arm-none-eabi-gcc "../Core/Src/main.c" -mcpu=cortex-m4 -std=gnu11 -g3 -DDEBUG -DUSE_HAL_DRIVER -DSTM32L4S5xx -c -I../Core/Inc -I../Drivers/STM32L4xx_HAL_Driver/Inc -I../Drivers/STM32L4xx_HAL_Driver/Inc/Legacy -I../Drivers/CMSIS/Device/ST/STM32L4xx/Include -I../Drivers/CMSIS/Include -O0 -ffunction-sections -fdata-sections -Wall -fstack-usage -fcyclomatic-complexity -MMD -MP -MF"Core/Src/main.d" -MT"Core/Src/main.o" --specs=nano.specs -mfpu=fpv4-sp-d16 -mfloat-abi=hard -mthumb -o "Core/Src/main.o"
../Core/Src/main.c: In function 'main':
../Core/Src/main.c:97:9: warning: unused variable 'array' [-Wunused-variable]
   97 |   float array[10] = {48.21, 79.48, 24.27, 28.82, 78.24, 88.49, 31.19, 5.52, 82.70, 77.73};
      |         ^~~~~
../Core/Src/main.c:95:12: warning: unused variable 'maxIndex' [-Wunused-variable]
   95 |   uint32_t maxIndex;
      |            ^~~~~~~~
../Core/Src/main.c:94:9: warning: unused variable 'max' [-Wunused-variable]
   94 |   float max = 0;
      |         ^~~
arm-none-eabi-gcc -o "Lab1_444.elf" @"objects.list"  -larm_cortexM4lf_math -mcpu=cortex-m4 -T"C:\Applications\STM32CubeIDE\ECSE444_Workspace\Lab1_444\STM32L4S5VITX_FLASH.ld" --specs=nosys.specs -Wl,-Map="Lab1_444.map" -Wl,--gc-sections -static -L"C:\Applications\STM32CubeIDE\ECSE444_Workspace\Lab1_444\Core\Lib" --specs=nano.specs -mfpu=fpv4-sp-d16 -mfloat-abi=hard -mthumb -Wl,--start-group -lc -lm -Wl,--end-group
Finished building target: Lab1_444.elf
 
arm-none-eabi-size  Lab1_444.elf 
arm-none-eabi-objdump -h -S Lab1_444.elf  > "Lab1_444.list"
   text	   data	    bss	    dec	    hex	filename
   8664	     92	   1884	  10640	   2990	Lab1_444.elf
Finished building: default.size.stdout
 
Finished building: Lab1_444.list
 
19:30:17 **** Incremental Build of configuration Debug for project Lab1_444 ****
make -j16 all 
arm-none-eabi-gcc "../Core/Src/main.c" -mcpu=cortex-m4 -std=gnu11 -g3 -DDEBUG -DUSE_HAL_DRIVER -DSTM32L4S5xx -c -I../Core/Inc -I../Drivers/STM32L4xx_HAL_Driver/Inc -I../Drivers/STM32L4xx_HAL_Driver/Inc/Legacy -I../Drivers/CMSIS/Device/ST/STM32L4xx/Include -I../Drivers/CMSIS/Include -O0 -ffunction-sections -fdata-sections -Wall -fstack-usage -fcyclomatic-complexity -MMD -MP -MF"Core/Src/main.d" -MT"Core/Src/main.o" --specs=nano.specs -mfpu=fpv4-sp-d16 -mfloat-abi=hard -mthumb -o "Core/Src/main.o"
../Core/Src/main.c: In function 'main':
../Core/Src/main.c:97:9: warning: unused variable 'array' [-Wunused-variable]
   97 |   float array[10] = {48.21, 79.48, 24.27, 28.82, 78.24, 88.49, 31.19, 5.52, 82.70, 77.73};
      |         ^~~~~
../Core/Src/main.c:95:12: warning: unused variable 'maxIndex' [-Wunused-variable]
   95 |   uint32_t maxIndex;
      |            ^~~~~~~~
../Core/Src/main.c:94:9: warning: unused variable 'max' [-Wunused-variable]
   94 |   float max = 0;
      |         ^~~
arm-none-eabi-gcc -o "Lab1_444.elf" @"objects.list"  -larm_cortexM4lf_math -mcpu=cortex-m4 -T"C:\Applications\STM32CubeIDE\ECSE444_Workspace\Lab1_444\STM32L4S5VITX_FLASH.ld" --specs=nosys.specs -Wl,-Map="Lab1_444.map" -Wl,--gc-sections -static -L"C:\Applications\STM32CubeIDE\ECSE444_Workspace\Lab1_444\Core\Lib" --specs=nano.specs -mfpu=fpv4-sp-d16 -mfloat-abi=hard -mthumb -Wl,--start-group -lc -lm -Wl,--end-group
Finished building target: Lab1_444.elf
 
arm-none-eabi-size  Lab1_444.elf 
arm-none-eabi-objdump -h -S Lab1_444.elf  > "Lab1_444.list"
   text	   data	    bss	    dec	    hex	filename
   8664	     92	   1884	  10640	   2990	Lab1_444.elf
Finished building: default.size.stdout
 
Finished building: Lab1_444.list
 
19:39:18 **** Incremental Build of configuration Debug for project Lab1_444 ****
make -j16 all 
arm-none-eabi-gcc "../Core/Src/main.c" -mcpu=cortex-m4 -std=gnu11 -g3 -DDEBUG -DUSE_HAL_DRIVER -DSTM32L4S5xx -c -I../Core/Inc -I../Drivers/STM32L4xx_HAL_Driver/Inc -I../Drivers/STM32L4xx_HAL_Driver/Inc/Legacy -I../Drivers/CMSIS/Device/ST/STM32L4xx/Include -I../Drivers/CMSIS/Include -O0 -ffunction-sections -fdata-sections -Wall -fstack-usage -fcyclomatic-complexity -MMD -MP -MF"Core/Src/main.d" -MT"Core/Src/main.o" --specs=nano.specs -mfpu=fpv4-sp-d16 -mfloat-abi=hard -mthumb -o "Core/Src/main.o"
../Core/Src/main.c: In function 'main':
../Core/Src/main.c:97:9: warning: unused variable 'array' [-Wunused-variable]
   97 |   float array[10] = {48.21, 79.48, 24.27, 28.82, 78.24, 88.49, 31.19, 5.52, 82.70, 77.73};
      |         ^~~~~
../Core/Src/main.c:95:12: warning: unused variable 'maxIndex' [-Wunused-variable]
   95 |   uint32_t maxIndex;
      |            ^~~~~~~~
../Core/Src/main.c:94:9: warning: unused variable 'max' [-Wunused-variable]
   94 |   float max = 0;
      |         ^~~
arm-none-eabi-gcc -o "Lab1_444.elf" @"objects.list"  -larm_cortexM4lf_math -mcpu=cortex-m4 -T"C:\Applications\STM32CubeIDE\ECSE444_Workspace\Lab1_444\STM32L4S5VITX_FLASH.ld" --specs=nosys.specs -Wl,-Map="Lab1_444.map" -Wl,--gc-sections -static -L"C:\Applications\STM32CubeIDE\ECSE444_Workspace\Lab1_444\Core\Lib" --specs=nano.specs -mfpu=fpv4-sp-d16 -mfloat-abi=hard -mthumb -Wl,--start-group -lc -lm -Wl,--end-group
Finished building target: Lab1_444.elf
 
arm-none-eabi-size  Lab1_444.elf 
arm-none-eabi-objdump -h -S Lab1_444.elf  > "Lab1_444.list"
   text	   data	    bss	    dec	    hex	filename
   8664	     92	   1884	  10640	   2990	Lab1_444.elf
Finished building: default.size.stdout
 
Finished building: Lab1_444.list
 
21:44:21 **** Incremental Build of configuration Debug for project Lab1_444 ****
make -j16 all 
arm-none-eabi-size  Lab1_444.elf 
   text	   data	    bss	    dec	    hex	filename
   8664	     92	   1884	  10640	   2990	Lab1_444.elf
Finished building: default.size.stdout
 
22:10:16 **** Incremental Build of configuration Debug for project Lab1_444 ****
make -j16 all 
arm-none-eabi-gcc -mcpu=cortex-m4 -g3 -DDEBUG -c -x assembler-with-cpp -MMD -MP -MF"Core/Src/armCosine.d" -MT"Core/Src/armCosine.o" --specs=nano.specs -mfpu=fpv4-sp-d16 -mfloat-abi=hard -mthumb -o "Core/Src/armCosine.o" "../Core/Src/armCosine.s"
arm-none-eabi-gcc -mcpu=cortex-m4 -g3 -DDEBUG -c -x assembler-with-cpp -MMD -MP -MF"Core/Src/armSquareRoot.d" -MT"Core/Src/armSquareRoot.o" --specs=nano.specs -mfpu=fpv4-sp-d16 -mfloat-abi=hard -mthumb -o "Core/Src/armSquareRoot.o" "../Core/Src/armSquareRoot.s"
arm-none-eabi-gcc -mcpu=cortex-m4 -g3 -DDEBUG -c -x assembler-with-cpp -MMD -MP -MF"Core/Src/armSquareRoot2.d" -MT"Core/Src/armSquareRoot2.o" --specs=nano.specs -mfpu=fpv4-sp-d16 -mfloat-abi=hard -mthumb -o "Core/Src/armSquareRoot2.o" "../Core/Src/armSquareRoot2.s"
arm-none-eabi-gcc -mcpu=cortex-m4 -g3 -DDEBUG -c -x assembler-with-cpp -MMD -MP -MF"Core/Src/asmMax.d" -MT"Core/Src/asmMax.o" --specs=nano.specs -mfpu=fpv4-sp-d16 -mfloat-abi=hard -mthumb -o "Core/Src/asmMax.o" "../Core/Src/asmMax.s"
arm-none-eabi-gcc -mcpu=cortex-m4 -g3 -DDEBUG -c -x assembler-with-cpp -MMD -MP -MF"Core/Src/asmTans.d" -MT"Core/Src/asmTans.o" --specs=nano.specs -mfpu=fpv4-sp-d16 -mfloat-abi=hard -mthumb -o "Core/Src/asmTans.o" "../Core/Src/asmTans.s"
arm-none-eabi-gcc "../Core/Src/cSquareRoot.c" -mcpu=cortex-m4 -std=gnu11 -g3 -DDEBUG -DUSE_HAL_DRIVER -DSTM32L4S5xx -c -I../Core/Inc -I../Drivers/STM32L4xx_HAL_Driver/Inc -I../Drivers/STM32L4xx_HAL_Driver/Inc/Legacy -I../Drivers/CMSIS/Device/ST/STM32L4xx/Include -I../Drivers/CMSIS/Include -O0 -ffunction-sections -fdata-sections -Wall -fstack-usage -fcyclomatic-complexity -MMD -MP -MF"Core/Src/cSquareRoot.d" -MT"Core/Src/cSquareRoot.o" --specs=nano.specs -mfpu=fpv4-sp-d16 -mfloat-abi=hard -mthumb -o "Core/Src/cSquareRoot.o"
arm-none-eabi-gcc "../Core/Src/cmax.c" -mcpu=cortex-m4 -std=gnu11 -g3 -DDEBUG -DUSE_HAL_DRIVER -DSTM32L4S5xx -c -I../Core/Inc -I../Drivers/STM32L4xx_HAL_Driver/Inc -I../Drivers/STM32L4xx_HAL_Driver/Inc/Legacy -I../Drivers/CMSIS/Device/ST/STM32L4xx/Include -I../Drivers/CMSIS/Include -O0 -ffunction-sections -fdata-sections -Wall -fstack-usage -fcyclomatic-complexity -MMD -MP -MF"Core/Src/cmax.d" -MT"Core/Src/cmax.o" --specs=nano.specs -mfpu=fpv4-sp-d16 -mfloat-abi=hard -mthumb -o "Core/Src/cmax.o"
arm-none-eabi-gcc "../Core/Src/main.c" -mcpu=cortex-m4 -std=gnu11 -g3 -DDEBUG -DUSE_HAL_DRIVER -DSTM32L4S5xx -c -I../Core/Inc -I../Drivers/STM32L4xx_HAL_Driver/Inc -I../Drivers/STM32L4xx_HAL_Driver/Inc/Legacy -I../Drivers/CMSIS/Device/ST/STM32L4xx/Include -I../Drivers/CMSIS/Include -O0 -ffunction-sections -fdata-sections -Wall -fstack-usage -fcyclomatic-complexity -MMD -MP -MF"Core/Src/main.d" -MT"Core/Src/main.o" --specs=nano.specs -mfpu=fpv4-sp-d16 -mfloat-abi=hard -mthumb -o "Core/Src/main.o"
arm-none-eabi-gcc "../Core/Src/stm32l4xx_hal_msp.c" -mcpu=cortex-m4 -std=gnu11 -g3 -DDEBUG -DUSE_HAL_DRIVER -DSTM32L4S5xx -c -I../Core/Inc -I../Drivers/STM32L4xx_HAL_Driver/Inc -I../Drivers/STM32L4xx_HAL_Driver/Inc/Legacy -I../Drivers/CMSIS/Device/ST/STM32L4xx/Include -I../Drivers/CMSIS/Include -O0 -ffunction-sections -fdata-sections -Wall -fstack-usage -fcyclomatic-complexity -MMD -MP -MF"Core/Src/stm32l4xx_hal_msp.d" -MT"Core/Src/stm32l4xx_hal_msp.o" --specs=nano.specs -mfpu=fpv4-sp-d16 -mfloat-abi=hard -mthumb -o "Core/Src/stm32l4xx_hal_msp.o"
arm-none-eabi-gcc "../Core/Src/stm32l4xx_it.c" -mcpu=cortex-m4 -std=gnu11 -g3 -DDEBUG -DUSE_HAL_DRIVER -DSTM32L4S5xx -c -I../Core/Inc -I../Drivers/STM32L4xx_HAL_Driver/Inc -I../Drivers/STM32L4xx_HAL_Driver/Inc/Legacy -I../Drivers/CMSIS/Device/ST/STM32L4xx/Include -I../Drivers/CMSIS/Include -O0 -ffunction-sections -fdata-sections -Wall -fstack-usage -fcyclomatic-complexity -MMD -MP -MF"Core/Src/stm32l4xx_it.d" -MT"Core/Src/stm32l4xx_it.o" --specs=nano.specs -mfpu=fpv4-sp-d16 -mfloat-abi=hard -mthumb -o "Core/Src/stm32l4xx_it.o"
arm-none-eabi-gcc "../Core/Src/syscalls.c" -mcpu=cortex-m4 -std=gnu11 -g3 -DDEBUG -DUSE_HAL_DRIVER -DSTM32L4S5xx -c -I../Core/Inc -I../Drivers/STM32L4xx_HAL_Driver/Inc -I../Drivers/STM32L4xx_HAL_Driver/Inc/Legacy -I../Drivers/CMSIS/Device/ST/STM32L4xx/Include -I../Drivers/CMSIS/Include -O0 -ffunction-sections -fdata-sections -Wall -fstack-usage -fcyclomatic-complexity -MMD -MP -MF"Core/Src/syscalls.d" -MT"Core/Src/syscalls.o" --specs=nano.specs -mfpu=fpv4-sp-d16 -mfloat-abi=hard -mthumb -o "Core/Src/syscalls.o"
arm-none-eabi-gcc "../Core/Src/sysmem.c" -mcpu=cortex-m4 -std=gnu11 -g3 -DDEBUG -DUSE_HAL_DRIVER -DSTM32L4S5xx -c -I../Core/Inc -I../Drivers/STM32L4xx_HAL_Driver/Inc -I../Drivers/STM32L4xx_HAL_Driver/Inc/Legacy -I../Drivers/CMSIS/Device/ST/STM32L4xx/Include -I../Drivers/CMSIS/Include -O0 -ffunction-sections -fdata-sections -Wall -fstack-usage -fcyclomatic-complexity -MMD -MP -MF"Core/Src/sysmem.d" -MT"Core/Src/sysmem.o" --specs=nano.specs -mfpu=fpv4-sp-d16 -mfloat-abi=hard -mthumb -o "Core/Src/sysmem.o"
arm-none-eabi-gcc "../Core/Src/system_stm32l4xx.c" -mcpu=cortex-m4 -std=gnu11 -g3 -DDEBUG -DUSE_HAL_DRIVER -DSTM32L4S5xx -c -I../Core/Inc -I../Drivers/STM32L4xx_HAL_Driver/Inc -I../Drivers/STM32L4xx_HAL_Driver/Inc/Legacy -I../Drivers/CMSIS/Device/ST/STM32L4xx/Include -I../Drivers/CMSIS/Include -O0 -ffunction-sections -fdata-sections -Wall -fstack-usage -fcyclomatic-complexity -MMD -MP -MF"Core/Src/system_stm32l4xx.d" -MT"Core/Src/system_stm32l4xx.o" --specs=nano.specs -mfpu=fpv4-sp-d16 -mfloat-abi=hard -mthumb -o "Core/Src/system_stm32l4xx.o"
../Core/Src/main.c: In function 'main':
../Core/Src/main.c:102:9: warning: unused variable 'result1' [-Wunused-variable]
  102 |   float result1 = 0;
      |         ^~~~~~~
../Core/Src/main.c:97:9: warning: unused variable 'array' [-Wunused-variable]
   97 |   float array[10] = {48.21, 79.48, 24.27, 28.82, 78.24, 88.49, 31.19, 5.52, 82.70, 77.73};
      |         ^~~~~
../Core/Src/main.c:95:12: warning: unused variable 'maxIndex' [-Wunused-variable]
   95 |   uint32_t maxIndex;
      |            ^~~~~~~~
../Core/Src/main.c:94:9: warning: unused variable 'max' [-Wunused-variable]
   94 |   float max = 0;
      |         ^~~
arm-none-eabi-gcc -o "Lab1_444.elf" @"objects.list"  -larm_cortexM4lf_math -mcpu=cortex-m4 -T"C:\Applications\STM32CubeIDE\ECSE444_Workspace\Lab1_444\STM32L4S5VITX_FLASH.ld" --specs=nosys.specs -Wl,-Map="Lab1_444.map" -Wl,--gc-sections -static -L"C:\Applications\STM32CubeIDE\ECSE444_Workspace\Lab1_444\Core\Lib" --specs=nano.specs -mfpu=fpv4-sp-d16 -mfloat-abi=hard -mthumb -Wl,--start-group -lc -lm -Wl,--end-group
Finished building target: Lab1_444.elf
 
arm-none-eabi-size  Lab1_444.elf 
arm-none-eabi-objdump -h -S Lab1_444.elf  > "Lab1_444.list"
   text	   data	    bss	    dec	    hex	filename
   8652	     92	   1884	  10628	   2984	Lab1_444.elf
Finished building: default.size.stdout
 
Finished building: Lab1_444.list
 
22:12:27 **** Incremental Build of configuration Debug for project Lab1_444 ****
make -j16 all 
arm-none-eabi-gcc "../Core/Src/main.c" -mcpu=cortex-m4 -std=gnu11 -g3 -DDEBUG -DUSE_HAL_DRIVER -DSTM32L4S5xx -c -I../Core/Inc -I../Drivers/STM32L4xx_HAL_Driver/Inc -I../Drivers/STM32L4xx_HAL_Driver/Inc/Legacy -I../Drivers/CMSIS/Device/ST/STM32L4xx/Include -I../Drivers/CMSIS/Include -O0 -ffunction-sections -fdata-sections -Wall -fstack-usage -fcyclomatic-complexity -MMD -MP -MF"Core/Src/main.d" -MT"Core/Src/main.o" --specs=nano.specs -mfpu=fpv4-sp-d16 -mfloat-abi=hard -mthumb -o "Core/Src/main.o"
../Core/Src/main.c: In function 'main':
../Core/Src/main.c:104:12: warning: unused variable 'iterations' [-Wunused-variable]
  104 |   uint32_t iterations = 10;
      |            ^~~~~~~~~~
../Core/Src/main.c:97:9: warning: unused variable 'array' [-Wunused-variable]
   97 |   float array[10] = {48.21, 79.48, 24.27, 28.82, 78.24, 88.49, 31.19, 5.52, 82.70, 77.73};
      |         ^~~~~
../Core/Src/main.c:95:12: warning: unused variable 'maxIndex' [-Wunused-variable]
   95 |   uint32_t maxIndex;
      |            ^~~~~~~~
../Core/Src/main.c:94:9: warning: unused variable 'max' [-Wunused-variable]
   94 |   float max = 0;
      |         ^~~
arm-none-eabi-gcc -o "Lab1_444.elf" @"objects.list"  -larm_cortexM4lf_math -mcpu=cortex-m4 -T"C:\Applications\STM32CubeIDE\ECSE444_Workspace\Lab1_444\STM32L4S5VITX_FLASH.ld" --specs=nosys.specs -Wl,-Map="Lab1_444.map" -Wl,--gc-sections -static -L"C:\Applications\STM32CubeIDE\ECSE444_Workspace\Lab1_444\Core\Lib" --specs=nano.specs -mfpu=fpv4-sp-d16 -mfloat-abi=hard -mthumb -Wl,--start-group -lc -lm -Wl,--end-group
Finished building target: Lab1_444.elf
 
arm-none-eabi-size  Lab1_444.elf 
arm-none-eabi-objdump -h -S Lab1_444.elf  > "Lab1_444.list"
   text	   data	    bss	    dec	    hex	filename
   8668	     92	   1884	  10644	   2994	Lab1_444.elf
Finished building: default.size.stdout
 
Finished building: Lab1_444.list
 
22:14:10 **** Incremental Build of configuration Debug for project Lab1_444 ****
make -j16 all 
arm-none-eabi-gcc "../Core/Src/main.c" -mcpu=cortex-m4 -std=gnu11 -g3 -DDEBUG -DUSE_HAL_DRIVER -DSTM32L4S5xx -c -I../Core/Inc -I../Drivers/STM32L4xx_HAL_Driver/Inc -I../Drivers/STM32L4xx_HAL_Driver/Inc/Legacy -I../Drivers/CMSIS/Device/ST/STM32L4xx/Include -I../Drivers/CMSIS/Include -O0 -ffunction-sections -fdata-sections -Wall -fstack-usage -fcyclomatic-complexity -MMD -MP -MF"Core/Src/main.d" -MT"Core/Src/main.o" --specs=nano.specs -mfpu=fpv4-sp-d16 -mfloat-abi=hard -mthumb -o "Core/Src/main.o"
../Core/Src/main.c: In function 'main':
../Core/Src/main.c:104:12: warning: unused variable 'iterations' [-Wunused-variable]
  104 |   uint32_t iterations = 10;
      |            ^~~~~~~~~~
../Core/Src/main.c:102:9: warning: unused variable 'result1' [-Wunused-variable]
  102 |   float result1 = 0;
      |         ^~~~~~~
../Core/Src/main.c:100:9: warning: unused variable 'phi' [-Wunused-variable]
  100 |   float phi = 1;
      |         ^~~
../Core/Src/main.c:99:9: warning: unused variable 'omega' [-Wunused-variable]
   99 |   float omega = 2;
      |         ^~~~~
../Core/Src/main.c:98:9: warning: unused variable 'x' [-Wunused-variable]
   98 |   float x = -0.8;
      |         ^
../Core/Src/main.c:97:9: warning: unused variable 'array' [-Wunused-variable]
   97 |   float array[10] = {48.21, 79.48, 24.27, 28.82, 78.24, 88.49, 31.19, 5.52, 82.70, 77.73};
      |         ^~~~~
../Core/Src/main.c:95:12: warning: unused variable 'maxIndex' [-Wunused-variable]
   95 |   uint32_t maxIndex;
      |            ^~~~~~~~
../Core/Src/main.c:94:9: warning: unused variable 'max' [-Wunused-variable]
   94 |   float max = 0;
      |         ^~~
arm-none-eabi-gcc -o "Lab1_444.elf" @"objects.list"  -larm_cortexM4lf_math -mcpu=cortex-m4 -T"C:\Applications\STM32CubeIDE\ECSE444_Workspace\Lab1_444\STM32L4S5VITX_FLASH.ld" --specs=nosys.specs -Wl,-Map="Lab1_444.map" -Wl,--gc-sections -static -L"C:\Applications\STM32CubeIDE\ECSE444_Workspace\Lab1_444\Core\Lib" --specs=nano.specs -mfpu=fpv4-sp-d16 -mfloat-abi=hard -mthumb -Wl,--start-group -lc -lm -Wl,--end-group
Finished building target: Lab1_444.elf
 
arm-none-eabi-size  Lab1_444.elf 
arm-none-eabi-objdump -h -S Lab1_444.elf  > "Lab1_444.list"
   text	   data	    bss	    dec	    hex	filename
   6192	     92	   1884	   8168	   1fe8	Lab1_444.elf
Finished building: default.size.stdout
 
Finished building: Lab1_444.list
 
22:16:16 **** Incremental Build of configuration Debug for project Lab1_444 ****
make -j16 all 
arm-none-eabi-gcc "../Core/Src/main.c" -mcpu=cortex-m4 -std=gnu11 -g3 -DDEBUG -DUSE_HAL_DRIVER -DSTM32L4S5xx -c -I../Core/Inc -I../Drivers/STM32L4xx_HAL_Driver/Inc -I../Drivers/STM32L4xx_HAL_Driver/Inc/Legacy -I../Drivers/CMSIS/Device/ST/STM32L4xx/Include -I../Drivers/CMSIS/Include -O0 -ffunction-sections -fdata-sections -Wall -fstack-usage -fcyclomatic-complexity -MMD -MP -MF"Core/Src/main.d" -MT"Core/Src/main.o" --specs=nano.specs -mfpu=fpv4-sp-d16 -mfloat-abi=hard -mthumb -o "Core/Src/main.o"
../Core/Src/main.c: In function 'main':
../Core/Src/main.c:102:9: warning: unused variable 'result1' [-Wunused-variable]
  102 |   float result1 = 0;
      |         ^~~~~~~
../Core/Src/main.c:97:9: warning: unused variable 'array' [-Wunused-variable]
   97 |   float array[10] = {48.21, 79.48, 24.27, 28.82, 78.24, 88.49, 31.19, 5.52, 82.70, 77.73};
      |         ^~~~~
../Core/Src/main.c:95:12: warning: unused variable 'maxIndex' [-Wunused-variable]
   95 |   uint32_t maxIndex;
      |            ^~~~~~~~
../Core/Src/main.c:94:9: warning: unused variable 'max' [-Wunused-variable]
   94 |   float max = 0;
      |         ^~~
arm-none-eabi-gcc -o "Lab1_444.elf" @"objects.list"  -larm_cortexM4lf_math -mcpu=cortex-m4 -T"C:\Applications\STM32CubeIDE\ECSE444_Workspace\Lab1_444\STM32L4S5VITX_FLASH.ld" --specs=nosys.specs -Wl,-Map="Lab1_444.map" -Wl,--gc-sections -static -L"C:\Applications\STM32CubeIDE\ECSE444_Workspace\Lab1_444\Core\Lib" --specs=nano.specs -mfpu=fpv4-sp-d16 -mfloat-abi=hard -mthumb -Wl,--start-group -lc -lm -Wl,--end-group
Finished building target: Lab1_444.elf
 
arm-none-eabi-size  Lab1_444.elf 
arm-none-eabi-objdump -h -S Lab1_444.elf  > "Lab1_444.list"
   text	   data	    bss	    dec	    hex	filename
   8652	     92	   1884	  10628	   2984	Lab1_444.elf
Finished building: default.size.stdout
 
Finished building: Lab1_444.list
 
22:19:03 **** Incremental Build of configuration Debug for project Lab1_444 ****
make -j16 all 
arm-none-eabi-gcc "../Core/Src/main.c" -mcpu=cortex-m4 -std=gnu11 -g3 -DDEBUG -DUSE_HAL_DRIVER -DSTM32L4S5xx -c -I../Core/Inc -I../Drivers/STM32L4xx_HAL_Driver/Inc -I../Drivers/STM32L4xx_HAL_Driver/Inc/Legacy -I../Drivers/CMSIS/Device/ST/STM32L4xx/Include -I../Drivers/CMSIS/Include -O0 -ffunction-sections -fdata-sections -Wall -fstack-usage -fcyclomatic-complexity -MMD -MP -MF"Core/Src/main.d" -MT"Core/Src/main.o" --specs=nano.specs -mfpu=fpv4-sp-d16 -mfloat-abi=hard -mthumb -o "Core/Src/main.o"
../Core/Src/main.c: In function 'main':
../Core/Src/main.c:104:12: warning: unused variable 'iterations' [-Wunused-variable]
  104 |   uint32_t iterations = 10;
      |            ^~~~~~~~~~
../Core/Src/main.c:97:9: warning: unused variable 'array' [-Wunused-variable]
   97 |   float array[10] = {48.21, 79.48, 24.27, 28.82, 78.24, 88.49, 31.19, 5.52, 82.70, 77.73};
      |         ^~~~~
../Core/Src/main.c:95:12: warning: unused variable 'maxIndex' [-Wunused-variable]
   95 |   uint32_t maxIndex;
      |            ^~~~~~~~
../Core/Src/main.c:94:9: warning: unused variable 'max' [-Wunused-variable]
   94 |   float max = 0;
      |         ^~~
arm-none-eabi-gcc -o "Lab1_444.elf" @"objects.list"  -larm_cortexM4lf_math -mcpu=cortex-m4 -T"C:\Applications\STM32CubeIDE\ECSE444_Workspace\Lab1_444\STM32L4S5VITX_FLASH.ld" --specs=nosys.specs -Wl,-Map="Lab1_444.map" -Wl,--gc-sections -static -L"C:\Applications\STM32CubeIDE\ECSE444_Workspace\Lab1_444\Core\Lib" --specs=nano.specs -mfpu=fpv4-sp-d16 -mfloat-abi=hard -mthumb -Wl,--start-group -lc -lm -Wl,--end-group
Finished building target: Lab1_444.elf
 
arm-none-eabi-size  Lab1_444.elf 
arm-none-eabi-objdump -h -S Lab1_444.elf  > "Lab1_444.list"
   text	   data	    bss	    dec	    hex	filename
   8668	     92	   1884	  10644	   2994	Lab1_444.elf
Finished building: default.size.stdout
 
Finished building: Lab1_444.list
 
22:28:15 **** Incremental Build of configuration Debug for project Lab1_444 ****
make -j16 all 
arm-none-eabi-gcc "../Core/Src/main.c" -mcpu=cortex-m4 -std=gnu11 -g3 -DDEBUG -DUSE_HAL_DRIVER -DSTM32L4S5xx -c -I../Core/Inc -I../Drivers/STM32L4xx_HAL_Driver/Inc -I../Drivers/STM32L4xx_HAL_Driver/Inc/Legacy -I../Drivers/CMSIS/Device/ST/STM32L4xx/Include -I../Drivers/CMSIS/Include -O0 -ffunction-sections -fdata-sections -Wall -fstack-usage -fcyclomatic-complexity -MMD -MP -MF"Core/Src/main.d" -MT"Core/Src/main.o" --specs=nano.specs -mfpu=fpv4-sp-d16 -mfloat-abi=hard -mthumb -o "Core/Src/main.o"
../Core/Src/main.c: In function 'main':
../Core/Src/main.c:120:36: error: 'result' undeclared (first use in this function); did you mean 'result3'?
  120 |                 armSquareRoot(x1, &result);
      |                                    ^~~~~~
      |                                    result3
../Core/Src/main.c:120:36: note: each undeclared identifier is reported only once for each function it appears in
../Core/Src/main.c:107:12: warning: unused variable 'iterations' [-Wunused-variable]
  107 |   uint32_t iterations = 10;
      |            ^~~~~~~~~~
../Core/Src/main.c:104:9: warning: unused variable 'result1' [-Wunused-variable]
  104 |   float result1 = 0;
      |         ^~~~~~~
../Core/Src/main.c:100:9: warning: unused variable 'phi' [-Wunused-variable]
  100 |   float phi = 1;
      |         ^~~
../Core/Src/main.c:99:9: warning: unused variable 'omega' [-Wunused-variable]
   99 |   float omega = 2;
      |         ^~~~~
../Core/Src/main.c:98:9: warning: unused variable 'x' [-Wunused-variable]
   98 |   float x = -0.8;
      |         ^
../Core/Src/main.c:97:9: warning: unused variable 'array' [-Wunused-variable]
   97 |   float array[10] = {48.21, 79.48, 24.27, 28.82, 78.24, 88.49, 31.19, 5.52, 82.70, 77.73};
      |         ^~~~~
../Core/Src/main.c:95:12: warning: unused variable 'maxIndex' [-Wunused-variable]
   95 |   uint32_t maxIndex;
      |            ^~~~~~~~
../Core/Src/main.c:94:9: warning: unused variable 'max' [-Wunused-variable]
   94 |   float max = 0;
      |         ^~~
make: *** [Core/Src/subdir.mk:61: Core/Src/main.o] Error 1
"make -j16 all" terminated with exit code 2. Build might be incomplete.
22:28:32 **** Incremental Build of configuration Debug for project Lab1_444 ****
make -j16 all 
arm-none-eabi-gcc "../Core/Src/main.c" -mcpu=cortex-m4 -std=gnu11 -g3 -DDEBUG -DUSE_HAL_DRIVER -DSTM32L4S5xx -c -I../Core/Inc -I../Drivers/STM32L4xx_HAL_Driver/Inc -I../Drivers/STM32L4xx_HAL_Driver/Inc/Legacy -I../Drivers/CMSIS/Device/ST/STM32L4xx/Include -I../Drivers/CMSIS/Include -O0 -ffunction-sections -fdata-sections -Wall -fstack-usage -fcyclomatic-complexity -MMD -MP -MF"Core/Src/main.d" -MT"Core/Src/main.o" --specs=nano.specs -mfpu=fpv4-sp-d16 -mfloat-abi=hard -mthumb -o "Core/Src/main.o"
../Core/Src/main.c: In function 'main':
../Core/Src/main.c:107:12: warning: unused variable 'iterations' [-Wunused-variable]
  107 |   uint32_t iterations = 10;
      |            ^~~~~~~~~~
../Core/Src/main.c:100:9: warning: unused variable 'phi' [-Wunused-variable]
  100 |   float phi = 1;
      |         ^~~
../Core/Src/main.c:99:9: warning: unused variable 'omega' [-Wunused-variable]
   99 |   float omega = 2;
      |         ^~~~~
../Core/Src/main.c:98:9: warning: unused variable 'x' [-Wunused-variable]
   98 |   float x = -0.8;
      |         ^
../Core/Src/main.c:97:9: warning: unused variable 'array' [-Wunused-variable]
   97 |   float array[10] = {48.21, 79.48, 24.27, 28.82, 78.24, 88.49, 31.19, 5.52, 82.70, 77.73};
      |         ^~~~~
../Core/Src/main.c:95:12: warning: unused variable 'maxIndex' [-Wunused-variable]
   95 |   uint32_t maxIndex;
      |            ^~~~~~~~
../Core/Src/main.c:94:9: warning: unused variable 'max' [-Wunused-variable]
   94 |   float max = 0;
      |         ^~~
arm-none-eabi-gcc -o "Lab1_444.elf" @"objects.list"  -larm_cortexM4lf_math -mcpu=cortex-m4 -T"C:\Applications\STM32CubeIDE\ECSE444_Workspace\Lab1_444\STM32L4S5VITX_FLASH.ld" --specs=nosys.specs -Wl,-Map="Lab1_444.map" -Wl,--gc-sections -static -L"C:\Applications\STM32CubeIDE\ECSE444_Workspace\Lab1_444\Core\Lib" --specs=nano.specs -mfpu=fpv4-sp-d16 -mfloat-abi=hard -mthumb -Wl,--start-group -lc -lm -Wl,--end-group
Finished building target: Lab1_444.elf
 
arm-none-eabi-size  Lab1_444.elf 
arm-none-eabi-objdump -h -S Lab1_444.elf  > "Lab1_444.list"
   text	   data	    bss	    dec	    hex	filename
   6240	     92	   1884	   8216	   2018	Lab1_444.elf
Finished building: default.size.stdout
 
Finished building: Lab1_444.list
 
23:15:12 **** Build of configuration Debug for project Lab1_444 ****
make -j16 all 
arm-none-eabi-gcc -mcpu=cortex-m4 -g3 -DDEBUG -c -x assembler-with-cpp -MMD -MP -MF"Core/Src/armCosine.d" -MT"Core/Src/armCosine.o" --specs=nano.specs -mfpu=fpv4-sp-d16 -mfloat-abi=hard -mthumb -o "Core/Src/armCosine.o" "../Core/Src/armCosine.s"
arm-none-eabi-gcc -mcpu=cortex-m4 -g3 -DDEBUG -c -x assembler-with-cpp -MMD -MP -MF"Core/Src/armSquareRoot.d" -MT"Core/Src/armSquareRoot.o" --specs=nano.specs -mfpu=fpv4-sp-d16 -mfloat-abi=hard -mthumb -o "Core/Src/armSquareRoot.o" "../Core/Src/armSquareRoot.s"
arm-none-eabi-gcc -mcpu=cortex-m4 -g3 -DDEBUG -c -x assembler-with-cpp -MMD -MP -MF"Core/Src/armSquareRoot2.d" -MT"Core/Src/armSquareRoot2.o" --specs=nano.specs -mfpu=fpv4-sp-d16 -mfloat-abi=hard -mthumb -o "Core/Src/armSquareRoot2.o" "../Core/Src/armSquareRoot2.s"
arm-none-eabi-gcc -mcpu=cortex-m4 -g3 -DDEBUG -c -x assembler-with-cpp -MMD -MP -MF"Core/Src/asmMax.d" -MT"Core/Src/asmMax.o" --specs=nano.specs -mfpu=fpv4-sp-d16 -mfloat-abi=hard -mthumb -o "Core/Src/asmMax.o" "../Core/Src/asmMax.s"
arm-none-eabi-gcc -mcpu=cortex-m4 -g3 -DDEBUG -c -x assembler-with-cpp -MMD -MP -MF"Core/Src/asmTans.d" -MT"Core/Src/asmTans.o" --specs=nano.specs -mfpu=fpv4-sp-d16 -mfloat-abi=hard -mthumb -o "Core/Src/asmTans.o" "../Core/Src/asmTans.s"
arm-none-eabi-gcc -mcpu=cortex-m4 -g3 -DDEBUG -c -x assembler-with-cpp -MMD -MP -MF"Core/Src/asmTrans.d" -MT"Core/Src/asmTrans.o" --specs=nano.specs -mfpu=fpv4-sp-d16 -mfloat-abi=hard -mthumb -o "Core/Src/asmTrans.o" "../Core/Src/asmTrans.s"
arm-none-eabi-gcc "../Core/Src/cSquareRoot.c" -mcpu=cortex-m4 -std=gnu11 -g3 -DDEBUG -DUSE_HAL_DRIVER -DSTM32L4S5xx -c -I../Core/Inc -I../Drivers/STM32L4xx_HAL_Driver/Inc -I../Drivers/STM32L4xx_HAL_Driver/Inc/Legacy -I../Drivers/CMSIS/Device/ST/STM32L4xx/Include -I../Drivers/CMSIS/Include -O0 -ffunction-sections -fdata-sections -Wall -fstack-usage -fcyclomatic-complexity -MMD -MP -MF"Core/Src/cSquareRoot.d" -MT"Core/Src/cSquareRoot.o" --specs=nano.specs -mfpu=fpv4-sp-d16 -mfloat-abi=hard -mthumb -o "Core/Src/cSquareRoot.o"
arm-none-eabi-gcc "../Core/Src/cmax.c" -mcpu=cortex-m4 -std=gnu11 -g3 -DDEBUG -DUSE_HAL_DRIVER -DSTM32L4S5xx -c -I../Core/Inc -I../Drivers/STM32L4xx_HAL_Driver/Inc -I../Drivers/STM32L4xx_HAL_Driver/Inc/Legacy -I../Drivers/CMSIS/Device/ST/STM32L4xx/Include -I../Drivers/CMSIS/Include -O0 -ffunction-sections -fdata-sections -Wall -fstack-usage -fcyclomatic-complexity -MMD -MP -MF"Core/Src/cmax.d" -MT"Core/Src/cmax.o" --specs=nano.specs -mfpu=fpv4-sp-d16 -mfloat-abi=hard -mthumb -o "Core/Src/cmax.o"
arm-none-eabi-gcc "../Core/Src/ctrans.c" -mcpu=cortex-m4 -std=gnu11 -g3 -DDEBUG -DUSE_HAL_DRIVER -DSTM32L4S5xx -c -I../Core/Inc -I../Drivers/STM32L4xx_HAL_Driver/Inc -I../Drivers/STM32L4xx_HAL_Driver/Inc/Legacy -I../Drivers/CMSIS/Device/ST/STM32L4xx/Include -I../Drivers/CMSIS/Include -O0 -ffunction-sections -fdata-sections -Wall -fstack-usage -fcyclomatic-complexity -MMD -MP -MF"Core/Src/ctrans.d" -MT"Core/Src/ctrans.o" --specs=nano.specs -mfpu=fpv4-sp-d16 -mfloat-abi=hard -mthumb -o "Core/Src/ctrans.o"
arm-none-eabi-gcc "../Core/Src/main.c" -mcpu=cortex-m4 -std=gnu11 -g3 -DDEBUG -DUSE_HAL_DRIVER -DSTM32L4S5xx -c -I../Core/Inc -I../Drivers/STM32L4xx_HAL_Driver/Inc -I../Drivers/STM32L4xx_HAL_Driver/Inc/Legacy -I../Drivers/CMSIS/Device/ST/STM32L4xx/Include -I../Drivers/CMSIS/Include -O0 -ffunction-sections -fdata-sections -Wall -fstack-usage -fcyclomatic-complexity -MMD -MP -MF"Core/Src/main.d" -MT"Core/Src/main.o" --specs=nano.specs -mfpu=fpv4-sp-d16 -mfloat-abi=hard -mthumb -o "Core/Src/main.o"
arm-none-eabi-gcc "../Core/Src/stm32l4xx_hal_msp.c" -mcpu=cortex-m4 -std=gnu11 -g3 -DDEBUG -DUSE_HAL_DRIVER -DSTM32L4S5xx -c -I../Core/Inc -I../Drivers/STM32L4xx_HAL_Driver/Inc -I../Drivers/STM32L4xx_HAL_Driver/Inc/Legacy -I../Drivers/CMSIS/Device/ST/STM32L4xx/Include -I../Drivers/CMSIS/Include -O0 -ffunction-sections -fdata-sections -Wall -fstack-usage -fcyclomatic-complexity -MMD -MP -MF"Core/Src/stm32l4xx_hal_msp.d" -MT"Core/Src/stm32l4xx_hal_msp.o" --specs=nano.specs -mfpu=fpv4-sp-d16 -mfloat-abi=hard -mthumb -o "Core/Src/stm32l4xx_hal_msp.o"
arm-none-eabi-gcc "../Core/Src/stm32l4xx_it.c" -mcpu=cortex-m4 -std=gnu11 -g3 -DDEBUG -DUSE_HAL_DRIVER -DSTM32L4S5xx -c -I../Core/Inc -I../Drivers/STM32L4xx_HAL_Driver/Inc -I../Drivers/STM32L4xx_HAL_Driver/Inc/Legacy -I../Drivers/CMSIS/Device/ST/STM32L4xx/Include -I../Drivers/CMSIS/Include -O0 -ffunction-sections -fdata-sections -Wall -fstack-usage -fcyclomatic-complexity -MMD -MP -MF"Core/Src/stm32l4xx_it.d" -MT"Core/Src/stm32l4xx_it.o" --specs=nano.specs -mfpu=fpv4-sp-d16 -mfloat-abi=hard -mthumb -o "Core/Src/stm32l4xx_it.o"
arm-none-eabi-gcc "../Core/Src/syscalls.c" -mcpu=cortex-m4 -std=gnu11 -g3 -DDEBUG -DUSE_HAL_DRIVER -DSTM32L4S5xx -c -I../Core/Inc -I../Drivers/STM32L4xx_HAL_Driver/Inc -I../Drivers/STM32L4xx_HAL_Driver/Inc/Legacy -I../Drivers/CMSIS/Device/ST/STM32L4xx/Include -I../Drivers/CMSIS/Include -O0 -ffunction-sections -fdata-sections -Wall -fstack-usage -fcyclomatic-complexity -MMD -MP -MF"Core/Src/syscalls.d" -MT"Core/Src/syscalls.o" --specs=nano.specs -mfpu=fpv4-sp-d16 -mfloat-abi=hard -mthumb -o "Core/Src/syscalls.o"
arm-none-eabi-gcc "../Core/Src/sysmem.c" -mcpu=cortex-m4 -std=gnu11 -g3 -DDEBUG -DUSE_HAL_DRIVER -DSTM32L4S5xx -c -I../Core/Inc -I../Drivers/STM32L4xx_HAL_Driver/Inc -I../Drivers/STM32L4xx_HAL_Driver/Inc/Legacy -I../Drivers/CMSIS/Device/ST/STM32L4xx/Include -I../Drivers/CMSIS/Include -O0 -ffunction-sections -fdata-sections -Wall -fstack-usage -fcyclomatic-complexity -MMD -MP -MF"Core/Src/sysmem.d" -MT"Core/Src/sysmem.o" --specs=nano.specs -mfpu=fpv4-sp-d16 -mfloat-abi=hard -mthumb -o "Core/Src/sysmem.o"
arm-none-eabi-gcc "../Core/Src/system_stm32l4xx.c" -mcpu=cortex-m4 -std=gnu11 -g3 -DDEBUG -DUSE_HAL_DRIVER -DSTM32L4S5xx -c -I../Core/Inc -I../Drivers/STM32L4xx_HAL_Driver/Inc -I../Drivers/STM32L4xx_HAL_Driver/Inc/Legacy -I../Drivers/CMSIS/Device/ST/STM32L4xx/Include -I../Drivers/CMSIS/Include -O0 -ffunction-sections -fdata-sections -Wall -fstack-usage -fcyclomatic-complexity -MMD -MP -MF"Core/Src/system_stm32l4xx.d" -MT"Core/Src/system_stm32l4xx.o" --specs=nano.specs -mfpu=fpv4-sp-d16 -mfloat-abi=hard -mthumb -o "Core/Src/system_stm32l4xx.o"
../Core/Src/main.c: In function 'main':
../Core/Src/main.c:110:9: error: redefinition of 'omega'
  110 |   float omega = 1.0f;
      |         ^~~~~
../Core/Src/main.c:99:9: note: previous definition of 'omega' with type 'float'
   99 |   float omega = 2;
      |         ^~~~~
../Core/Src/main.c:111:9: error: redefinition of 'phi'
  111 |   float phi = 0.5f;
      |         ^~~
../Core/Src/main.c:100:9: note: previous definition of 'phi' with type 'float'
  100 |   float phi = 1;
      |         ^~~
../Core/Src/main.c:115:12: error: redefinition of 'iterations'
  115 |   uint32_t iterations = 10;
      |            ^~~~~~~~~~
../Core/Src/main.c:112:12: note: previous definition of 'iterations' with type 'uint32_t' {aka 'long unsigned int'}
  112 |   uint32_t iterations = 10;
      |            ^~~~~~~~~~
../Core/Src/main.c:98:9: warning: unused variable 'x' [-Wunused-variable]
   98 |   float x = -0.8;
      |         ^
../Core/Src/main.c:97:9: warning: unused variable 'array' [-Wunused-variable]
   97 |   float array[10] = {48.21, 79.48, 24.27, 28.82, 78.24, 88.49, 31.19, 5.52, 82.70, 77.73};
      |         ^~~~~
../Core/Src/main.c:95:12: warning: unused variable 'maxIndex' [-Wunused-variable]
   95 |   uint32_t maxIndex;
      |            ^~~~~~~~
../Core/Src/main.c:94:9: warning: unused variable 'max' [-Wunused-variable]
   94 |   float max = 0;
      |         ^~~
make: *** [Core/Src/subdir.mk:67: Core/Src/main.o] Error 1
make: *** Waiting for unfinished jobs....
"make -j16 all" terminated with exit code 2. Build might be incomplete.
23:16:22 **** Incremental Build of configuration Debug for project Lab1_444 ****
make -j16 all 
arm-none-eabi-gcc "../Core/Src/main.c" -mcpu=cortex-m4 -std=gnu11 -g3 -DDEBUG -DUSE_HAL_DRIVER -DSTM32L4S5xx -c -I../Core/Inc -I../Drivers/STM32L4xx_HAL_Driver/Inc -I../Drivers/STM32L4xx_HAL_Driver/Inc/Legacy -I../Drivers/CMSIS/Device/ST/STM32L4xx/Include -I../Drivers/CMSIS/Include -O0 -ffunction-sections -fdata-sections -Wall -fstack-usage -fcyclomatic-complexity -MMD -MP -MF"Core/Src/main.d" -MT"Core/Src/main.o" --specs=nano.specs -mfpu=fpv4-sp-d16 -mfloat-abi=hard -mthumb -o "Core/Src/main.o"
../Core/Src/main.c: In function 'main':
../Core/Src/main.c:98:9: warning: unused variable 'x' [-Wunused-variable]
   98 |   float x = -0.8;
      |         ^
../Core/Src/main.c:97:9: warning: unused variable 'array' [-Wunused-variable]
   97 |   float array[10] = {48.21, 79.48, 24.27, 28.82, 78.24, 88.49, 31.19, 5.52, 82.70, 77.73};
      |         ^~~~~
../Core/Src/main.c:95:12: warning: unused variable 'maxIndex' [-Wunused-variable]
   95 |   uint32_t maxIndex;
      |            ^~~~~~~~
../Core/Src/main.c:94:9: warning: unused variable 'max' [-Wunused-variable]
   94 |   float max = 0;
      |         ^~~
arm-none-eabi-gcc -o "Lab1_444.elf" @"objects.list"  -larm_cortexM4lf_math -mcpu=cortex-m4 -T"C:\Applications\STM32CubeIDE\ECSE444_Workspace\Lab1_444\STM32L4S5VITX_FLASH.ld" --specs=nosys.specs -Wl,-Map="Lab1_444.map" -Wl,--gc-sections -static -L"C:\Applications\STM32CubeIDE\ECSE444_Workspace\Lab1_444\Core\Lib" --specs=nano.specs -mfpu=fpv4-sp-d16 -mfloat-abi=hard -mthumb -Wl,--start-group -lc -lm -Wl,--end-group
C:/Applications/STM32CubeIDE/STM32CubeIDE_1.18.1/STM32CubeIDE/plugins/com.st.stm32cube.ide.mcu.externaltools.gnu-tools-for-stm32.13.3.rel1.win32_1.0.0.202411081344/tools/bin/../lib/gcc/arm-none-eabi/13.3.1/../../../../arm-none-eabi/bin/ld.exe: ./Core/Src/asmTrans.o: in function `asmTrans':
C:/Applications/STM32CubeIDE/ECSE444_Workspace/Lab1_444/Debug/../Core/Src/asmTrans.s:21: multiple definition of `asmTrans'; ./Core/Src/asmTans.o:C:/Applications/STM32CubeIDE/ECSE444_Workspace/Lab1_444/Debug/../Core/Src/asmTans.s:28: first defined here
collect2.exe: error: ld returned 1 exit status
make: *** [makefile:64: Lab1_444.elf] Error 1
"make -j16 all" terminated with exit code 2. Build might be incomplete.
23:16:58 **** Incremental Build of configuration Debug for project Lab1_444 ****
make -j16 all 
arm-none-eabi-gcc -mcpu=cortex-m4 -g3 -DDEBUG -c -x assembler-with-cpp -MMD -MP -MF"Core/Src/armCosine.d" -MT"Core/Src/armCosine.o" --specs=nano.specs -mfpu=fpv4-sp-d16 -mfloat-abi=hard -mthumb -o "Core/Src/armCosine.o" "../Core/Src/armCosine.s"
arm-none-eabi-gcc -mcpu=cortex-m4 -g3 -DDEBUG -c -x assembler-with-cpp -MMD -MP -MF"Core/Src/armSquareRoot.d" -MT"Core/Src/armSquareRoot.o" --specs=nano.specs -mfpu=fpv4-sp-d16 -mfloat-abi=hard -mthumb -o "Core/Src/armSquareRoot.o" "../Core/Src/armSquareRoot.s"
arm-none-eabi-gcc -mcpu=cortex-m4 -g3 -DDEBUG -c -x assembler-with-cpp -MMD -MP -MF"Core/Src/armSquareRoot2.d" -MT"Core/Src/armSquareRoot2.o" --specs=nano.specs -mfpu=fpv4-sp-d16 -mfloat-abi=hard -mthumb -o "Core/Src/armSquareRoot2.o" "../Core/Src/armSquareRoot2.s"
arm-none-eabi-gcc -mcpu=cortex-m4 -g3 -DDEBUG -c -x assembler-with-cpp -MMD -MP -MF"Core/Src/asmMax.d" -MT"Core/Src/asmMax.o" --specs=nano.specs -mfpu=fpv4-sp-d16 -mfloat-abi=hard -mthumb -o "Core/Src/asmMax.o" "../Core/Src/asmMax.s"
arm-none-eabi-gcc -mcpu=cortex-m4 -g3 -DDEBUG -c -x assembler-with-cpp -MMD -MP -MF"Core/Src/asmTans.d" -MT"Core/Src/asmTans.o" --specs=nano.specs -mfpu=fpv4-sp-d16 -mfloat-abi=hard -mthumb -o "Core/Src/asmTans.o" "../Core/Src/asmTans.s"
arm-none-eabi-gcc "../Core/Src/cSquareRoot.c" -mcpu=cortex-m4 -std=gnu11 -g3 -DDEBUG -DUSE_HAL_DRIVER -DSTM32L4S5xx -c -I../Core/Inc -I../Drivers/STM32L4xx_HAL_Driver/Inc -I../Drivers/STM32L4xx_HAL_Driver/Inc/Legacy -I../Drivers/CMSIS/Device/ST/STM32L4xx/Include -I../Drivers/CMSIS/Include -O0 -ffunction-sections -fdata-sections -Wall -fstack-usage -fcyclomatic-complexity -MMD -MP -MF"Core/Src/cSquareRoot.d" -MT"Core/Src/cSquareRoot.o" --specs=nano.specs -mfpu=fpv4-sp-d16 -mfloat-abi=hard -mthumb -o "Core/Src/cSquareRoot.o"
[...]
arm-none-eabi-gcc "../Core/Src/sysmem.c" -mcpu=cortex-m4 -std=gnu11 -g3 -DDEBUG -DUSE_HAL_DRIVER -DSTM32L4S5xx -c -I../Core/Inc -I../Drivers/STM32L4xx_HAL_Driver/Inc -I../Drivers/STM32L4xx_HAL_Driver/Inc/Legacy -I../Drivers/CMSIS/Device/ST/STM32L4xx/Include -I../Drivers/CMSIS/Include -O0 -ffunction-sections -fdata-sections -Wall -fstack-usage -fcyclomatic-complexity -MMD -MP -MF"Core/Src/sysmem.d" -MT"Core/Src/sysmem.o" --specs=nano.specs -mfpu=fpv4-sp-d16 -mfloat-abi=hard -mthumb -o "Core/Src/sysmem.o"
arm-none-eabi-gcc "../Core/Src/system_stm32l4xx.c" -mcpu=cortex-m4 -std=gnu11 -g3 -DDEBUG -DUSE_HAL_DRIVER -DSTM32L4S5xx -c -I../Core/Inc -I../Drivers/STM32L4xx_HAL_Driver/Inc -I../Drivers/STM32L4xx_HAL_Driver/Inc/Legacy -I../Drivers/CMSIS/Device/ST/STM32L4xx/Include -I../Drivers/CMSIS/Include -O0 -ffunction-sections -fdata-sections -Wall -fstack-usage -fcyclomatic-complexity -MMD -MP -MF"Core/Src/system_stm32l4xx.d" -MT"Core/Src/system_stm32l4xx.o" --specs=nano.specs -mfpu=fpv4-sp-d16 -mfloat-abi=hard -mthumb -o "Core/Src/system_stm32l4xx.o"
arm-none-eabi-gcc -o "Lab1_444.elf" @"objects.list"  -larm_cortexM4lf_math -mcpu=cortex-m4 -T"C:\Applications\STM32CubeIDE\ECSE444_Workspace\Lab1_444\STM32L4S5VITX_FLASH.ld" --specs=nosys.specs -Wl,-Map="Lab1_444.map" -Wl,--gc-sections -static -L"C:\Applications\STM32CubeIDE\ECSE444_Workspace\Lab1_444\Core\Lib" --specs=nano.specs -mfpu=fpv4-sp-d16 -mfloat-abi=hard -mthumb -Wl,--start-group -lc -lm -Wl,--end-group
Finished building target: Lab1_444.elf
 
arm-none-eabi-size  Lab1_444.elf 
arm-none-eabi-objdump -h -S Lab1_444.elf  > "Lab1_444.list"
   text	   data	    bss	    dec	    hex	filename
   8992	     92	   1884	  10968	   2ad8	Lab1_444.elf
Finished building: default.size.stdout
 
Finished building: Lab1_444.list
 
10:38:12 **** Incremental Build of configuration Debug for project Lab1_444 ****
make -j16 all 
arm-none-eabi-gcc "../Core/Src/main.c" -mcpu=cortex-m4 -std=gnu11 -g3 -DDEBUG -DUSE_HAL_DRIVER -DSTM32L4S5xx -c -I../Core/Inc -I../Drivers/STM32L4xx_HAL_Driver/Inc -I../Drivers/STM32L4xx_HAL_Driver/Inc/Legacy -I../Drivers/CMSIS/Device/ST/STM32L4xx/Include -I../Drivers/CMSIS/Include -O0 -ffunction-sections -fdata-sections -Wall -fstack-usage -fcyclomatic-complexity -MMD -MP -MF"Core/Src/main.d" -MT"Core/Src/main.o" --specs=nano.specs -mfpu=fpv4-sp-d16 -mfloat-abi=hard -mthumb -o "Core/Src/main.o"
arm-none-eabi-gcc -o "Lab1_444.elf" @"objects.list"  -larm_cortexM4lf_math -mcpu=cortex-m4 -T"C:\Applications\STM32CubeIDE\ECSE444_Workspace\Lab1_444\STM32L4S5VITX_FLASH.ld" --specs=nosys.specs -Wl,-Map="Lab1_444.map" -Wl,--gc-sections -static -L"C:\Applications\STM32CubeIDE\ECSE444_Workspace\Lab1_444\Core\Lib" --specs=nano.specs -mfpu=fpv4-sp-d16 -mfloat-abi=hard -mthumb -Wl,--start-group -lc -lm -Wl,--end-group
Finished building target: Lab1_444.elf
 
arm-none-eabi-size  Lab1_444.elf 
arm-none-eabi-objdump -h -S Lab1_444.elf  > "Lab1_444.list"
   text	   data	    bss	    dec	    hex	filename
   8992	     92	   1884	  10968	   2ad8	Lab1_444.elf
Finished building: default.size.stdout
 
Finished building: Lab1_444.list
 
21:11:57 **** Incremental Build of configuration Debug for project Lab1_444 ****
make -j16 all 
arm-none-eabi-size  Lab1_444.elf 
   text	   data	    bss	    dec	    hex	filename
   8992	     92	   1884	  10968	   2ad8	Lab1_444.elf
Finished building: default.size.stdout
 
21:16:37 **** Incremental Build of configuration Debug for project Lab1_444 ****
make -j16 all 
arm-none-eabi-gcc "../Drivers/STM32L4xx_HAL_Driver/Src/stm32l4xx_hal.c" -mcpu=cortex-m4 -std=gnu11 -g3 -DDEBUG -DUSE_HAL_DRIVER -DSTM32L4S5xx -c -I../Core/Inc -I../Drivers/STM32L4xx_HAL_Driver/Inc -I../Drivers/STM32L4xx_HAL_Driver/Inc/Legacy -I../Drivers/CMSIS/Device/ST/STM32L4xx/Include -I../Drivers/CMSIS/Include -O2 -ffunction-sections -fdata-sections -Wall -fstack-usage -fcyclomatic-complexity -MMD -MP -MF"Drivers/STM32L4xx_HAL_Driver/Src/stm32l4xx_hal.d" -MT"Drivers/STM32L4xx_HAL_Driver/Src/stm32l4xx_hal.o" --specs=nano.specs -mfpu=fpv4-sp-d16 -mfloat-abi=hard -mthumb -o "Drivers/STM32L4xx_HAL_Driver/Src/stm32l4xx_hal.o"
arm-none-eabi-gcc "../Drivers/STM32L4xx_HAL_Driver/Src/stm32l4xx_hal_cortex.c" -mcpu=cortex-m4 -std=gnu11 -g3 -DDEBUG -DUSE_HAL_DRIVER -DSTM32L4S5xx -c -I../Core/Inc -I../Drivers/STM32L4xx_HAL_Driver/Inc -I../Drivers/STM32L4xx_HAL_Driver/Inc/Legacy -I../Drivers/CMSIS/Device/ST/STM32L4xx/Include -I../Drivers/CMSIS/Include -O2 -ffunction-sections -fdata-sections -Wall -fstack-usage -fcyclomatic-complexity -MMD -MP -MF"Drivers/STM32L4xx_HAL_Driver/Src/stm32l4xx_hal_cortex.d" -MT"Drivers/STM32L4xx_HAL_Driver/Src/stm32l4xx_hal_cortex.o" --specs=nano.specs -mfpu=fpv4-sp-d16 -mfloat-abi=hard -mthumb -o "Drivers/STM32L4xx_HAL_Driver/Src/stm32l4xx_hal_cortex.o"
arm-none-eabi-gcc "../Drivers/STM32L4xx_HAL_Driver/Src/stm32l4xx_hal_dma.c" -mcpu=cortex-m4 -std=gnu11 -g3 -DDEBUG -DUSE_HAL_DRIVER -DSTM32L4S5xx -c -I../Core/Inc -I../Drivers/STM32L4xx_HAL_Driver/Inc -I../Drivers/STM32L4xx_HAL_Driver/Inc/Legacy -I../Drivers/CMSIS/Device/ST/STM32L4xx/Include -I../Drivers/CMSIS/Include -O2 -ffunction-sections -fdata-sections -Wall -fstack-usage -fcyclomatic-complexity -MMD -MP -MF"Drivers/STM32L4xx_HAL_Driver/Src/stm32l4xx_hal_dma.d" -MT"Drivers/STM32L4xx_HAL_Driver/Src/stm32l4xx_hal_dma.o" --specs=nano.specs -mfpu=fpv4-sp-d16 -mfloat-abi=hard -mthumb -o "Drivers/STM32L4xx_HAL_Driver/Src/stm32l4xx_hal_dma.o"
arm-none-eabi-gcc "../Drivers/STM32L4xx_HAL_Driver/Src/stm32l4xx_hal_dma_ex.c" -mcpu=cortex-m4 -std=gnu11 -g3 -DDEBUG -DUSE_HAL_DRIVER -DSTM32L4S5xx -c -I../Core/Inc -I../Drivers/STM32L4xx_HAL_Driver/Inc -I../Drivers/STM32L4xx_HAL_Driver/Inc/Legacy -I../Drivers/CMSIS/Device/ST/STM32L4xx/Include -I../Drivers/CMSIS/Include -O2 -ffunction-sections -fdata-sections -Wall -fstack-usage -fcyclomatic-complexity -MMD -MP -MF"Drivers/STM32L4xx_HAL_Driver/Src/stm32l4xx_hal_dma_ex.d" -MT"Drivers/STM32L4xx_HAL_Driver/Src/stm32l4xx_hal_dma_ex.o" --specs=nano.specs -mfpu=fpv4-sp-d16 -mfloat-abi=hard -mthumb -o "Drivers/STM32L4xx_HAL_Driver/Src/stm32l4xx_hal_dma_ex.o"
arm-none-eabi-gcc "../Drivers/STM32L4xx_HAL_Driver/Src/stm32l4xx_hal_exti.c" -mcpu=cortex-m4 -std=gnu11 -g3 -DDEBUG -DUSE_HAL_DRIVER -DSTM32L4S5xx -c -I../Core/Inc -I../Drivers/STM32L4xx_HAL_Driver/Inc -I../Drivers/STM32L4xx_HAL_Driver/Inc/Legacy -I../Drivers/CMSIS/Device/ST/STM32L4xx/Include -I../Drivers/CMSIS/Include -O2 -ffunction-sections -fdata-sections -Wall -fstack-usage -fcyclomatic-complexity -MMD -MP -MF"Drivers/STM32L4xx_HAL_Driver/Src/stm32l4xx_hal_exti.d" -MT"Drivers/STM32L4xx_HAL_Driver/Src/stm32l4xx_hal_exti.o" --specs=nano.specs -mfpu=fpv4-sp-d16 -mfloat-abi=hard -mthumb -o "Drivers/STM32L4xx_HAL_Driver/Src/stm32l4xx_hal_exti.o"
arm-none-eabi-gcc "../Drivers/STM32L4xx_HAL_Driver/Src/stm32l4xx_hal_flash.c" -mcpu=cortex-m4 -std=gnu11 -g3 -DDEBUG -DUSE_HAL_DRIVER -DSTM32L4S5xx -c -I../Core/Inc -I../Drivers/STM32L4xx_HAL_Driver/Inc -I../Drivers/STM32L4xx_HAL_Driver/Inc/Legacy -I../Drivers/CMSIS/Device/ST/STM32L4xx/Include -I../Drivers/CMSIS/Include -O2 -ffunction-sections -fdata-sections -Wall -fstack-usage -fcyclomatic-complexity -MMD -MP -MF"Drivers/STM32L4xx_HAL_Driver/Src/stm32l4xx_hal_flash.d" -MT"Drivers/STM32L4xx_HAL_Driver/Src/stm32l4xx_hal_flash.o" --specs=nano.specs -mfpu=fpv4-sp-d16 -mfloat-abi=hard -mthumb -o "Drivers/STM32L4xx_HAL_Driver/Src/stm32l4xx_hal_flash.o"
arm-none-eabi-gcc "../Drivers/STM32L4xx_HAL_Driver/Src/stm32l4xx_hal_flash_ex.c" -mcpu=cortex-m4 -std=gnu11 -g3 -DDEBUG -DUSE_HAL_DRIVER -DSTM32L4S5xx -c -I../Core/Inc -I../Drivers/STM32L4xx_HAL_Driver/Inc -I../Drivers/STM32L4xx_HAL_Driver/Inc/Legacy -I../Drivers/CMSIS/Device/ST/STM32L4xx/Include -I../Drivers/CMSIS/Include -O2 -ffunction-sections -fdata-sections -Wall -fstack-usage -fcyclomatic-complexity -MMD -MP -MF"Drivers/STM32L4xx_HAL_Driver/Src/stm32l4xx_hal_flash_ex.d" -MT"Drivers/STM32L4xx_HAL_Driver/Src/stm32l4xx_hal_flash_ex.o" --specs=nano.specs -mfpu=fpv4-sp-d16 -mfloat-abi=hard -mthumb -o "Drivers/STM32L4xx_HAL_Driver/Src/stm32l4xx_hal_flash_ex.o"
arm-none-eabi-gcc "../Drivers/STM32L4xx_HAL_Driver/Src/stm32l4xx_hal_flash_ramfunc.c" -mcpu=cortex-m4 -std=gnu11 -g3 -DDEBUG -DUSE_HAL_DRIVER -DSTM32L4S5xx -c -I../Core/Inc -I../Drivers/STM32L4xx_HAL_Driver/Inc -I../Drivers/STM32L4xx_HAL_Driver/Inc/Legacy -I../Drivers/CMSIS/Device/ST/STM32L4xx/Include -I../Drivers/CMSIS/Include -O2 -ffunction-sections -fdata-sections -Wall -fstack-usage -fcyclomatic-complexity -MMD -MP -MF"Drivers/STM32L4xx_HAL_Driver/Src/stm32l4xx_hal_flash_ramfunc.d" -MT"Drivers/STM32L4xx_HAL_Driver/Src/stm32l4xx_hal_flash_ramfunc.o" --specs=nano.specs -mfpu=fpv4-sp-d16 -mfloat-abi=hard -mthumb -o "Drivers/STM32L4xx_HAL_Driver/Src/stm32l4xx_hal_flash_ramfunc.o"
arm-none-eabi-gcc "../Drivers/STM32L4xx_HAL_Driver/Src/stm32l4xx_hal_gpio.c" -mcpu=cortex-m4 -std=gnu11 -g3 -DDEBUG -DUSE_HAL_DRIVER -DSTM32L4S5xx -c -I../Core/Inc -I../Drivers/STM32L4xx_HAL_Driver/Inc -I../Drivers/STM32L4xx_HAL_Driver/Inc/Legacy -I../Drivers/CMSIS/Device/ST/STM32L4xx/Include -I../Drivers/CMSIS/Include -O2 -ffunction-sections -fdata-sections -Wall -fstack-usage -fcyclomatic-complexity -MMD -MP -MF"Drivers/STM32L4xx_HAL_Driver/Src/stm32l4xx_hal_gpio.d" -MT"Drivers/STM32L4xx_HAL_Driver/Src/stm32l4xx_hal_gpio.o" --specs=nano.specs -mfpu=fpv4-sp-d16 -mfloat-abi=hard -mthumb -o "Drivers/STM32L4xx_HAL_Driver/Src/stm32l4xx_hal_gpio.o"
arm-none-eabi-gcc "../Drivers/STM32L4xx_HAL_Driver/Src/stm32l4xx_hal_i2c.c" -mcpu=cortex-m4 -std=gnu11 -g3 -DDEBUG -DUSE_HAL_DRIVER -DSTM32L4S5xx -c -I../Core/Inc -I../Drivers/STM32L4xx_HAL_Driver/Inc -I../Drivers/STM32L4xx_HAL_Driver/Inc/Legacy -I../Drivers/CMSIS/Device/ST/STM32L4xx/Include -I../Drivers/CMSIS/Include -O2 -ffunction-sections -fdata-sections -Wall -fstack-usage -fcyclomatic-complexity -MMD -MP -MF"Drivers/STM32L4xx_HAL_Driver/Src/stm32l4xx_hal_i2c.d" -MT"Drivers/STM32L4xx_HAL_Driver/Src/stm32l4xx_hal_i2c.o" --specs=nano.specs -mfpu=fpv4-sp-d16 -mfloat-abi=hard -mthumb -o "Drivers/STM32L4xx_HAL_Driver/Src/stm32l4xx_hal_i2c.o"
arm-none-eabi-gcc "../Drivers/STM32L4xx_HAL_Driver/Src/stm32l4xx_hal_i2c_ex.c" -mcpu=cortex-m4 -std=gnu11 -g3 -DDEBUG -DUSE_HAL_DRIVER -DSTM32L4S5xx -c -I../Core/Inc -I../Drivers/STM32L4xx_HAL_Driver/Inc -I../Drivers/STM32L4xx_HAL_Driver/Inc/Legacy -I../Drivers/CMSIS/Device/ST/STM32L4xx/Include -I../Drivers/CMSIS/Include -O2 -ffunction-sections -fdata-sections -Wall -fstack-usage -fcyclomatic-complexity -MMD -MP -MF"Drivers/STM32L4xx_HAL_Driver/Src/stm32l4xx_hal_i2c_ex.d" -MT"Drivers/STM32L4xx_HAL_Driver/Src/stm32l4xx_hal_i2c_ex.o" --specs=nano.specs -mfpu=fpv4-sp-d16 -mfloat-abi=hard -mthumb -o "Drivers/STM32L4xx_HAL_Driver/Src/stm32l4xx_hal_i2c_ex.o"
arm-none-eabi-gcc "../Drivers/STM32L4xx_HAL_Driver/Src/stm32l4xx_hal_pwr.c" -mcpu=cortex-m4 -std=gnu11 -g3 -DDEBUG -DUSE_HAL_DRIVER -DSTM32L4S5xx -c -I../Core/Inc -I../Drivers/STM32L4xx_HAL_Driver/Inc -I../Drivers/STM32L4xx_HAL_Driver/Inc/Legacy -I../Drivers/CMSIS/Device/ST/STM32L4xx/Include -I../Drivers/CMSIS/Include -O2 -ffunction-sections -fdata-sections -Wall -fstack-usage -fcyclomatic-complexity -MMD -MP -MF"Drivers/STM32L4xx_HAL_Driver/Src/stm32l4xx_hal_pwr.d" -MT"Drivers/STM32L4xx_HAL_Driver/Src/stm32l4xx_hal_pwr.o" --specs=nano.specs -mfpu=fpv4-sp-d16 -mfloat-abi=hard -mthumb -o "Drivers/STM32L4xx_HAL_Driver/Src/stm32l4xx_hal_pwr.o"
arm-none-eabi-gcc "../Drivers/STM32L4xx_HAL_Driver/Src/stm32l4xx_hal_pwr_ex.c" -mcpu=cortex-m4 -std=gnu11 -g3 -DDEBUG -DUSE_HAL_DRIVER -DSTM32L4S5xx -c -I../Core/Inc -I../Drivers/STM32L4xx_HAL_Driver/Inc -I../Drivers/STM32L4xx_HAL_Driver/Inc/Legacy -I../Drivers/CMSIS/Device/ST/STM32L4xx/Include -I../Drivers/CMSIS/Include -O2 -ffunction-sections -fdata-sections -Wall -fstack-usage -fcyclomatic-complexity -MMD -MP -MF"Drivers/STM32L4xx_HAL_Driver/Src/stm32l4xx_hal_pwr_ex.d" -MT"Drivers/STM32L4xx_HAL_Driver/Src/stm32l4xx_hal_pwr_ex.o" --specs=nano.specs -mfpu=fpv4-sp-d16 -mfloat-abi=hard -mthumb -o "Drivers/STM32L4xx_HAL_Driver/Src/stm32l4xx_hal_pwr_ex.o"
arm-none-eabi-gcc "../Drivers/STM32L4xx_HAL_Driver/Src/stm32l4xx_hal_rcc.c" -mcpu=cortex-m4 -std=gnu11 -g3 -DDEBUG -DUSE_HAL_DRIVER -DSTM32L4S5xx -c -I../Core/Inc -I../Drivers/STM32L4xx_HAL_Driver/Inc -I../Drivers/STM32L4xx_HAL_Driver/Inc/Legacy -I../Drivers/CMSIS/Device/ST/STM32L4xx/Include -I../Drivers/CMSIS/Include -O2 -ffunction-sections -fdata-sections -Wall -fstack-usage -fcyclomatic-complexity -MMD -MP -MF"Drivers/STM32L4xx_HAL_Driver/Src/stm32l4xx_hal_rcc.d" -MT"Drivers/STM32L4xx_HAL_Driver/Src/stm32l4xx_hal_rcc.o" --specs=nano.specs -mfpu=fpv4-sp-d16 -mfloat-abi=hard -mthumb -o "Drivers/STM32L4xx_HAL_Driver/Src/stm32l4xx_hal_rcc.o"
arm-none-eabi-gcc "../Drivers/STM32L4xx_HAL_Driver/Src/stm32l4xx_hal_rcc_ex.c" -mcpu=cortex-m4 -std=gnu11 -g3 -DDEBUG -DUSE_HAL_DRIVER -DSTM32L4S5xx -c -I../Core/Inc -I../Drivers/STM32L4xx_HAL_Driver/Inc -I../Drivers/STM32L4xx_HAL_Driver/Inc/Legacy -I../Drivers/CMSIS/Device/ST/STM32L4xx/Include -I../Drivers/CMSIS/Include -O2 -ffunction-sections -fdata-sections -Wall -fstack-usage -fcyclomatic-complexity -MMD -MP -MF"Drivers/STM32L4xx_HAL_Driver/Src/stm32l4xx_hal_rcc_ex.d" -MT"Drivers/STM32L4xx_HAL_Driver/Src/stm32l4xx_hal_rcc_ex.o" --specs=nano.specs -mfpu=fpv4-sp-d16 -mfloat-abi=hard -mthumb -o "Drivers/STM32L4xx_HAL_Driver/Src/stm32l4xx_hal_rcc_ex.o"
arm-none-eabi-gcc -mcpu=cortex-m4 -g3 -DDEBUG -c -x assembler-with-cpp -MMD -MP -MF"Core/Src/armSquareRoot.d" -MT"Core/Src/armSquareRoot.o" --specs=nano.specs -mfpu=fpv4-sp-d16 -mfloat-abi=hard -mthumb -o "Core/Src/armSquareRoot.o" "../Core/Src/armSquareRoot.s"
arm-none-eabi-gcc -mcpu=cortex-m4 -g3 -DDEBUG -c -x assembler-with-cpp -MMD -MP -MF"Core/Src/armSquareRoot2.d" -MT"Core/Src/armSquareRoot2.o" --specs=nano.specs -mfpu=fpv4-sp-d16 -mfloat-abi=hard -mthumb -o "Core/Src/armSquareRoot2.o" "../Core/Src/armSquareRoot2.s"
arm-none-eabi-gcc -mcpu=cortex-m4 -g3 -DDEBUG -c -x assembler-with-cpp -MMD -MP -MF"Core/Src/asmMax.d" -MT"Core/Src/asmMax.o" --specs=nano.specs -mfpu=fpv4-sp-d16 -mfloat-abi=hard -mthumb -o "Core/Src/asmMax.o" "../Core/Src/asmMax.s"
arm-none-eabi-gcc -mcpu=cortex-m4 -g3 -DDEBUG -c -x assembler-with-cpp -MMD -MP -MF"Core/Src/asmTans.d" -MT"Core/Src/asmTans.o" --specs=nano.specs -mfpu=fpv4-sp-d16 -mfloat-abi=hard -mthumb -o "Core/Src/asmTans.o" "../Core/Src/asmTans.s"
arm-none-eabi-gcc "../Core/Src/cSquareRoot.c" -mcpu=cortex-m4 -std=gnu11 -g3 -DDEBUG -DUSE_HAL_DRIVER -DSTM32L4S5xx -c -I../Core/Inc -I../Drivers/STM32L4xx_HAL_Driver/Inc -I../Drivers/STM32L4xx_HAL_Driver/Inc/Legacy -I../Drivers/CMSIS/Device/ST/STM32L4xx/Include -I../Drivers/CMSIS/Include -O2 -ffunction-sections -fdata-sections -Wall -fstack-usage -fcyclomatic-complexity -MMD -MP -MF"Core/Src/cSquareRoot.d" -MT"Core/Src/cSquareRoot.o" --specs=nano.specs -mfpu=fpv4-sp-d16 -mfloat-abi=hard -mthumb -o "Core/Src/cSquareRoot.o"
arm-none-eabi-gcc "../Core/Src/cmax.c" -mcpu=cortex-m4 -std=gnu11 -g3 -DDEBUG -DUSE_HAL_DRIVER -DSTM32L4S5xx -c -I../Core/Inc -I../Drivers/STM32L4xx_HAL_Driver/Inc -I../Drivers/STM32L4xx_HAL_Driver/Inc/Legacy -I../Drivers/CMSIS/Device/ST/STM32L4xx/Include -I../Drivers/CMSIS/Include -O2 -ffunction-sections -fdata-sections -Wall -fstack-usage -fcyclomatic-complexity -MMD -MP -MF"Core/Src/cmax.d" -MT"Core/Src/cmax.o" --specs=nano.specs -mfpu=fpv4-sp-d16 -mfloat-abi=hard -mthumb -o "Core/Src/cmax.o"
arm-none-eabi-gcc "../Core/Src/ctrans.c" -mcpu=cortex-m4 -std=gnu11 -g3 -DDEBUG -DUSE_HAL_DRIVER -DSTM32L4S5xx -c -I../Core/Inc -I../Drivers/STM32L4xx_HAL_Driver/Inc -I../Drivers/STM32L4xx_HAL_Driver/Inc/Legacy -I../Drivers/CMSIS/Device/ST/STM32L4xx/Include -I../Drivers/CMSIS/Include -O2 -ffunction-sections -fdata-sections -Wall -fstack-usage -fcyclomatic-complexity -MMD -MP -MF"Core/Src/ctrans.d" -MT"Core/Src/ctrans.o" --specs=nano.specs -mfpu=fpv4-sp-d16 -mfloat-abi=hard -mthumb -o "Core/Src/ctrans.o"
arm-none-eabi-gcc "../Core/Src/main.c" -mcpu=cortex-m4 -std=gnu11 -g3 -DDEBUG -DUSE_HAL_DRIVER -DSTM32L4S5xx -c -I../Core/Inc -I../Drivers/STM32L4xx_HAL_Driver/Inc -I../Drivers/STM32L4xx_HAL_Driver/Inc/Legacy -I../Drivers/CMSIS/Device/ST/STM32L4xx/Include -I../Drivers/CMSIS/Include -O2 -ffunction-sections -fdata-sections -Wall -fstack-usage -fcyclomatic-complexity -MMD -MP -MF"Core/Src/main.d" -MT"Core/Src/main.o" --specs=nano.specs -mfpu=fpv4-sp-d16 -mfloat-abi=hard -mthumb -o "Core/Src/main.o"
arm-none-eabi-gcc "../Core/Src/stm32l4xx_hal_msp.c" -mcpu=cortex-m4 -std=gnu11 -g3 -DDEBUG -DUSE_HAL_DRIVER -DSTM32L4S5xx -c -I../Core/Inc -I../Drivers/STM32L4xx_HAL_Driver/Inc -I../Drivers/STM32L4xx_HAL_Driver/Inc/Legacy -I../Drivers/CMSIS/Device/ST/STM32L4xx/Include -I../Drivers/CMSIS/Include -O2 -ffunction-sections -fdata-sections -Wall -fstack-usage -fcyclomatic-complexity -MMD -MP -MF"Core/Src/stm32l4xx_hal_msp.d" -MT"Core/Src/stm32l4xx_hal_msp.o" --specs=nano.specs -mfpu=fpv4-sp-d16 -mfloat-abi=hard -mthumb -o "Core/Src/stm32l4xx_hal_msp.o"
arm-none-eabi-gcc "../Core/Src/stm32l4xx_it.c" -mcpu=cortex-m4 -std=gnu11 -g3 -DDEBUG -DUSE_HAL_DRIVER -DSTM32L4S5xx -c -I../Core/Inc -I../Drivers/STM32L4xx_HAL_Driver/Inc -I../Drivers/STM32L4xx_HAL_Driver/Inc/Legacy -I../Drivers/CMSIS/Device/ST/STM32L4xx/Include -I../Drivers/CMSIS/Include -O2 -ffunction-sections -fdata-sections -Wall -fstack-usage -fcyclomatic-complexity -MMD -MP -MF"Core/Src/stm32l4xx_it.d" -MT"Core/Src/stm32l4xx_it.o" --specs=nano.specs -mfpu=fpv4-sp-d16 -mfloat-abi=hard -mthumb -o "Core/Src/stm32l4xx_it.o"
arm-none-eabi-gcc "../Core/Src/syscalls.c" -mcpu=cortex-m4 -std=gnu11 -g3 -DDEBUG -DUSE_HAL_DRIVER -DSTM32L4S5xx -c -I../Core/Inc -I../Drivers/STM32L4xx_HAL_Driver/Inc -I../Drivers/STM32L4xx_HAL_Driver/Inc/Legacy -I../Drivers/CMSIS/Device/ST/STM32L4xx/Include -I../Drivers/CMSIS/Include -O2 -ffunction-sections -fdata-sections -Wall -fstack-usage -fcyclomatic-complexity -MMD -MP -MF"Core/Src/syscalls.d" -MT"Core/Src/syscalls.o" --specs=nano.specs -mfpu=fpv4-sp-d16 -mfloat-abi=hard -mthumb -o "Core/Src/syscalls.o"
arm-none-eabi-gcc "../Core/Src/sysmem.c" -mcpu=cortex-m4 -std=gnu11 -g3 -DDEBUG -DUSE_HAL_DRIVER -DSTM32L4S5xx -c -I../Core/Inc -I../Drivers/STM32L4xx_HAL_Driver/Inc -I../Drivers/STM32L4xx_HAL_Driver/Inc/Legacy -I../Drivers/CMSIS/Device/ST/STM32L4xx/Include -I../Drivers/CMSIS/Include -O2 -ffunction-sections -fdata-sections -Wall -fstack-usage -fcyclomatic-complexity -MMD -MP -MF"Core/Src/sysmem.d" -MT"Core/Src/sysmem.o" --specs=nano.specs -mfpu=fpv4-sp-d16 -mfloat-abi=hard -mthumb -o "Core/Src/sysmem.o"
arm-none-eabi-gcc "../Core/Src/system_stm32l4xx.c" -mcpu=cortex-m4 -std=gnu11 -g3 -DDEBUG -DUSE_HAL_DRIVER -DSTM32L4S5xx -c -I../Core/Inc -I../Drivers/STM32L4xx_HAL_Driver/Inc -I../Drivers/STM32L4xx_HAL_Driver/Inc/Legacy -I../Drivers/CMSIS/Device/ST/STM32L4xx/Include -I../Drivers/CMSIS/Include -O2 -ffunction-sections -fdata-sections -Wall -fstack-usage -fcyclomatic-complexity -MMD -MP -MF"Core/Src/system_stm32l4xx.d" -MT"Core/Src/system_stm32l4xx.o" --specs=nano.specs -mfpu=fpv4-sp-d16 -mfloat-abi=hard -mthumb -o "Core/Src/system_stm32l4xx.o"
arm-none-eabi-gcc -o "Lab1_444.elf" @"objects.list"  -larm_cortexM4lf_math -mcpu=cortex-m4 -T"C:\Applications\STM32CubeIDE\ECSE444_Workspace\Lab1_444\STM32L4S5VITX_FLASH.ld" --specs=nosys.specs -Wl,-Map="Lab1_444.map" -Wl,--gc-sections -static -L"C:\Applications\STM32CubeIDE\ECSE444_Workspace\Lab1_444\Core\Lib" --specs=nano.specs -mfpu=fpv4-sp-d16 -mfloat-abi=hard -mthumb -Wl,--start-group -lc -lm -Wl,--end-group
Finished building target: Lab1_444.elf
 
arm-none-eabi-size  Lab1_444.elf 
arm-none-eabi-objdump -h -S Lab1_444.elf  > "Lab1_444.list"
   text	   data	    bss	    dec	    hex	filename
   6980	     12	   1572	   8564	   2174	Lab1_444.elf
Finished building: default.size.stdout
 
Finished building: Lab1_444.list
 
