Archive member included to satisfy reference by file (symbol)

C:\Applications\STM32CubeIDE\ECSE444_Workspace\Lab1_444\Core\Lib\libarm_cortexM4lf_math.a(arm_sin_f32.o)
                              ./Core/Src/asmTans.o (arm_sin_f32)
C:\Applications\STM32CubeIDE\ECSE444_Workspace\Lab1_444\Core\Lib\libarm_cortexM4lf_math.a(arm_cos_f32.o)
                              ./Core/Src/asmTans.o (arm_cos_f32)
C:\Applications\STM32CubeIDE\ECSE444_Workspace\Lab1_444\Core\Lib\libarm_cortexM4lf_math.a(arm_common_tables.o)
                              C:\Applications\STM32CubeIDE\ECSE444_Workspace\Lab1_444\Core\Lib\libarm_cortexM4lf_math.a(arm_sin_f32.o) (sinTable_f32)
C:/Applications/STM32CubeIDE/STM32CubeIDE_1.18.1/STM32CubeIDE/plugins/com.st.stm32cube.ide.mcu.externaltools.gnu-tools-for-stm32.13.3.rel1.win32_1.0.0.202411081344/tools/bin/../lib/gcc/arm-none-eabi/13.3.1/../../../../arm-none-eabi/lib/thumb/v7e-m+fp/hard\libc_nano.a(libc_a-exit.o)
                              C:/Applications/STM32CubeIDE/STM32CubeIDE_1.18.1/STM32CubeIDE/plugins/com.st.stm32cube.ide.mcu.externaltools.gnu-tools-for-stm32.13.3.rel1.win32_1.0.0.202411081344/tools/bin/../lib/gcc/arm-none-eabi/13.3.1/../../../../arm-none-eabi/lib/thumb/v7e-m+fp/hard/crt0.o (exit)
C:/Applications/STM32CubeIDE/STM32CubeIDE_1.18.1/STM32CubeIDE/plugins/com.st.stm32cube.ide.mcu.externaltools.gnu-tools-for-stm32.13.3.rel1.win32_1.0.0.202411081344/tools/bin/../lib/gcc/arm-none-eabi/13.3.1/../../../../arm-none-eabi/lib/thumb/v7e-m+fp/hard\libc_nano.a(libc_a-findfp.o)
                              C:/Applications/STM32CubeIDE/STM32CubeIDE_1.18.1/STM32CubeIDE/plugins/com.st.stm32cube.ide.mcu.externaltools.gnu-tools-for-stm32.13.3.rel1.win32_1.0.0.202411081344/tools/bin/../lib/gcc/arm-none-eabi/13.3.1/../../../../arm-none-eabi/lib/thumb/v7e-m+fp/hard\libc_nano.a(libc_a-exit.o) (__stdio_exit_handler)
C:/Applications/STM32CubeIDE/STM32CubeIDE_1.18.1/STM32CubeIDE/plugins/com.st.stm32cube.ide.mcu.externaltools.gnu-tools-for-stm32.13.3.rel1.win32_1.0.0.202411081344/tools/bin/../lib/gcc/arm-none-eabi/13.3.1/../../../../arm-none-eabi/lib/thumb/v7e-m+fp/hard\libc_nano.a(libc_a-fwalk.o)
                              C:/Applications/STM32CubeIDE/STM32CubeIDE_1.18.1/STM32CubeIDE/plugins/com.st.stm32cube.ide.mcu.externaltools.gnu-tools-for-stm32.13.3.rel1.win32_1.0.0.202411081344/tools/bin/../lib/gcc/arm-none-eabi/13.3.1/../../../../arm-none-eabi/lib/thumb/v7e-m+fp/hard\libc_nano.a(libc_a-findfp.o) (_fwalk_sglue)
C:/Applications/STM32CubeIDE/STM32CubeIDE_1.18.1/STM32CubeIDE/plugins/com.st.stm32cube.ide.mcu.externaltools.gnu-tools-for-stm32.13.3.rel1.win32_1.0.0.202411081344/tools/bin/../lib/gcc/arm-none-eabi/13.3.1/../../../../arm-none-eabi/lib/thumb/v7e-m+fp/hard\libc_nano.a(libc_a-stdio.o)
                              C:/Applications/STM32CubeIDE/STM32CubeIDE_1.18.1/STM32CubeIDE/plugins/com.st.stm32cube.ide.mcu.externaltools.gnu-tools-for-stm32.13.3.rel1.win32_1.0.0.202411081344/tools/bin/../lib/gcc/arm-none-eabi/13.3.1/../../../../arm-none-eabi/lib/thumb/v7e-m+fp/hard\libc_nano.a(libc_a-findfp.o) (__sread)
C:/Applications/STM32CubeIDE/STM32CubeIDE_1.18.1/STM32CubeIDE/plugins/com.st.stm32cube.ide.mcu.externaltools.gnu-tools-for-stm32.13.3.rel1.win32_1.0.0.202411081344/tools/bin/../lib/gcc/arm-none-eabi/13.3.1/../../../../arm-none-eabi/lib/thumb/v7e-m+fp/hard\libc_nano.a(libc_a-memset.o)
                              C:/Applications/STM32CubeIDE/STM32CubeIDE_1.18.1/STM32CubeIDE/plugins/com.st.stm32cube.ide.mcu.externaltools.gnu-tools-for-stm32.13.3.rel1.win32_1.0.0.202411081344/tools/bin/../lib/gcc/arm-none-eabi/13.3.1/../../../../arm-none-eabi/lib/thumb/v7e-m+fp/hard/crt0.o (memset)
C:/Applications/STM32CubeIDE/STM32CubeIDE_1.18.1/STM32CubeIDE/plugins/com.st.stm32cube.ide.mcu.externaltools.gnu-tools-for-stm32.13.3.rel1.win32_1.0.0.202411081344/tools/bin/../lib/gcc/arm-none-eabi/13.3.1/../../../../arm-none-eabi/lib/thumb/v7e-m+fp/hard\libc_nano.a(libc_a-closer.o)
                              C:/Applications/STM32CubeIDE/STM32CubeIDE_1.18.1/STM32CubeIDE/plugins/com.st.stm32cube.ide.mcu.externaltools.gnu-tools-for-stm32.13.3.rel1.win32_1.0.0.202411081344/tools/bin/../lib/gcc/arm-none-eabi/13.3.1/../../../../arm-none-eabi/lib/thumb/v7e-m+fp/hard\libc_nano.a(libc_a-stdio.o) (_close_r)
C:/Applications/STM32CubeIDE/STM32CubeIDE_1.18.1/STM32CubeIDE/plugins/com.st.stm32cube.ide.mcu.externaltools.gnu-tools-for-stm32.13.3.rel1.win32_1.0.0.202411081344/tools/bin/../lib/gcc/arm-none-eabi/13.3.1/../../../../arm-none-eabi/lib/thumb/v7e-m+fp/hard\libc_nano.a(libc_a-reent.o)
                              C:/Applications/STM32CubeIDE/STM32CubeIDE_1.18.1/STM32CubeIDE/plugins/com.st.stm32cube.ide.mcu.externaltools.gnu-tools-for-stm32.13.3.rel1.win32_1.0.0.202411081344/tools/bin/../lib/gcc/arm-none-eabi/13.3.1/../../../../arm-none-eabi/lib/thumb/v7e-m+fp/hard\libc_nano.a(libc_a-closer.o) (errno)
[...]
Memory Configuration

Name             Origin             Length             Attributes
RAM              0x20000000         0x000a0000         xrw
RAM2             0x10000000         0x00010000         xrw
RAM3             0x20040000         0x00060000         xrw
FLASH            0x08000000         0x00200000         xr
*default*        0x00000000         0xffffffff

Linker script and memory map

LOAD C:/Applications/STM32CubeIDE/STM32CubeIDE_1.18.1/STM32CubeIDE/plugins/com.st.stm32cube.ide.mcu.externaltools.gnu-tools-for-stm32.13.3.rel1.win32_1.0.0.202411081344/tools/bin/../lib/gcc/arm-none-eabi/13.3.1/thumb/v7e-m+fp/hard/crti.o
LOAD C:/Applications/STM32CubeIDE/STM32CubeIDE_1.18.1/STM32CubeIDE/plugins/com.st.stm32cube.ide.mcu.externaltools.gnu-tools-for-stm32.13.3.rel1.win32_1.0.0.202411081344/tools/bin/../lib/gcc/arm-none-eabi/13.3.1/thumb/v7e-m+fp/hard/crtbegin.o
LOAD C:/Applications/STM32CubeIDE/STM32CubeIDE_1.18.1/STM32CubeIDE/plugins/com.st.stm32cube.ide.mcu.externaltools.gnu-tools-for-stm32.13.3.rel1.win32_1.0.0.202411081344/tools/bin/../lib/gcc/arm-none-eabi/13.3.1/../../../../arm-none-eabi/lib/thumb/v7e-m+fp/hard/crt0.o
LOAD ./Core/Src/armSquareRoot.o
LOAD ./Core/Src/armSquareRoot2.o
LOAD ./Core/Src/asmMax.o
LOAD ./Core/Src/asmTans.o
LOAD ./Core/Src/cSquareRoot.o
LOAD ./Core/Src/cmax.o
LOAD ./Core/Src/ctrans.o
LOAD ./Core/Src/main.o
LOAD ./Core/Src/stm32l4xx_hal_msp.o
LOAD ./Core/Src/stm32l4xx_it.o
LOAD ./Core/Src/syscalls.o
LOAD ./Core/Src/sysmem.o
LOAD ./Core/Src/system_stm32l4xx.o
LOAD ./Core/Startup/startup_stm32l4s5vitx.o
LOAD ./Drivers/STM32L4xx_HAL_Driver/Src/stm32l4xx_hal.o
LOAD ./Drivers/STM32L4xx_HAL_Driver/Src/stm32l4xx_hal_cortex.o
LOAD ./Drivers/STM32L4xx_HAL_Driver/Src/stm32l4xx_hal_dma.o
LOAD ./Drivers/STM32L4xx_HAL_Driver/Src/stm32l4xx_hal_dma_ex.o
LOAD ./Drivers/STM32L4xx_HAL_Driver/Src/stm32l4xx_hal_exti.o
LOAD ./Drivers/STM32L4xx_HAL_Driver/Src/stm32l4xx_hal_flash.o
LOAD ./Drivers/STM32L4xx_HAL_Driver/Src/stm32l4xx_hal_flash_ex.o
LOAD ./Drivers/STM32L4xx_HAL_Driver/Src/stm32l4xx_hal_flash_ramfunc.o
LOAD ./Drivers/STM32L4xx_HAL_Driver/Src/stm32l4xx_hal_gpio.o
LOAD ./Drivers/STM32L4xx_HAL_Driver/Src/stm32l4xx_hal_i2c.o
LOAD ./Drivers/STM32L4xx_HAL_Driver/Src/stm32l4xx_hal_i2c_ex.o
LOAD ./Drivers/STM32L4xx_HAL_Driver/Src/stm32l4xx_hal_pwr.o
LOAD ./Drivers/STM32L4xx_HAL_Driver/Src/stm32l4xx_hal_pwr_ex.o
LOAD ./Drivers/STM32L4xx_HAL_Driver/Src/stm32l4xx_hal_rcc.o
LOAD ./Drivers/STM32L4xx_HAL_Driver/Src/stm32l4xx_hal_rcc_ex.o
LOAD C:\Applications\STM32CubeIDE\ECSE444_Workspace\Lab1_444\Core\Lib\libarm_cortexM4lf_math.a
START GROUP
LOAD C:/Applications/STM32CubeIDE/STM32CubeIDE_1.18.1/STM32CubeIDE/plugins/com.st.stm32cube.ide.mcu.externaltools.gnu-tools-for-stm32.13.3.rel1.win32_1.0.0.202411081344/tools/bin/../lib/gcc/arm-none-eabi/13.3.1/../../../../arm-none-eabi/lib/thumb/v7e-m+fp/hard\libc_nano.a
LOAD C:/Applications/STM32CubeIDE/STM32CubeIDE_1.18.1/STM32CubeIDE/plugins/com.st.stm32cube.ide.mcu.externaltools.gnu-tools-for-stm32.13.3.rel1.win32_1.0.0.202411081344/tools/bin/../lib/gcc/arm-none-eabi/13.3.1/../../../../arm-none-eabi/lib/thumb/v7e-m+fp/hard\libm.a
END GROUP
START GROUP
LOAD C:/Applications/STM32CubeIDE/STM32CubeIDE_1.18.1/STM32CubeIDE/plugins/com.st.stm32cube.ide.mcu.externaltools.gnu-tools-for-stm32.13.3.rel1.win32_1.0.0.202411081344/tools/bin/../lib/gcc/arm-none-eabi/13.3.1/thumb/v7e-m+fp/hard\libgcc.a
LOAD C:/Applications/STM32CubeIDE/STM32CubeIDE_1.18.1/STM32CubeIDE/plugins/com.st.stm32cube.ide.mcu.externaltools.gnu-tools-for-stm32.13.3.rel1.win32_1.0.0.202411081344/tools/bin/../lib/gcc/arm-none-eabi/13.3.1/../../../../arm-none-eabi/lib/thumb/v7e-m+fp/hard\libc_nano.a
END GROUP
START GROUP
LOAD C:/Applications/STM32CubeIDE/STM32CubeIDE_1.18.1/STM32CubeIDE/plugins/com.st.stm32cube.ide.mcu.externaltools.gnu-tools-for-stm32.13.3.rel1.win32_1.0.0.202411081344/tools/bin/../lib/gcc/arm-none-eabi/13.3.1/thumb/v7e-m+fp/hard\libgcc.a
LOAD C:/Applications/STM32CubeIDE/STM32CubeIDE_1.18.1/STM32CubeIDE/plugins/com.st.stm32cube.ide.mcu.externaltools.gnu-tools-for-stm32.13.3.rel1.win32_1.0.0.202411081344/tools/bin/../lib/gcc/arm-none-eabi/13.3.1/../../../../arm-none-eabi/lib/thumb/v7e-m+fp/hard\libc_nano.a
LOAD C:/Applications/STM32CubeIDE/STM32CubeIDE_1.18.1/STM32CubeIDE/plugins/com.st.stm32cube.ide.mcu.externaltools.gnu-tools-for-stm32.13.3.rel1.win32_1.0.0.202411081344/tools/bin/../lib/gcc/arm-none-eabi/13.3.1/../../../../arm-none-eabi/lib/thumb/v7e-m+fp/hard\libnosys.a
END GROUP
START GROUP
LOAD C:/Applications/STM32CubeIDE/STM32CubeIDE_1.18.1/STM32CubeIDE/plugins/com.st.stm32cube.ide.mcu.externaltools.gnu-tools-for-stm32.13.3.rel1.win32_1.0.0.202411081344/tools/bin/../lib/gcc/arm-none-eabi/13.3.1/thumb/v7e-m+fp/hard\libgcc.a
LOAD C:/Applications/STM32CubeIDE/STM32CubeIDE_1.18.1/STM32CubeIDE/plugins/com.st.stm32cube.ide.mcu.externaltools.gnu-tools-for-stm32.13.3.rel1.win32_1.0.0.202411081344/tools/bin/../lib/gcc/arm-none-eabi/13.3.1/../../../../arm-none-eabi/lib/thumb/v7e-m+fp/hard\libc_nano.a
LOAD C:/Applications/STM32CubeIDE/STM32CubeIDE_1.18.1/STM32CubeIDE/plugins/com.st.stm32cube.ide.mcu.externaltools.gnu-tools-for-stm32.13.3.rel1.win32_1.0.0.202411081344/tools/bin/../lib/gcc/arm-none-eabi/13.3.1/../../../../arm-none-eabi/lib/thumb/v7e-m+fp/hard\libnosys.a
END GROUP
LOAD C:/Applications/STM32CubeIDE/STM32CubeIDE_1.18.1/STM32CubeIDE/plugins/com.st.stm32cube.ide.mcu.externaltools.gnu-tools-for-stm32.13.3.rel1.win32_1.0.0.202411081344/tools/bin/../lib/gcc/arm-none-eabi/13.3.1/thumb/v7e-m+fp/hard/crtend.o
LOAD C:/Applications/STM32CubeIDE/STM32CubeIDE_1.18.1/STM32CubeIDE/plugins/com.st.stm32cube.ide.mcu.externaltools.gnu-tools-for-stm32.13.3.rel1.win32_1.0.0.202411081344/tools/bin/../lib/gcc/arm-none-eabi/13.3.1/thumb/v7e-m+fp/hard/crtn.o
                0x200a0000                        _estack = (ORIGIN (RAM) + LENGTH (RAM))
                0x00000200                        _Min_Heap_Size = 0x200
                0x00000400                        _Min_Stack_Size = 0x400

.isr_vector     0x08000000      0x1bc
                0x08000000                        . = ALIGN (0x4)
 *(.isr_vector)
 .isr_vector    0x08000000      0x1bc ./Core/Startup/startup_stm32l4s5vitx.o
                0x08000000                g_pfnVectors
                0x080001bc                        . = ALIGN (0x4)

.text           0x080001bc     0x1918
                0x080001bc                        . = ALIGN (0x4)
 *(.text)
 .text          0x080001bc       0x40 C:/Applications/STM32CubeIDE/STM32CubeIDE_1.18.1/STM32CubeIDE/plugins/com.st.stm32cube.ide.mcu.externaltools.gnu-tools-for-stm32.13.3.rel1.win32_1.0.0.202411081344/tools/bin/../lib/gcc/arm-none-eabi/13.3.1/thumb/v7e-m+fp/hard/crtbegin.o
 .text          0x080001fc       0x62 ./Core/Src/asmTans.o
                0x080001fc                asmTrans
 *(.text*)
 .text.rodata   0x0800025e        0xa ./Core/Src/armSquareRoot.o
                0x0800025e                armSquareRoot
 .text.cSquareRoot
                0x08000268       0xa0 ./Core/Src/cSquareRoot.o
                0x08000268                cSquareRoot
 .text.cTrans   0x08000308       0xc0 ./Core/Src/ctrans.o
                0x08000308                cTrans
 .text.main     0x080003c8      0x168 ./Core/Src/main.o
                0x080003c8                main
 .text.SystemClock_Config
                0x08000530       0xa2 ./Core/Src/main.o
                0x08000530                SystemClock_Config
 *fill*         0x080005d2        0x2 
 .text.MX_GPIO_Init
                0x080005d4       0x30 ./Core/Src/main.o
 .text.Error_Handler
                0x08000604        0xc ./Core/Src/main.o
                0x08000604                Error_Handler
 .text.HAL_MspInit
                0x08000610       0x48 ./Core/Src/stm32l4xx_hal_msp.o
                0x08000610                HAL_MspInit
 .text.NMI_Handler
                0x08000658        0x8 ./Core/Src/stm32l4xx_it.o
                0x08000658                NMI_Handler
 .text.HardFault_Handler
                0x08000660        0x8 ./Core/Src/stm32l4xx_it.o
                0x08000660                HardFault_Handler
 .text.MemManage_Handler
                0x08000668        0x8 ./Core/Src/stm32l4xx_it.o
                0x08000668                MemManage_Handler
 .text.BusFault_Handler
                0x08000670        0x8 ./Core/Src/stm32l4xx_it.o
                0x08000670                BusFault_Handler
 .text.UsageFault_Handler
                0x08000678        0x8 ./Core/Src/stm32l4xx_it.o
                0x08000678                UsageFault_Handler
 .text.SVC_Handler
                0x08000680        0xe ./Core/Src/stm32l4xx_it.o
                0x08000680                SVC_Handler
 .text.DebugMon_Handler
                0x0800068e        0xe ./Core/Src/stm32l4xx_it.o
                0x0800068e                DebugMon_Handler
 .text.PendSV_Handler
                0x0800069c        0xe ./Core/Src/stm32l4xx_it.o
                0x0800069c                PendSV_Handler
 .text.SysTick_Handler
                0x080006aa        0xc ./Core/Src/stm32l4xx_it.o
                0x080006aa                SysTick_Handler
 *fill*         0x080006b6        0x2 
 .text.SystemInit
                0x080006b8       0x24 ./Core/Src/system_stm32l4xx.o
                0x080006b8                SystemInit
 .text.Reset_Handler
                0x080006dc       0x50 ./Core/Startup/startup_stm32l4s5vitx.o
                0x080006dc                Reset_Handler
 .text.Default_Handler
                0x0800072c        0x2 ./Core/Startup/startup_stm32l4s5vitx.o
                0x0800072c                RTC_Alarm_IRQHandler
                0x0800072c                EXTI2_IRQHandler
                0x0800072c                TIM8_TRG_COM_IRQHandler
                0x0800072c                TIM8_CC_IRQHandler
                0x0800072c                TIM1_CC_IRQHandler
                0x0800072c                TSC_IRQHandler
                0x0800072c                TAMP_STAMP_IRQHandler
                0x0800072c                EXTI3_IRQHandler
                0x0800072c                LPTIM2_IRQHandler
                0x0800072c                DFSDM1_FLT1_IRQHandler
                0x0800072c                GFXMMU_IRQHandler
                0x0800072c                I2C3_ER_IRQHandler
                0x0800072c                DFSDM1_FLT2_IRQHandler
                0x0800072c                EXTI0_IRQHandler
                0x0800072c                I2C2_EV_IRQHandler
                0x0800072c                CAN1_RX0_IRQHandler
                0x0800072c                FPU_IRQHandler
                0x0800072c                TIM1_UP_TIM16_IRQHandler
                0x0800072c                LTDC_ER_IRQHandler
                0x0800072c                SPI1_IRQHandler
                0x0800072c                OCTOSPI1_IRQHandler
                0x0800072c                TIM6_DAC_IRQHandler
                0x0800072c                DCMI_IRQHandler
                0x0800072c                TIM8_UP_IRQHandler
                0x0800072c                OCTOSPI2_IRQHandler
                0x0800072c                DMA2_Channel2_IRQHandler
                0x0800072c                DMA1_Channel4_IRQHandler
                0x0800072c                SAI2_IRQHandler
                0x0800072c                ADC1_IRQHandler
                0x0800072c                DFSDM1_FLT3_IRQHandler
                0x0800072c                USART3_IRQHandler
                0x0800072c                DMA1_Channel7_IRQHandler
                0x0800072c                CAN1_RX1_IRQHandler
                0x0800072c                UART5_IRQHandler
                0x0800072c                TIM4_IRQHandler
                0x0800072c                DMA2_Channel1_IRQHandler
                0x0800072c                I2C1_EV_IRQHandler
                0x0800072c                DMAMUX1_OVR_IRQHandler
                0x0800072c                DMA1_Channel6_IRQHandler
                0x0800072c                UART4_IRQHandler
                0x0800072c                DMA2_Channel4_IRQHandler
                0x0800072c                TIM3_IRQHandler
                0x0800072c                RCC_IRQHandler
                0x0800072c                DMA1_Channel1_IRQHandler
                0x0800072c                Default_Handler
                0x0800072c                DMA2_Channel7_IRQHandler
                0x0800072c                EXTI15_10_IRQHandler
                0x0800072c                TIM7_IRQHandler
                0x0800072c                SDMMC1_IRQHandler
                0x0800072c                TIM5_IRQHandler
                0x0800072c                I2C3_EV_IRQHandler
                0x0800072c                EXTI9_5_IRQHandler
                0x0800072c                RTC_WKUP_IRQHandler
                0x0800072c                LTDC_IRQHandler
                0x0800072c                PVD_PVM_IRQHandler
                0x0800072c                SPI2_IRQHandler
                0x0800072c                CAN1_TX_IRQHandler
                0x0800072c                DMA2_Channel5_IRQHandler
                0x0800072c                DMA1_Channel5_IRQHandler
                0x0800072c                EXTI4_IRQHandler
                0x0800072c                RNG_IRQHandler
                0x0800072c                TIM1_TRG_COM_TIM17_IRQHandler
                0x0800072c                DMA1_Channel3_IRQHandler
                0x0800072c                COMP_IRQHandler
                0x0800072c                HASH_CRS_IRQHandler
                0x0800072c                WWDG_IRQHandler
                0x0800072c                I2C4_EV_IRQHandler
                0x0800072c                LPUART1_IRQHandler
                0x0800072c                DMA2_Channel6_IRQHandler
                0x0800072c                TIM2_IRQHandler
                0x0800072c                DMA2D_IRQHandler
                0x0800072c                EXTI1_IRQHandler
                0x0800072c                AES_IRQHandler
                0x0800072c                USART2_IRQHandler
                0x0800072c                DFSDM1_FLT0_IRQHandler
                0x0800072c                I2C2_ER_IRQHandler
                0x0800072c                DMA1_Channel2_IRQHandler
                0x0800072c                TIM8_BRK_IRQHandler
                0x0800072c                CAN1_SCE_IRQHandler
                0x0800072c                FLASH_IRQHandler
                0x0800072c                USART1_IRQHandler
                0x0800072c                OTG_FS_IRQHandler
                0x0800072c                SPI3_IRQHandler
                0x0800072c                I2C1_ER_IRQHandler
                0x0800072c                FMC_IRQHandler
                0x0800072c                LPTIM1_IRQHandler
                0x0800072c                I2C4_ER_IRQHandler
                0x0800072c                SAI1_IRQHandler
                0x0800072c                DMA2_Channel3_IRQHandler
                0x0800072c                TIM1_BRK_TIM15_IRQHandler
 .text.HAL_Init
                0x0800072e       0x30 ./Drivers/STM32L4xx_HAL_Driver/Src/stm32l4xx_hal.o
                0x0800072e                HAL_Init
 *fill*         0x0800075e        0x2 
 .text.HAL_InitTick
                0x08000760       0x78 ./Drivers/STM32L4xx_HAL_Driver/Src/stm32l4xx_hal.o
                0x08000760                HAL_InitTick
 .text.HAL_IncTick
                0x080007d8       0x28 ./Drivers/STM32L4xx_HAL_Driver/Src/stm32l4xx_hal.o
                0x080007d8                HAL_IncTick
 .text.HAL_GetTick
                0x08000800       0x18 ./Drivers/STM32L4xx_HAL_Driver/Src/stm32l4xx_hal.o
                0x08000800                HAL_GetTick
 .text.HAL_Delay
                0x08000818       0x48 ./Drivers/STM32L4xx_HAL_Driver/Src/stm32l4xx_hal.o
                0x08000818                HAL_Delay
 .text.__NVIC_SetPriorityGrouping
                0x08000860       0x48 ./Drivers/STM32L4xx_HAL_Driver/Src/stm32l4xx_hal_cortex.o
 .text.__NVIC_GetPriorityGrouping
                0x080008a8       0x1c ./Drivers/STM32L4xx_HAL_Driver/Src/stm32l4xx_hal_cortex.o
 .text.__NVIC_SetPriority
                0x080008c4       0x54 ./Drivers/STM32L4xx_HAL_Driver/Src/stm32l4xx_hal_cortex.o
 .text.NVIC_EncodePriority
                0x08000918       0x66 ./Drivers/STM32L4xx_HAL_Driver/Src/stm32l4xx_hal_cortex.o
 *fill*         0x0800097e        0x2 
 .text.SysTick_Config
                0x08000980       0x44 ./Drivers/STM32L4xx_HAL_Driver/Src/stm32l4xx_hal_cortex.o
 .text.HAL_NVIC_SetPriorityGrouping
                0x080009c4       0x16 ./Drivers/STM32L4xx_HAL_Driver/Src/stm32l4xx_hal_cortex.o
                0x080009c4                HAL_NVIC_SetPriorityGrouping
 .text.HAL_NVIC_SetPriority
                0x080009da       0x38 ./Drivers/STM32L4xx_HAL_Driver/Src/stm32l4xx_hal_cortex.o
                0x080009da                HAL_NVIC_SetPriority
 .text.HAL_SYSTICK_Config
                0x08000a12       0x18 ./Drivers/STM32L4xx_HAL_Driver/Src/stm32l4xx_hal_cortex.o
                0x08000a12                HAL_SYSTICK_Config
 *fill*         0x08000a2a        0x2 
 .text.HAL_PWREx_GetVoltageRange
                0x08000a2c       0x40 ./Drivers/STM32L4xx_HAL_Driver/Src/stm32l4xx_hal_pwr_ex.o
                0x08000a2c                HAL_PWREx_GetVoltageRange
 .text.HAL_PWREx_ControlVoltageScaling
                0x08000a6c      0x148 ./Drivers/STM32L4xx_HAL_Driver/Src/stm32l4xx_hal_pwr_ex.o
                0x08000a6c                HAL_PWREx_ControlVoltageScaling
 .text.HAL_RCC_OscConfig
                0x08000bb4      0x834 ./Drivers/STM32L4xx_HAL_Driver/Src/stm32l4xx_hal_rcc.o
                0x08000bb4                HAL_RCC_OscConfig
 .text.HAL_RCC_ClockConfig
                0x080013e8      0x274 ./Drivers/STM32L4xx_HAL_Driver/Src/stm32l4xx_hal_rcc.o
                0x080013e8                HAL_RCC_ClockConfig
 .text.HAL_RCC_GetSysClockFreq
                0x0800165c      0x118 ./Drivers/STM32L4xx_HAL_Driver/Src/stm32l4xx_hal_rcc.o
                0x0800165c                HAL_RCC_GetSysClockFreq
 .text.RCC_SetFlashLatencyFromMSIRange
                0x08001774       0xb4 ./Drivers/STM32L4xx_HAL_Driver/Src/stm32l4xx_hal_rcc.o
 .text.RCC_GetSysClockFreqFromPLLSource
                0x08001828       0xcc ./Drivers/STM32L4xx_HAL_Driver/Src/stm32l4xx_hal_rcc.o
 .text.arm_sin_f32
                0x080018f4       0x8c C:\Applications\STM32CubeIDE\ECSE444_Workspace\Lab1_444\Core\Lib\libarm_cortexM4lf_math.a(arm_sin_f32.o)
                0x080018f4                arm_sin_f32
 .text.arm_cos_f32
                0x08001980       0x94 C:\Applications\STM32CubeIDE\ECSE444_Workspace\Lab1_444\Core\Lib\libarm_cortexM4lf_math.a(arm_cos_f32.o)
                0x08001980                arm_cos_f32
 .text.memset   0x08001a14       0x10 C:/Applications/STM32CubeIDE/STM32CubeIDE_1.18.1/STM32CubeIDE/plugins/com.st.stm32cube.ide.mcu.externaltools.gnu-tools-for-stm32.13.3.rel1.win32_1.0.0.202411081344/tools/bin/../lib/gcc/arm-none-eabi/13.3.1/../../../../arm-none-eabi/lib/thumb/v7e-m+fp/hard\libc_nano.a(libc_a-memset.o)
                0x08001a14                memset
 .text.__errno  0x08001a24        0xc C:/Applications/STM32CubeIDE/STM32CubeIDE_1.18.1/STM32CubeIDE/plugins/com.st.stm32cube.ide.mcu.externaltools.gnu-tools-for-stm32.13.3.rel1.win32_1.0.0.202411081344/tools/bin/../lib/gcc/arm-none-eabi/13.3.1/../../../../arm-none-eabi/lib/thumb/v7e-m+fp/hard\libc_nano.a(libc_a-errno.o)
                0x08001a24                __errno
 .text.__libc_init_array
                0x08001a30       0x48 C:/Applications/STM32CubeIDE/STM32CubeIDE_1.18.1/STM32CubeIDE/plugins/com.st.stm32cube.ide.mcu.externaltools.gnu-tools-for-stm32.13.3.rel1.win32_1.0.0.202411081344/tools/bin/../lib/gcc/arm-none-eabi/13.3.1/../../../../arm-none-eabi/lib/thumb/v7e-m+fp/hard\libc_nano.a(libc_a-init.o)
                0x08001a30                __libc_init_array
 .text.sqrtf    0x08001a78       0x3c C:/Applications/STM32CubeIDE/STM32CubeIDE_1.18.1/STM32CubeIDE/plugins/com.st.stm32cube.ide.mcu.externaltools.gnu-tools-for-stm32.13.3.rel1.win32_1.0.0.202411081344/tools/bin/../lib/gcc/arm-none-eabi/13.3.1/../../../../arm-none-eabi/lib/thumb/v7e-m+fp/hard\libm.a(libm_a-wf_sqrt.o)
                0x08001a78                sqrtf
 .text.__ieee754_sqrtf
                0x08001ab4        0x6 C:/Applications/STM32CubeIDE/STM32CubeIDE_1.18.1/STM32CubeIDE/plugins/com.st.stm32cube.ide.mcu.externaltools.gnu-tools-for-stm32.13.3.rel1.win32_1.0.0.202411081344/tools/bin/../lib/gcc/arm-none-eabi/13.3.1/../../../../arm-none-eabi/lib/thumb/v7e-m+fp/hard\libm.a(libm_a-ef_sqrt.o)
                0x08001ab4                __ieee754_sqrtf
 *(.glue_7)
 .glue_7        0x08001aba        0x0 linker stubs
 *(.glue_7t)
 .glue_7t       0x08001aba        0x0 linker stubs
 *(.eh_frame)
 *fill*         0x08001aba        0x2 
 .eh_frame      0x08001abc        0x0 C:/Applications/STM32CubeIDE/STM32CubeIDE_1.18.1/STM32CubeIDE/plugins/com.st.stm32cube.ide.mcu.externaltools.gnu-tools-for-stm32.13.3.rel1.win32_1.0.0.202411081344/tools/bin/../lib/gcc/arm-none-eabi/13.3.1/thumb/v7e-m+fp/hard/crtbegin.o
 *(.init)
 .init          0x08001abc        0x4 C:/Applications/STM32CubeIDE/STM32CubeIDE_1.18.1/STM32CubeIDE/plugins/com.st.stm32cube.ide.mcu.externaltools.gnu-tools-for-stm32.13.3.rel1.win32_1.0.0.202411081344/tools/bin/../lib/gcc/arm-none-eabi/13.3.1/thumb/v7e-m+fp/hard/crti.o
                0x08001abc                _init
 .init          0x08001ac0        0x8 C:/Applications/STM32CubeIDE/STM32CubeIDE_1.18.1/STM32CubeIDE/plugins/com.st.stm32cube.ide.mcu.externaltools.gnu-tools-for-stm32.13.3.rel1.win32_1.0.0.202411081344/tools/bin/../lib/gcc/arm-none-eabi/13.3.1/thumb/v7e-m+fp/hard/crtn.o
 *(.fini)
 .fini          0x08001ac8        0x4 C:/Applications/STM32CubeIDE/STM32CubeIDE_1.18.1/STM32CubeIDE/plugins/com.st.stm32cube.ide.mcu.externaltools.gnu-tools-for-stm32.13.3.rel1.win32_1.0.0.202411081344/tools/bin/../lib/gcc/arm-none-eabi/13.3.1/thumb/v7e-m+fp/hard/crti.o
                0x08001ac8                _fini
 .fini          0x08001acc        0x8 C:/Applications/STM32CubeIDE/STM32CubeIDE_1.18.1/STM32CubeIDE/plugins/com.st.stm32cube.ide.mcu.externaltools.gnu-tools-for-stm32.13.3.rel1.win32_1.0.0.202411081344/tools/bin/../lib/gcc/arm-none-eabi/13.3.1/thumb/v7e-m+fp/hard/crtn.o
                0x08001ad4                        . = ALIGN (0x4)
                0x08001ad4                        _etext = .

.vfp11_veneer   0x08001ad4        0x0
 .vfp11_veneer  0x08001ad4        0x0 linker stubs

.v4_bx          0x08001ad4        0x0
 .v4_bx         0x08001ad4        0x0 linker stubs

.iplt           0x08001ad4        0x0
 .iplt          0x08001ad4        0x0 C:/Applications/STM32CubeIDE/STM32CubeIDE_1.18.1/STM32CubeIDE/plugins/com.st.stm32cube.ide.mcu.externaltools.gnu-tools-for-stm32.13.3.rel1.win32_1.0.0.202411081344/tools/bin/../lib/gcc/arm-none-eabi/13.3.1/thumb/v7e-m+fp/hard/crtbegin.o

.rodata         0x08001ad4      0x844
                0x08001ad4                        . = ALIGN (0x4)
 *(.rodata)
 *(.rodata*)
 .rodata.AHBPrescTable
                0x08001ad4       0x10 ./Core/Src/system_stm32l4xx.o
                0x08001ad4                AHBPrescTable
 .rodata.MSIRangeTable
                0x08001ae4       0x30 ./Core/Src/system_stm32l4xx.o
                0x08001ae4                MSIRangeTable
 .rodata.sinTable_f32
                0x08001b14      0x804 C:\Applications\STM32CubeIDE\ECSE444_Workspace\Lab1_444\Core\Lib\libarm_cortexM4lf_math.a(arm_common_tables.o)
                0x08001b14                sinTable_f32
                0x08002318                        . = ALIGN (0x4)

.ARM.extab      0x08002318        0x0
                0x08002318                        . = ALIGN (0x4)
 *(.ARM.extab* .gnu.linkonce.armextab.*)
                0x08002318                        . = ALIGN (0x4)

.ARM            0x08002318        0x0
                0x08002318                        . = ALIGN (0x4)
                0x08002318                        __exidx_start = .
 *(.ARM.exidx*)
                0x08002318                        __exidx_end = .
                0x08002318                        . = ALIGN (0x4)

.preinit_array  0x08002318        0x0
                0x08002318                        . = ALIGN (0x4)
                0x08002318                        PROVIDE (__preinit_array_start = .)
 *(.preinit_array*)
                0x08002318                        PROVIDE (__preinit_array_end = .)
                0x08002318                        . = ALIGN (0x4)

.init_array     0x08002318        0x4
                0x08002318                        . = ALIGN (0x4)
                0x08002318                        PROVIDE (__init_array_start = .)
 *(SORT_BY_NAME(.init_array.*))
 *(.init_array*)
 .init_array    0x08002318        0x4 C:/Applications/STM32CubeIDE/STM32CubeIDE_1.18.1/STM32CubeIDE/plugins/com.st.stm32cube.ide.mcu.externaltools.gnu-tools-for-stm32.13.3.rel1.win32_1.0.0.202411081344/tools/bin/../lib/gcc/arm-none-eabi/13.3.1/thumb/v7e-m+fp/hard/crtbegin.o
                0x0800231c                        PROVIDE (__init_array_end = .)
                0x0800231c                        . = ALIGN (0x4)

.fini_array     0x0800231c        0x4
                0x0800231c                        . = ALIGN (0x4)
                [!provide]                        PROVIDE (__fini_array_start = .)
 *(SORT_BY_NAME(.fini_array.*))
 *(.fini_array*)
 .fini_array    0x0800231c        0x4 C:/Applications/STM32CubeIDE/STM32CubeIDE_1.18.1/STM32CubeIDE/plugins/com.st.stm32cube.ide.mcu.externaltools.gnu-tools-for-stm32.13.3.rel1.win32_1.0.0.202411081344/tools/bin/../lib/gcc/arm-none-eabi/13.3.1/thumb/v7e-m+fp/hard/crtbegin.o
                [!provide]                        PROVIDE (__fini_array_end = .)
                0x08002320                        . = ALIGN (0x4)
                0x08002320                        _sidata = LOADADDR (.data)

.rel.dyn        0x08002320        0x0
 .rel.iplt      0x08002320        0x0 C:/Applications/STM32CubeIDE/STM32CubeIDE_1.18.1/STM32CubeIDE/plugins/com.st.stm32cube.ide.mcu.externaltools.gnu-tools-for-stm32.13.3.rel1.win32_1.0.0.202411081344/tools/bin/../lib/gcc/arm-none-eabi/13.3.1/thumb/v7e-m+fp/hard/crtbegin.o

.data           0x20000000       0x5c load address 0x08002320
                0x20000000                        . = ALIGN (0x4)
                0x20000000                        _sdata = .
 *(.data)
 *(.data*)
 .data.SystemCoreClock
                0x20000000        0x4 ./Core/Src/system_stm32l4xx.o
                0x20000000                SystemCoreClock
 .data.uwTickPrio
                0x20000004        0x4 ./Drivers/STM32L4xx_HAL_Driver/Src/stm32l4xx_hal.o
                0x20000004                uwTickPrio
 .data.uwTickFreq
                0x20000008        0x1 ./Drivers/STM32L4xx_HAL_Driver/Src/stm32l4xx_hal.o
                0x20000008                uwTickFreq
 *fill*         0x20000009        0x3 
 .data._impure_ptr
                0x2000000c        0x4 C:/Applications/STM32CubeIDE/STM32CubeIDE_1.18.1/STM32CubeIDE/plugins/com.st.stm32cube.ide.mcu.externaltools.gnu-tools-for-stm32.13.3.rel1.win32_1.0.0.202411081344/tools/bin/../lib/gcc/arm-none-eabi/13.3.1/../../../../arm-none-eabi/lib/thumb/v7e-m+fp/hard\libc_nano.a(libc_a-impure.o)
                0x2000000c                _impure_ptr
 .data._impure_data
                0x20000010       0x4c C:/Applications/STM32CubeIDE/STM32CubeIDE_1.18.1/STM32CubeIDE/plugins/com.st.stm32cube.ide.mcu.externaltools.gnu-tools-for-stm32.13.3.rel1.win32_1.0.0.202411081344/tools/bin/../lib/gcc/arm-none-eabi/13.3.1/../../../../arm-none-eabi/lib/thumb/v7e-m+fp/hard\libc_nano.a(libc_a-impure.o)
                0x20000010                _impure_data
 *(.RamFunc)
 *(.RamFunc*)
                0x2000005c                        . = ALIGN (0x4)
                0x2000005c                        _edata = .

.igot.plt       0x2000005c        0x0 load address 0x0800237c
 .igot.plt      0x2000005c        0x0 C:/Applications/STM32CubeIDE/STM32CubeIDE_1.18.1/STM32CubeIDE/plugins/com.st.stm32cube.ide.mcu.externaltools.gnu-tools-for-stm32.13.3.rel1.win32_1.0.0.202411081344/tools/bin/../lib/gcc/arm-none-eabi/13.3.1/thumb/v7e-m+fp/hard/crtbegin.o
                0x2000005c                        . = ALIGN (0x4)

.bss            0x2000005c      0x158 load address 0x0800237c
                0x2000005c                        _sbss = .
                0x2000005c                        __bss_start__ = _sbss
 *(.bss)
 .bss           0x2000005c       0x1c C:/Applications/STM32CubeIDE/STM32CubeIDE_1.18.1/STM32CubeIDE/plugins/com.st.stm32cube.ide.mcu.externaltools.gnu-tools-for-stm32.13.3.rel1.win32_1.0.0.202411081344/tools/bin/../lib/gcc/arm-none-eabi/13.3.1/thumb/v7e-m+fp/hard/crtbegin.o
 *(.bss*)
 .bss.uwTick    0x20000078        0x4 ./Drivers/STM32L4xx_HAL_Driver/Src/stm32l4xx_hal.o
                0x20000078                uwTick
 .bss.__sf      0x2000007c      0x138 C:/Applications/STM32CubeIDE/STM32CubeIDE_1.18.1/STM32CubeIDE/plugins/com.st.stm32cube.ide.mcu.externaltools.gnu-tools-for-stm32.13.3.rel1.win32_1.0.0.202411081344/tools/bin/../lib/gcc/arm-none-eabi/13.3.1/../../../../arm-none-eabi/lib/thumb/v7e-m+fp/hard\libc_nano.a(libc_a-findfp.o)
                0x2000007c                __sf
 *(COMMON)
                0x200001b4                        . = ALIGN (0x4)
                0x200001b4                        _ebss = .
                0x200001b4                        __bss_end__ = _ebss

._user_heap_stack
                0x200001b4      0x604 load address 0x0800237c
                0x200001b8                        . = ALIGN (0x8)
 *fill*         0x200001b4        0x4 
                [!provide]                        PROVIDE (end = .)
                0x200001b8                        PROVIDE (_end = .)
                0x200003b8                        . = (. + _Min_Heap_Size)
 *fill*         0x200001b8      0x200 
                0x200007b8                        . = (. + _Min_Stack_Size)
 *fill*         0x200003b8      0x400 
                0x200007b8                        . = ALIGN (0x8)

/DISCARD/
 libc.a(*)
 libm.a(*)
 libgcc.a(*)

.ARM.attributes
                0x00000000       0x30
 *(.ARM.attributes)
 .ARM.attributes
                0x00000000       0x22 C:/Applications/STM32CubeIDE/STM32CubeIDE_1.18.1/STM32CubeIDE/plugins/com.st.stm32cube.ide.mcu.externaltools.gnu-tools-for-stm32.13.3.rel1.win32_1.0.0.202411081344/tools/bin/../lib/gcc/arm-none-eabi/13.3.1/thumb/v7e-m+fp/hard/crti.o
 .ARM.attributes
                0x00000022       0x34 C:/Applications/STM32CubeIDE/STM32CubeIDE_1.18.1/STM32CubeIDE/plugins/com.st.stm32cube.ide.mcu.externaltools.gnu-tools-for-stm32.13.3.rel1.win32_1.0.0.202411081344/tools/bin/../lib/gcc/arm-none-eabi/13.3.1/thumb/v7e-m+fp/hard/crtbegin.o
 .ARM.attributes
                0x00000056       0x20 ./Core/Src/armSquareRoot.o
 .ARM.attributes
                0x00000076       0x20 ./Core/Src/asmTans.o
 .ARM.attributes
                0x00000096       0x34 ./Core/Src/cSquareRoot.o
 .ARM.attributes
                0x000000ca       0x34 ./Core/Src/ctrans.o
 .ARM.attributes
                0x000000fe       0x34 ./Core/Src/main.o
 .ARM.attributes
                0x00000132       0x34 ./Core/Src/stm32l4xx_hal_msp.o
 .ARM.attributes
                0x00000166       0x34 ./Core/Src/stm32l4xx_it.o
 .ARM.attributes
                0x0000019a       0x34 ./Core/Src/system_stm32l4xx.o
 .ARM.attributes
                0x000001ce       0x21 ./Core/Startup/startup_stm32l4s5vitx.o
 .ARM.attributes
                0x000001ef       0x34 ./Drivers/STM32L4xx_HAL_Driver/Src/stm32l4xx_hal.o
 .ARM.attributes
                0x00000223       0x34 ./Drivers/STM32L4xx_HAL_Driver/Src/stm32l4xx_hal_cortex.o
 .ARM.attributes
                0x00000257       0x34 ./Drivers/STM32L4xx_HAL_Driver/Src/stm32l4xx_hal_pwr_ex.o
 .ARM.attributes
                0x0000028b       0x34 ./Drivers/STM32L4xx_HAL_Driver/Src/stm32l4xx_hal_rcc.o
 .ARM.attributes
                0x000002bf       0x34 C:\Applications\STM32CubeIDE\ECSE444_Workspace\Lab1_444\Core\Lib\libarm_cortexM4lf_math.a(arm_sin_f32.o)
 .ARM.attributes
                0x000002f3       0x34 C:\Applications\STM32CubeIDE\ECSE444_Workspace\Lab1_444\Core\Lib\libarm_cortexM4lf_math.a(arm_cos_f32.o)
 .ARM.attributes
                0x00000327       0x39 C:\Applications\STM32CubeIDE\ECSE444_Workspace\Lab1_444\Core\Lib\libarm_cortexM4lf_math.a(arm_common_tables.o)
 .ARM.attributes
                0x00000360       0x34 C:/Applications/STM32CubeIDE/STM32CubeIDE_1.18.1/STM32CubeIDE/plugins/com.st.stm32cube.ide.mcu.externaltools.gnu-tools-for-stm32.13.3.rel1.win32_1.0.0.202411081344/tools/bin/../lib/gcc/arm-none-eabi/13.3.1/../../../../arm-none-eabi/lib/thumb/v7e-m+fp/hard\libc_nano.a(libc_a-findfp.o)
 .ARM.attributes
                0x00000394       0x34 C:/Applications/STM32CubeIDE/STM32CubeIDE_1.18.1/STM32CubeIDE/plugins/com.st.stm32cube.ide.mcu.externaltools.gnu-tools-for-stm32.13.3.rel1.win32_1.0.0.202411081344/tools/bin/../lib/gcc/arm-none-eabi/13.3.1/../../../../arm-none-eabi/lib/thumb/v7e-m+fp/hard\libc_nano.a(libc_a-memset.o)
 .ARM.attributes
                0x000003c8       0x34 C:/Applications/STM32CubeIDE/STM32CubeIDE_1.18.1/STM32CubeIDE/plugins/com.st.stm32cube.ide.mcu.externaltools.gnu-tools-for-stm32.13.3.rel1.win32_1.0.0.202411081344/tools/bin/../lib/gcc/arm-none-eabi/13.3.1/../../../../arm-none-eabi/lib/thumb/v7e-m+fp/hard\libc_nano.a(libc_a-impure.o)
 .ARM.attributes
                0x000003fc       0x34 C:/Applications/STM32CubeIDE/STM32CubeIDE_1.18.1/STM32CubeIDE/plugins/com.st.stm32cube.ide.mcu.externaltools.gnu-tools-for-stm32.13.3.rel1.win32_1.0.0.202411081344/tools/bin/../lib/gcc/arm-none-eabi/13.3.1/../../../../arm-none-eabi/lib/thumb/v7e-m+fp/hard\libc_nano.a(libc_a-errno.o)
 .ARM.attributes
                0x00000430       0x34 C:/Applications/STM32CubeIDE/STM32CubeIDE_1.18.1/STM32CubeIDE/plugins/com.st.stm32cube.ide.mcu.externaltools.gnu-tools-for-stm32.13.3.rel1.win32_1.0.0.202411081344/tools/bin/../lib/gcc/arm-none-eabi/13.3.1/../../../../arm-none-eabi/lib/thumb/v7e-m+fp/hard\libc_nano.a(libc_a-init.o)
 .ARM.attributes
                0x00000464       0x34 C:/Applications/STM32CubeIDE/STM32CubeIDE_1.18.1/STM32CubeIDE/plugins/com.st.stm32cube.ide.mcu.externaltools.gnu-tools-for-stm32.13.3.rel1.win32_1.0.0.202411081344/tools/bin/../lib/gcc/arm-none-eabi/13.3.1/../../../../arm-none-eabi/lib/thumb/v7e-m+fp/hard\libm.a(libm_a-wf_sqrt.o)
 .ARM.attributes
                0x00000498       0x34 C:/Applications/STM32CubeIDE/STM32CubeIDE_1.18.1/STM32CubeIDE/plugins/com.st.stm32cube.ide.mcu.externaltools.gnu-tools-for-stm32.13.3.rel1.win32_1.0.0.202411081344/tools/bin/../lib/gcc/arm-none-eabi/13.3.1/../../../../arm-none-eabi/lib/thumb/v7e-m+fp/hard\libm.a(libm_a-ef_sqrt.o)
 .ARM.attributes
                0x000004cc       0x22 C:/Applications/STM32CubeIDE/STM32CubeIDE_1.18.1/STM32CubeIDE/plugins/com.st.stm32cube.ide.mcu.externaltools.gnu-tools-for-stm32.13.3.rel1.win32_1.0.0.202411081344/tools/bin/../lib/gcc/arm-none-eabi/13.3.1/thumb/v7e-m+fp/hard/crtn.o
OUTPUT(Lab1_444.elf elf32-littlearm)
LOAD linker stubs
LOAD C:/Applications/STM32CubeIDE/STM32CubeIDE_1.18.1/STM32CubeIDE/plugins/com.st.stm32cube.ide.mcu.externaltools.gnu-tools-for-stm32.13.3.rel1.win32_1.0.0.202411081344/tools/bin/../lib/gcc/arm-none-eabi/13.3.1/../../../../arm-none-eabi/lib/thumb/v7e-m+fp/hard\libc.a
LOAD C:/Applications/STM32CubeIDE/STM32CubeIDE_1.18.1/STM32CubeIDE/plugins/com.st.stm32cube.ide.mcu.externaltools.gnu-tools-for-stm32.13.3.rel1.win32_1.0.0.202411081344/tools/bin/../lib/gcc/arm-none-eabi/13.3.1/../../../../arm-none-eabi/lib/thumb/v7e-m+fp/hard\libm.a
LOAD C:/Applications/STM32CubeIDE/STM32CubeIDE_1.18.1/STM32CubeIDE/plugins/com.st.stm32cube.ide.mcu.externaltools.gnu-tools-for-stm32.13.3.rel1.win32_1.0.0.202411081344/tools/bin/../lib/gcc/arm-none-eabi/13.3.1/thumb/v7e-m+fp/hard\libgcc.a

.debug_line     0x00000000     0x740d
 .debug_line    0x00000000       0x4b ./Core/Src/armSquareRoot.o
 .debug_line    0x0000004b       0x64 ./Core/Src/asmTans.o
 .debug_line    0x000000af      0x9b9 ./Core/Src/cSquareRoot.o
 .debug_line    0x00000a68      0x9cd ./Core/Src/ctrans.o
 .debug_line    0x00001435      0xb14 ./Core/Src/main.o
 .debug_line    0x00001f49      0x6f8 ./Core/Src/stm32l4xx_hal_msp.o
 .debug_line    0x00002641      0x7a7 ./Core/Src/stm32l4xx_it.o
 .debug_line    0x00002de8      0x796 ./Core/Src/system_stm32l4xx.o
 .debug_line    0x0000357e       0x7a ./Core/Startup/startup_stm32l4s5vitx.o
 .debug_line    0x000035f8      0xafe ./Drivers/STM32L4xx_HAL_Driver/Src/stm32l4xx_hal.o
 .debug_line    0x000040f6      0xc99 ./Drivers/STM32L4xx_HAL_Driver/Src/stm32l4xx_hal_cortex.o
 .debug_line    0x00004d8f      0xd55 ./Drivers/STM32L4xx_HAL_Driver/Src/stm32l4xx_hal_pwr_ex.o
 .debug_line    0x00005ae4     0x1143 ./Drivers/STM32L4xx_HAL_Driver/Src/stm32l4xx_hal_rcc.o
 .debug_line    0x00006c27      0x2d0 C:\Applications\STM32CubeIDE\ECSE444_Workspace\Lab1_444\Core\Lib\libarm_cortexM4lf_math.a(arm_sin_f32.o)
 .debug_line    0x00006ef7      0x2d3 C:\Applications\STM32CubeIDE\ECSE444_Workspace\Lab1_444\Core\Lib\libarm_cortexM4lf_math.a(arm_cos_f32.o)
 .debug_line    0x000071ca      0x243 C:\Applications\STM32CubeIDE\ECSE444_Workspace\Lab1_444\Core\Lib\libarm_cortexM4lf_math.a(arm_common_tables.o)

.debug_line_str
                0x00000000       0x8c
 .debug_line_str
                0x00000000       0x8c ./Core/Src/armSquareRoot.o
                                 0x5a (size before relaxing)
 .debug_line_str
                0x0000008c       0x54 ./Core/Src/asmTans.o
 .debug_line_str
                0x0000008c       0x66 ./Core/Startup/startup_stm32l4s5vitx.o

.debug_info     0x00000000     0x8d8c
 .debug_info    0x00000000       0x24 ./Core/Src/armSquareRoot.o
 .debug_info    0x00000024       0x24 ./Core/Src/asmTans.o
 .debug_info    0x00000048      0x151 ./Core/Src/cSquareRoot.o
 .debug_info    0x00000199      0x1de ./Core/Src/ctrans.o
 .debug_info    0x00000377      0x7a6 ./Core/Src/main.o
 .debug_info    0x00000b1d      0x331 ./Core/Src/stm32l4xx_hal_msp.o
 .debug_info    0x00000e4e      0x157 ./Core/Src/stm32l4xx_it.o
 .debug_info    0x00000fa5      0x61a ./Core/Src/system_stm32l4xx.o
 .debug_info    0x000015bf       0x30 ./Core/Startup/startup_stm32l4s5vitx.o
 .debug_info    0x000015ef      0xb91 ./Drivers/STM32L4xx_HAL_Driver/Src/stm32l4xx_hal.o
 .debug_info    0x00002180      0xdcb ./Drivers/STM32L4xx_HAL_Driver/Src/stm32l4xx_hal_cortex.o
 .debug_info    0x00002f4b      0xa36 ./Drivers/STM32L4xx_HAL_Driver/Src/stm32l4xx_hal_pwr_ex.o
 .debug_info    0x00003981      0xd63 ./Drivers/STM32L4xx_HAL_Driver/Src/stm32l4xx_hal_rcc.o
 .debug_info    0x000046e4     0x1612 C:\Applications\STM32CubeIDE\ECSE444_Workspace\Lab1_444\Core\Lib\libarm_cortexM4lf_math.a(arm_sin_f32.o)
 .debug_info    0x00005cf6     0x1612 C:\Applications\STM32CubeIDE\ECSE444_Workspace\Lab1_444\Core\Lib\libarm_cortexM4lf_math.a(arm_cos_f32.o)
 .debug_info    0x00007308     0x1a84 C:\Applications\STM32CubeIDE\ECSE444_Workspace\Lab1_444\Core\Lib\libarm_cortexM4lf_math.a(arm_common_tables.o)

.debug_abbrev   0x00000000     0x17cc
 .debug_abbrev  0x00000000       0x14 ./Core/Src/armSquareRoot.o
 .debug_abbrev  0x00000014       0x14 ./Core/Src/asmTans.o
 .debug_abbrev  0x00000028       0xbd ./Core/Src/cSquareRoot.o
 .debug_abbrev  0x000000e5       0xf9 ./Core/Src/ctrans.o
 .debug_abbrev  0x000001de      0x286 ./Core/Src/main.o
 .debug_abbrev  0x00000464       0xdd ./Core/Src/stm32l4xx_hal_msp.o
 .debug_abbrev  0x00000541       0xac ./Core/Src/stm32l4xx_it.o
 .debug_abbrev  0x000005ed      0x117 ./Core/Src/system_stm32l4xx.o
 .debug_abbrev  0x00000704       0x24 ./Core/Startup/startup_stm32l4s5vitx.o
 .debug_abbrev  0x00000728      0x243 ./Drivers/STM32L4xx_HAL_Driver/Src/stm32l4xx_hal.o
 .debug_abbrev  0x0000096b      0x31c ./Drivers/STM32L4xx_HAL_Driver/Src/stm32l4xx_hal_cortex.o
 .debug_abbrev  0x00000c87      0x1f9 ./Drivers/STM32L4xx_HAL_Driver/Src/stm32l4xx_hal_pwr_ex.o
 .debug_abbrev  0x00000e80      0x317 ./Drivers/STM32L4xx_HAL_Driver/Src/stm32l4xx_hal_rcc.o
 .debug_abbrev  0x00001197      0x22c C:\Applications\STM32CubeIDE\ECSE444_Workspace\Lab1_444\Core\Lib\libarm_cortexM4lf_math.a(arm_sin_f32.o)
 .debug_abbrev  0x000013c3      0x22c C:\Applications\STM32CubeIDE\ECSE444_Workspace\Lab1_444\Core\Lib\libarm_cortexM4lf_math.a(arm_cos_f32.o)
 .debug_abbrev  0x000015ef      0x1dd C:\Applications\STM32CubeIDE\ECSE444_Workspace\Lab1_444\Core\Lib\libarm_cortexM4lf_math.a(arm_common_tables.o)

.debug_aranges  0x00000000      0x640
 .debug_aranges
                0x00000000       0x20 ./Core/Src/armSquareRoot.o
 .debug_aranges
                0x00000020       0x20 ./Core/Src/asmTans.o
 .debug_aranges
                0x00000040       0x20 ./Core/Src/cSquareRoot.o
 .debug_aranges
                0x00000060       0x20 ./Core/Src/ctrans.o
 .debug_aranges
                0x00000080       0x38 ./Core/Src/main.o
 .debug_aranges
                0x000000b8       0x20 ./Core/Src/stm32l4xx_hal_msp.o
 .debug_aranges
                0x000000d8       0x60 ./Core/Src/stm32l4xx_it.o
 .debug_aranges
                0x00000138       0x28 ./Core/Src/system_stm32l4xx.o
 .debug_aranges
                0x00000160       0x28 ./Core/Startup/startup_stm32l4s5vitx.o
 .debug_aranges
                0x00000188      0x130 ./Drivers/STM32L4xx_HAL_Driver/Src/stm32l4xx_hal.o
 .debug_aranges
                0x000002b8      0x128 ./Drivers/STM32L4xx_HAL_Driver/Src/stm32l4xx_hal_cortex.o
 .debug_aranges
                0x000003e0      0x170 ./Drivers/STM32L4xx_HAL_Driver/Src/stm32l4xx_hal_pwr_ex.o
 .debug_aranges
                0x00000550       0x98 ./Drivers/STM32L4xx_HAL_Driver/Src/stm32l4xx_hal_rcc.o
 .debug_aranges
                0x000005e8       0x20 C:\Applications\STM32CubeIDE\ECSE444_Workspace\Lab1_444\Core\Lib\libarm_cortexM4lf_math.a(arm_sin_f32.o)
 .debug_aranges
                0x00000608       0x20 C:\Applications\STM32CubeIDE\ECSE444_Workspace\Lab1_444\Core\Lib\libarm_cortexM4lf_math.a(arm_cos_f32.o)
 .debug_aranges
                0x00000628       0x18 C:\Applications\STM32CubeIDE\ECSE444_Workspace\Lab1_444\Core\Lib\libarm_cortexM4lf_math.a(arm_common_tables.o)

.debug_str      0x00000000    0xff2e8
 .debug_str     0x00000000    0xff2e8 ./Core/Src/armSquareRoot.o
                                 0x68 (size before relaxing)
 .debug_str     0x000ff2e8       0x62 ./Core/Src/asmTans.o
 .debug_str     0x000ff2e8    0xfc9e1 ./Core/Src/cSquareRoot.o
 .debug_str     0x000ff2e8    0xfca34 ./Core/Src/ctrans.o
 .debug_str     0x000ff2e8    0xfcea8 ./Core/Src/main.o
 .debug_str     0x000ff2e8    0xf8598 ./Core/Src/stm32l4xx_hal_msp.o
 .debug_str     0x000ff2e8    0xf84b2 ./Core/Src/stm32l4xx_it.o
 .debug_str     0x000ff2e8    0xf864d ./Core/Src/system_stm32l4xx.o
 .debug_str     0x000ff2e8       0x82 ./Core/Startup/startup_stm32l4s5vitx.o
 .debug_str     0x000ff2e8    0xf9240 ./Drivers/STM32L4xx_HAL_Driver/Src/stm32l4xx_hal.o
 .debug_str     0x000ff2e8    0xf8eec ./Drivers/STM32L4xx_HAL_Driver/Src/stm32l4xx_hal_cortex.o
 .debug_str     0x000ff2e8    0xf8c20 ./Drivers/STM32L4xx_HAL_Driver/Src/stm32l4xx_hal_pwr_ex.o
 .debug_str     0x000ff2e8    0xf8cc0 ./Drivers/STM32L4xx_HAL_Driver/Src/stm32l4xx_hal_rcc.o
 .debug_str     0x000ff2e8      0xd42 C:\Applications\STM32CubeIDE\ECSE444_Workspace\Lab1_444\Core\Lib\libarm_cortexM4lf_math.a(arm_sin_f32.o)
 .debug_str     0x000ff2e8      0xd42 C:\Applications\STM32CubeIDE\ECSE444_Workspace\Lab1_444\Core\Lib\libarm_cortexM4lf_math.a(arm_cos_f32.o)
 .debug_str     0x000ff2e8      0xd1d C:\Applications\STM32CubeIDE\ECSE444_Workspace\Lab1_444\Core\Lib\libarm_cortexM4lf_math.a(arm_common_tables.o)

.debug_rnglists
                0x00000000      0x41a
 .debug_rnglists
                0x00000000       0x14 ./Core/Src/cSquareRoot.o
 .debug_rnglists
                0x00000014       0x14 ./Core/Src/ctrans.o
 .debug_rnglists
                0x00000028       0x27 ./Core/Src/main.o
 .debug_rnglists
                0x0000004f       0x13 ./Core/Src/stm32l4xx_hal_msp.o
 .debug_rnglists
                0x00000062       0x43 ./Core/Src/stm32l4xx_it.o
 .debug_rnglists
                0x000000a5       0x1a ./Core/Src/system_stm32l4xx.o
 .debug_rnglists
                0x000000bf       0x19 ./Core/Startup/startup_stm32l4s5vitx.o
 .debug_rnglists
                0x000000d8       0xdf ./Drivers/STM32L4xx_HAL_Driver/Src/stm32l4xx_hal.o
 .debug_rnglists
                0x000001b7       0xda ./Drivers/STM32L4xx_HAL_Driver/Src/stm32l4xx_hal_cortex.o
 .debug_rnglists
                0x00000291      0x115 ./Drivers/STM32L4xx_HAL_Driver/Src/stm32l4xx_hal_pwr_ex.o
 .debug_rnglists
                0x000003a6       0x74 ./Drivers/STM32L4xx_HAL_Driver/Src/stm32l4xx_hal_rcc.o

.debug_macro    0x00000000    0x29a72
 .debug_macro   0x00000000      0x2d4 ./Core/Src/cSquareRoot.o
 .debug_macro   0x000002d4      0xad8 ./Core/Src/cSquareRoot.o
 .debug_macro   0x00000dac      0x19b ./Core/Src/cSquareRoot.o
 .debug_macro   0x00000f47       0x2e ./Core/Src/cSquareRoot.o
 .debug_macro   0x00000f75       0x28 ./Core/Src/cSquareRoot.o
 .debug_macro   0x00000f9d       0x22 ./Core/Src/cSquareRoot.o
 .debug_macro   0x00000fbf       0x8e ./Core/Src/cSquareRoot.o
 .debug_macro   0x0000104d       0x51 ./Core/Src/cSquareRoot.o
 .debug_macro   0x0000109e      0x103 ./Core/Src/cSquareRoot.o
 .debug_macro   0x000011a1       0x6a ./Core/Src/cSquareRoot.o
 .debug_macro   0x0000120b      0x1df ./Core/Src/cSquareRoot.o
 .debug_macro   0x000013ea       0x1c ./Core/Src/cSquareRoot.o
 .debug_macro   0x00001406       0x22 ./Core/Src/cSquareRoot.o
 .debug_macro   0x00001428       0xfb ./Core/Src/cSquareRoot.o
 .debug_macro   0x00001523     0x1011 ./Core/Src/cSquareRoot.o
 .debug_macro   0x00002534      0x11f ./Core/Src/cSquareRoot.o
 .debug_macro   0x00002653    0x1d2a7 ./Core/Src/cSquareRoot.o
 .debug_macro   0x0001f8fa       0x6d ./Core/Src/cSquareRoot.o
 .debug_macro   0x0001f967     0x3902 ./Core/Src/cSquareRoot.o
 .debug_macro   0x00023269      0x190 ./Core/Src/cSquareRoot.o
 .debug_macro   0x000233f9       0x5c ./Core/Src/cSquareRoot.o
 .debug_macro   0x00023455     0x1910 ./Core/Src/cSquareRoot.o
 .debug_macro   0x00024d65      0x7dc ./Core/Src/cSquareRoot.o
 .debug_macro   0x00025541      0x1b9 ./Core/Src/cSquareRoot.o
 .debug_macro   0x000256fa      0x225 ./Core/Src/cSquareRoot.o
 .debug_macro   0x0002591f      0x5c9 ./Core/Src/cSquareRoot.o
 .debug_macro   0x00025ee8      0x280 ./Core/Src/cSquareRoot.o
 .debug_macro   0x00026168      0x495 ./Core/Src/cSquareRoot.o
 .debug_macro   0x000265fd      0x1d9 ./Core/Src/cSquareRoot.o
 .debug_macro   0x000267d6       0x43 ./Core/Src/cSquareRoot.o
 .debug_macro   0x00026819      0x23d ./Core/Src/cSquareRoot.o
 .debug_macro   0x00026a56      0x241 ./Core/Src/cSquareRoot.o
 .debug_macro   0x00026c97      0x416 ./Core/Src/cSquareRoot.o
 .debug_macro   0x000270ad       0x1c ./Core/Src/cSquareRoot.o
 .debug_macro   0x000270c9       0xf2 ./Core/Src/cSquareRoot.o
 .debug_macro   0x000271bb      0x122 ./Core/Src/cSquareRoot.o
 .debug_macro   0x000272dd      0x3f6 ./Core/Src/cSquareRoot.o
 .debug_macro   0x000276d3      0x432 ./Core/Src/cSquareRoot.o
 .debug_macro   0x00027b05       0x61 ./Core/Src/cSquareRoot.o
 .debug_macro   0x00027b66       0x2a ./Core/Src/cSquareRoot.o
 .debug_macro   0x00027b90       0x43 ./Core/Src/cSquareRoot.o
 .debug_macro   0x00027bd3       0x34 ./Core/Src/cSquareRoot.o
 .debug_macro   0x00027c07      0x370 ./Core/Src/cSquareRoot.o
 .debug_macro   0x00027f77       0x16 ./Core/Src/cSquareRoot.o
 .debug_macro   0x00027f8d       0x4a ./Core/Src/cSquareRoot.o
 .debug_macro   0x00027fd7       0x34 ./Core/Src/cSquareRoot.o
 .debug_macro   0x0002800b       0x10 ./Core/Src/cSquareRoot.o
 .debug_macro   0x0002801b       0x58 ./Core/Src/cSquareRoot.o
 .debug_macro   0x00028073       0x8e ./Core/Src/cSquareRoot.o
 .debug_macro   0x00028101       0x1c ./Core/Src/cSquareRoot.o
 .debug_macro   0x0002811d      0x185 ./Core/Src/cSquareRoot.o
 .debug_macro   0x000282a2       0x10 ./Core/Src/cSquareRoot.o
 .debug_macro   0x000282b2       0x3c ./Core/Src/cSquareRoot.o
 .debug_macro   0x000282ee       0x20 ./Core/Src/cSquareRoot.o
 .debug_macro   0x0002830e      0x19b ./Core/Src/cSquareRoot.o
 .debug_macro   0x000284a9      0x201 ./Core/Src/cSquareRoot.o
 .debug_macro   0x000286aa       0xc8 ./Core/Src/cSquareRoot.o
 .debug_macro   0x00028772      0x2de ./Core/Src/ctrans.o
 .debug_macro   0x00028a50      0x2ee ./Core/Src/main.o
 .debug_macro   0x00028d3e      0x1ce ./Core/Src/stm32l4xx_hal_msp.o
 .debug_macro   0x00028f0c      0x1d8 ./Core/Src/stm32l4xx_it.o
 .debug_macro   0x000290e4      0x1c4 ./Core/Src/system_stm32l4xx.o
 .debug_macro   0x000292a8      0x212 ./Drivers/STM32L4xx_HAL_Driver/Src/stm32l4xx_hal.o
 .debug_macro   0x000294ba      0x1c4 ./Drivers/STM32L4xx_HAL_Driver/Src/stm32l4xx_hal_cortex.o
 .debug_macro   0x0002967e      0x1ee ./Drivers/STM32L4xx_HAL_Driver/Src/stm32l4xx_hal_pwr_ex.o
 .debug_macro   0x0002986c      0x206 ./Drivers/STM32L4xx_HAL_Driver/Src/stm32l4xx_hal_rcc.o

.comment        0x00000000       0xb8
 .comment       0x00000000       0xb8 ./Core/Src/cSquareRoot.o
                                 0x44 (size before relaxing)
 .comment       0x000000b8       0x44 ./Core/Src/ctrans.o
 .comment       0x000000b8       0x44 ./Core/Src/main.o
 .comment       0x000000b8       0x44 ./Core/Src/stm32l4xx_hal_msp.o
 .comment       0x000000b8       0x44 ./Core/Src/stm32l4xx_it.o
 .comment       0x000000b8       0x44 ./Core/Src/system_stm32l4xx.o
 .comment       0x000000b8       0x44 ./Drivers/STM32L4xx_HAL_Driver/Src/stm32l4xx_hal.o
 .comment       0x000000b8       0x44 ./Drivers/STM32L4xx_HAL_Driver/Src/stm32l4xx_hal_cortex.o
 .comment       0x000000b8       0x44 ./Drivers/STM32L4xx_HAL_Driver/Src/stm32l4xx_hal_pwr_ex.o
 .comment       0x000000b8       0x44 ./Drivers/STM32L4xx_HAL_Driver/Src/stm32l4xx_hal_rcc.o
 .comment       0x000000b8       0x76 C:\Applications\STM32CubeIDE\ECSE444_Workspace\Lab1_444\Core\Lib\libarm_cortexM4lf_math.a(arm_sin_f32.o)
 .comment       0x000000b8       0x76 C:\Applications\STM32CubeIDE\ECSE444_Workspace\Lab1_444\Core\Lib\libarm_cortexM4lf_math.a(arm_cos_f32.o)
 .comment       0x000000b8       0x76 C:\Applications\STM32CubeIDE\ECSE444_Workspace\Lab1_444\Core\Lib\libarm_cortexM4lf_math.a(arm_common_tables.o)

.debug_frame    0x00000000     0x1668
 .debug_frame   0x00000000       0x38 ./Core/Src/cSquareRoot.o
 .debug_frame   0x00000038       0x34 ./Core/Src/ctrans.o
 .debug_frame   0x0000006c       0x94 ./Core/Src/main.o
 .debug_frame   0x00000100       0x38 ./Core/Src/stm32l4xx_hal_msp.o
 .debug_frame   0x00000138      0x104 ./Core/Src/stm32l4xx_it.o
 .debug_frame   0x0000023c       0x58 ./Core/Src/system_stm32l4xx.o
 .debug_frame   0x00000294      0x498 ./Drivers/STM32L4xx_HAL_Driver/Src/stm32l4xx_hal.o
 .debug_frame   0x0000072c      0x4e8 ./Drivers/STM32L4xx_HAL_Driver/Src/stm32l4xx_hal_cortex.o
 .debug_frame   0x00000c14      0x5c4 ./Drivers/STM32L4xx_HAL_Driver/Src/stm32l4xx_hal_pwr_ex.o
 .debug_frame   0x000011d8      0x248 ./Drivers/STM32L4xx_HAL_Driver/Src/stm32l4xx_hal_rcc.o
 .debug_frame   0x00001420       0x20 C:\Applications\STM32CubeIDE\ECSE444_Workspace\Lab1_444\Core\Lib\libarm_cortexM4lf_math.a(arm_sin_f32.o)
 .debug_frame   0x00001440       0x20 C:\Applications\STM32CubeIDE\ECSE444_Workspace\Lab1_444\Core\Lib\libarm_cortexM4lf_math.a(arm_cos_f32.o)
 .debug_frame   0x00001460      0x144 C:/Applications/STM32CubeIDE/STM32CubeIDE_1.18.1/STM32CubeIDE/plugins/com.st.stm32cube.ide.mcu.externaltools.gnu-tools-for-stm32.13.3.rel1.win32_1.0.0.202411081344/tools/bin/../lib/gcc/arm-none-eabi/13.3.1/../../../../arm-none-eabi/lib/thumb/v7e-m+fp/hard\libc_nano.a(libc_a-findfp.o)
 .debug_frame   0x000015a4       0x20 C:/Applications/STM32CubeIDE/STM32CubeIDE_1.18.1/STM32CubeIDE/plugins/com.st.stm32cube.ide.mcu.externaltools.gnu-tools-for-stm32.13.3.rel1.win32_1.0.0.202411081344/tools/bin/../lib/gcc/arm-none-eabi/13.3.1/../../../../arm-none-eabi/lib/thumb/v7e-m+fp/hard\libc_nano.a(libc_a-memset.o)
 .debug_frame   0x000015c4       0x20 C:/Applications/STM32CubeIDE/STM32CubeIDE_1.18.1/STM32CubeIDE/plugins/com.st.stm32cube.ide.mcu.externaltools.gnu-tools-for-stm32.13.3.rel1.win32_1.0.0.202411081344/tools/bin/../lib/gcc/arm-none-eabi/13.3.1/../../../../arm-none-eabi/lib/thumb/v7e-m+fp/hard\libc_nano.a(libc_a-errno.o)
 .debug_frame   0x000015e4       0x2c C:/Applications/STM32CubeIDE/STM32CubeIDE_1.18.1/STM32CubeIDE/plugins/com.st.stm32cube.ide.mcu.externaltools.gnu-tools-for-stm32.13.3.rel1.win32_1.0.0.202411081344/tools/bin/../lib/gcc/arm-none-eabi/13.3.1/../../../../arm-none-eabi/lib/thumb/v7e-m+fp/hard\libc_nano.a(libc_a-init.o)
 .debug_frame   0x00001610       0x38 C:/Applications/STM32CubeIDE/STM32CubeIDE_1.18.1/STM32CubeIDE/plugins/com.st.stm32cube.ide.mcu.externaltools.gnu-tools-for-stm32.13.3.rel1.win32_1.0.0.202411081344/tools/bin/../lib/gcc/arm-none-eabi/13.3.1/../../../../arm-none-eabi/lib/thumb/v7e-m+fp/hard\libm.a(libm_a-wf_sqrt.o)
 .debug_frame   0x00001648       0x20 C:/Applications/STM32CubeIDE/STM32CubeIDE_1.18.1/STM32CubeIDE/plugins/com.st.stm32cube.ide.mcu.externaltools.gnu-tools-for-stm32.13.3.rel1.win32_1.0.0.202411081344/tools/bin/../lib/gcc/arm-none-eabi/13.3.1/../../../../arm-none-eabi/lib/thumb/v7e-m+fp/hard\libm.a(libm_a-ef_sqrt.o)

.debug_loc      0x00000000      0x1f4
 .debug_loc     0x00000000       0xfa C:\Applications\STM32CubeIDE\ECSE444_Workspace\Lab1_444\Core\Lib\libarm_cortexM4lf_math.a(arm_sin_f32.o)
 .debug_loc     0x000000fa       0xfa C:\Applications\STM32CubeIDE\ECSE444_Workspace\Lab1_444\Core\Lib\libarm_cortexM4lf_math.a(arm_cos_f32.o)

.debug_ranges   0x00000000       0x20
 .debug_ranges  0x00000000       0x10 C:\Applications\STM32CubeIDE\ECSE444_Workspace\Lab1_444\Core\Lib\libarm_cortexM4lf_math.a(arm_sin_f32.o)
 .debug_ranges  0x00000010       0x10 C:\Applications\STM32CubeIDE\ECSE444_Workspace\Lab1_444\Core\Lib\libarm_cortexM4lf_math.a(arm_cos_f32.o)
